2025-04-07 23:33:13,466 - __main__ - INFO - í”„ë¡œê·¸ë¨ ì´ˆê¸°í™” ì™„ë£Œ
2025-04-07 23:33:15,560 - data_collector - ERROR - Error collecting gainers data: Missing optional dependency 'lxml'.  Use pip or conda to install lxml.
2025-04-07 23:33:19,599 - data_collector - ERROR - Error collecting losers data: Missing optional dependency 'lxml'.  Use pip or conda to install lxml.
2025-04-07 23:33:20,989 - data_collector - ERROR - Error collecting most_active data: Missing optional dependency 'lxml'.  Use pip or conda to install lxml.
2025-04-07 23:33:22,464 - data_collector - ERROR - Error collecting top_etfs data: Missing optional dependency 'lxml'.  Use pip or conda to install lxml.
2025-04-07 23:33:29,682 - market_analyzer - ERROR - DeepSeek API error: {"error":{"message":"Authentication Fails, Your api key: None is invalid","type":"authentication_error","param":null,"code":"invalid_request_error"}}
2025-04-07 23:35:32,613 - __main__ - INFO - í”„ë¡œê·¸ë¨ ì´ˆê¸°í™” ì™„ë£Œ
2025-04-07 23:35:33,920 - data_collector - ERROR - Error collecting gainers data: "['Price (Intraday)', '% Change'] not in index"
2025-04-07 23:35:35,655 - data_collector - ERROR - Error collecting losers data: "['Price (Intraday)', '% Change'] not in index"
2025-04-07 23:35:37,700 - data_collector - ERROR - Error collecting most_active data: "['Price (Intraday)', '% Change'] not in index"
2025-04-07 23:35:40,483 - data_collector - ERROR - Error collecting top_etfs data: "['Price (Intraday)', '% Change'] not in index"
2025-04-07 23:36:33,484 - __main__ - INFO - í”„ë¡œê·¸ë¨ ì´ˆê¸°í™” ì™„ë£Œ
2025-04-07 23:36:51,580 - market_analyzer - ERROR - DeepSeek API error: Failed to deserialize the JSON body into the target type: missing field `model` at line 1 column 1025
2025-04-07 23:38:56,196 - __main__ - INFO - í”„ë¡œê·¸ë¨ ì´ˆê¸°í™” ì™„ë£Œ
2025-04-07 23:39:08,885 - market_analyzer - ERROR - Error analyzing market data: 'Change %'
2025-04-07 23:39:51,108 - __main__ - INFO - í”„ë¡œê·¸ë¨ ì´ˆê¸°í™” ì™„ë£Œ
2025-04-07 23:40:01,274 - market_analyzer - ERROR - Error preparing analysis data: 'Change'
2025-04-07 23:40:01,274 - market_analyzer - ERROR - Error analyzing market data: 'Change'
2025-04-07 23:45:58,072 - utils - INFO - í”„ë¡œê·¸ë¨ ì´ˆê¸°í™” ì™„ë£Œ
2025-04-07 23:47:05,413 - market_analyzer - ERROR - Error calling DeepSeek API: HTTPSConnectionPool(host='api.deepseek.com', port=443): Read timed out.
Traceback (most recent call last):
  File "C:\Users\tpdud\AppData\Local\Packages\PythonSoftwareFoundation.Python.3.11_qbz5n2kfra8p0\LocalCache\local-packages\Python311\site-packages\urllib3\response.py", line 754, in _error_catcher
    yield
  File "C:\Users\tpdud\AppData\Local\Packages\PythonSoftwareFoundation.Python.3.11_qbz5n2kfra8p0\LocalCache\local-packages\Python311\site-packages\urllib3\response.py", line 1219, in read_chunked
    self._update_chunk_length()
  File "C:\Users\tpdud\AppData\Local\Packages\PythonSoftwareFoundation.Python.3.11_qbz5n2kfra8p0\LocalCache\local-packages\Python311\site-packages\urllib3\response.py", line 1138, in _update_chunk_length
    line = self._fp.fp.readline()  # type: ignore[union-attr]
           ^^^^^^^^^^^^^^^^^^^^^^
  File "C:\Program Files\WindowsApps\PythonSoftwareFoundation.Python.3.11_3.11.2544.0_x64__qbz5n2kfra8p0\Lib\socket.py", line 706, in readinto
    return self._sock.recv_into(b)
           ^^^^^^^^^^^^^^^^^^^^^^^
  File "C:\Program Files\WindowsApps\PythonSoftwareFoundation.Python.3.11_3.11.2544.0_x64__qbz5n2kfra8p0\Lib\ssl.py", line 1314, in recv_into
    return self.read(nbytes, buffer)
           ^^^^^^^^^^^^^^^^^^^^^^^^^
  File "C:\Program Files\WindowsApps\PythonSoftwareFoundation.Python.3.11_3.11.2544.0_x64__qbz5n2kfra8p0\Lib\ssl.py", line 1166, in read
    return self._sslobj.read(len, buffer)
           ^^^^^^^^^^^^^^^^^^^^^^^^^^^^^^
TimeoutError: The read operation timed out

The above exception was the direct cause of the following exception:

Traceback (most recent call last):
  File "C:\Users\tpdud\AppData\Local\Packages\PythonSoftwareFoundation.Python.3.11_qbz5n2kfra8p0\LocalCache\local-packages\Python311\site-packages\requests\models.py", line 816, in generate
    yield from self.raw.stream(chunk_size, decode_content=True)
  File "C:\Users\tpdud\AppData\Local\Packages\PythonSoftwareFoundation.Python.3.11_qbz5n2kfra8p0\LocalCache\local-packages\Python311\site-packages\urllib3\response.py", line 1063, in stream
    yield from self.read_chunked(amt, decode_content=decode_content)
  File "C:\Users\tpdud\AppData\Local\Packages\PythonSoftwareFoundation.Python.3.11_qbz5n2kfra8p0\LocalCache\local-packages\Python311\site-packages\urllib3\response.py", line 1202, in read_chunked
    with self._error_catcher():
  File "C:\Program Files\WindowsApps\PythonSoftwareFoundation.Python.3.11_3.11.2544.0_x64__qbz5n2kfra8p0\Lib\contextlib.py", line 158, in __exit__
    self.gen.throw(typ, value, traceback)
  File "C:\Users\tpdud\AppData\Local\Packages\PythonSoftwareFoundation.Python.3.11_qbz5n2kfra8p0\LocalCache\local-packages\Python311\site-packages\urllib3\response.py", line 759, in _error_catcher
    raise ReadTimeoutError(self._pool, None, "Read timed out.") from e  # type: ignore[arg-type]
    ^^^^^^^^^^^^^^^^^^^^^^^^^^^^^^^^^^^^^^^^^^^^^^^^^^^^^^^^^^^^^^^^^^
urllib3.exceptions.ReadTimeoutError: HTTPSConnectionPool(host='api.deepseek.com', port=443): Read timed out.

During handling of the above exception, another exception occurred:

Traceback (most recent call last):
  File "c:\Users\tpdud\code\blog\blog\src\market_analyzer.py", line 226, in _get_deepseek_analysis
    response = requests.post(
               ^^^^^^^^^^^^^^
  File "C:\Users\tpdud\AppData\Local\Packages\PythonSoftwareFoundation.Python.3.11_qbz5n2kfra8p0\LocalCache\local-packages\Python311\site-packages\requests\api.py", line 115, in post
    return request("post", url, data=data, json=json, **kwargs)
           ^^^^^^^^^^^^^^^^^^^^^^^^^^^^^^^^^^^^^^^^^^^^^^^^^^^^
  File "C:\Users\tpdud\AppData\Local\Packages\PythonSoftwareFoundation.Python.3.11_qbz5n2kfra8p0\LocalCache\local-packages\Python311\site-packages\requests\api.py", line 59, in request
    return session.request(method=method, url=url, **kwargs)
           ^^^^^^^^^^^^^^^^^^^^^^^^^^^^^^^^^^^^^^^^^^^^^^^^^
  File "C:\Users\tpdud\AppData\Local\Packages\PythonSoftwareFoundation.Python.3.11_qbz5n2kfra8p0\LocalCache\local-packages\Python311\site-packages\requests\sessions.py", line 589, in request
    resp = self.send(prep, **send_kwargs)
           ^^^^^^^^^^^^^^^^^^^^^^^^^^^^^^
  File "C:\Users\tpdud\AppData\Local\Packages\PythonSoftwareFoundation.Python.3.11_qbz5n2kfra8p0\LocalCache\local-packages\Python311\site-packages\requests\sessions.py", line 747, in send
    r.content
  File "C:\Users\tpdud\AppData\Local\Packages\PythonSoftwareFoundation.Python.3.11_qbz5n2kfra8p0\LocalCache\local-packages\Python311\site-packages\requests\models.py", line 899, in content
    self._content = b"".join(self.iter_content(CONTENT_CHUNK_SIZE)) or b""
                    ^^^^^^^^^^^^^^^^^^^^^^^^^^^^^^^^^^^^^^^^^^^^^^^
  File "C:\Users\tpdud\AppData\Local\Packages\PythonSoftwareFoundation.Python.3.11_qbz5n2kfra8p0\LocalCache\local-packages\Python311\site-packages\requests\models.py", line 822, in generate
    raise ConnectionError(e)
requests.exceptions.ConnectionError: HTTPSConnectionPool(host='api.deepseek.com', port=443): Read timed out.
2025-04-07 23:48:46,261 - utils - INFO - í”„ë¡œê·¸ë¨ ì´ˆê¸°í™” ì™„ë£Œ
2025-04-07 23:50:36,109 - market_analyzer - ERROR - API í˜¸ì¶œ ì˜¤ë¥˜ (ì‹œë„ 1): HTTPSConnectionPool(host='api.deepseek.com', port=443): Read timed out.
Traceback (most recent call last):
  File "C:\Users\tpdud\AppData\Local\Packages\PythonSoftwareFoundation.Python.3.11_qbz5n2kfra8p0\LocalCache\local-packages\Python311\site-packages\urllib3\response.py", line 754, in _error_catcher
    yield
  File "C:\Users\tpdud\AppData\Local\Packages\PythonSoftwareFoundation.Python.3.11_qbz5n2kfra8p0\LocalCache\local-packages\Python311\site-packages\urllib3\response.py", line 1219, in read_chunked
    self._update_chunk_length()
  File "C:\Users\tpdud\AppData\Local\Packages\PythonSoftwareFoundation.Python.3.11_qbz5n2kfra8p0\LocalCache\local-packages\Python311\site-packages\urllib3\response.py", line 1138, in _update_chunk_length
    line = self._fp.fp.readline()  # type: ignore[union-attr]
           ^^^^^^^^^^^^^^^^^^^^^^
  File "C:\Program Files\WindowsApps\PythonSoftwareFoundation.Python.3.11_3.11.2544.0_x64__qbz5n2kfra8p0\Lib\socket.py", line 706, in readinto
    return self._sock.recv_into(b)
           ^^^^^^^^^^^^^^^^^^^^^^^
  File "C:\Program Files\WindowsApps\PythonSoftwareFoundation.Python.3.11_3.11.2544.0_x64__qbz5n2kfra8p0\Lib\ssl.py", line 1314, in recv_into
    return self.read(nbytes, buffer)
           ^^^^^^^^^^^^^^^^^^^^^^^^^
  File "C:\Program Files\WindowsApps\PythonSoftwareFoundation.Python.3.11_3.11.2544.0_x64__qbz5n2kfra8p0\Lib\ssl.py", line 1166, in read
    return self._sslobj.read(len, buffer)
           ^^^^^^^^^^^^^^^^^^^^^^^^^^^^^^
TimeoutError: The read operation timed out

The above exception was the direct cause of the following exception:

Traceback (most recent call last):
  File "C:\Users\tpdud\AppData\Local\Packages\PythonSoftwareFoundation.Python.3.11_qbz5n2kfra8p0\LocalCache\local-packages\Python311\site-packages\requests\models.py", line 816, in generate
    yield from self.raw.stream(chunk_size, decode_content=True)
  File "C:\Users\tpdud\AppData\Local\Packages\PythonSoftwareFoundation.Python.3.11_qbz5n2kfra8p0\LocalCache\local-packages\Python311\site-packages\urllib3\response.py", line 1063, in stream
    yield from self.read_chunked(amt, decode_content=decode_content)
  File "C:\Users\tpdud\AppData\Local\Packages\PythonSoftwareFoundation.Python.3.11_qbz5n2kfra8p0\LocalCache\local-packages\Python311\site-packages\urllib3\response.py", line 1202, in read_chunked
    with self._error_catcher():
  File "C:\Program Files\WindowsApps\PythonSoftwareFoundation.Python.3.11_3.11.2544.0_x64__qbz5n2kfra8p0\Lib\contextlib.py", line 158, in __exit__
    self.gen.throw(typ, value, traceback)
  File "C:\Users\tpdud\AppData\Local\Packages\PythonSoftwareFoundation.Python.3.11_qbz5n2kfra8p0\LocalCache\local-packages\Python311\site-packages\urllib3\response.py", line 759, in _error_catcher
    raise ReadTimeoutError(self._pool, None, "Read timed out.") from e  # type: ignore[arg-type]
    ^^^^^^^^^^^^^^^^^^^^^^^^^^^^^^^^^^^^^^^^^^^^^^^^^^^^^^^^^^^^^^^^^^
urllib3.exceptions.ReadTimeoutError: HTTPSConnectionPool(host='api.deepseek.com', port=443): Read timed out.

During handling of the above exception, another exception occurred:

Traceback (most recent call last):
  File "c:\Users\tpdud\code\blog\blog\src\market_analyzer.py", line 227, in _get_deepseek_analysis
    response = requests.post(
               ^^^^^^^^^^^^^^
  File "C:\Users\tpdud\AppData\Local\Packages\PythonSoftwareFoundation.Python.3.11_qbz5n2kfra8p0\LocalCache\local-packages\Python311\site-packages\requests\api.py", line 115, in post
    return request("post", url, data=data, json=json, **kwargs)
           ^^^^^^^^^^^^^^^^^^^^^^^^^^^^^^^^^^^^^^^^^^^^^^^^^^^^
  File "C:\Users\tpdud\AppData\Local\Packages\PythonSoftwareFoundation.Python.3.11_qbz5n2kfra8p0\LocalCache\local-packages\Python311\site-packages\requests\api.py", line 59, in request
    return session.request(method=method, url=url, **kwargs)
           ^^^^^^^^^^^^^^^^^^^^^^^^^^^^^^^^^^^^^^^^^^^^^^^^^
  File "C:\Users\tpdud\AppData\Local\Packages\PythonSoftwareFoundation.Python.3.11_qbz5n2kfra8p0\LocalCache\local-packages\Python311\site-packages\requests\sessions.py", line 589, in request
    resp = self.send(prep, **send_kwargs)
           ^^^^^^^^^^^^^^^^^^^^^^^^^^^^^^
  File "C:\Users\tpdud\AppData\Local\Packages\PythonSoftwareFoundation.Python.3.11_qbz5n2kfra8p0\LocalCache\local-packages\Python311\site-packages\requests\sessions.py", line 747, in send
    r.content
  File "C:\Users\tpdud\AppData\Local\Packages\PythonSoftwareFoundation.Python.3.11_qbz5n2kfra8p0\LocalCache\local-packages\Python311\site-packages\requests\models.py", line 899, in content
    self._content = b"".join(self.iter_content(CONTENT_CHUNK_SIZE)) or b""
                    ^^^^^^^^^^^^^^^^^^^^^^^^^^^^^^^^^^^^^^^^^^^^^^^
  File "C:\Users\tpdud\AppData\Local\Packages\PythonSoftwareFoundation.Python.3.11_qbz5n2kfra8p0\LocalCache\local-packages\Python311\site-packages\requests\models.py", line 822, in generate
    raise ConnectionError(e)
requests.exceptions.ConnectionError: HTTPSConnectionPool(host='api.deepseek.com', port=443): Read timed out.
2025-04-07 23:52:40,592 - WDM - INFO - ====== WebDriver manager ======
2025-04-07 23:52:41,382 - WDM - INFO - Get LATEST chromedriver version for google-chrome
2025-04-07 23:52:41,723 - WDM - INFO - Get LATEST chromedriver version for google-chrome
2025-04-07 23:52:42,018 - WDM - INFO - There is no [win64] chromedriver "134.0.6998.165" for browser google-chrome "134.0.6998" in cache
2025-04-07 23:52:42,018 - WDM - INFO - Get LATEST chromedriver version for google-chrome
2025-04-07 23:52:42,729 - WDM - INFO - WebDriver version 134.0.6998.165 selected
2025-04-07 23:52:42,729 - WDM - INFO - Modern chrome version https://storage.googleapis.com/chrome-for-testing-public/134.0.6998.165/win32/chromedriver-win32.zip
2025-04-07 23:52:42,729 - WDM - INFO - About to download new driver from https://storage.googleapis.com/chrome-for-testing-public/134.0.6998.165/win32/chromedriver-win32.zip
2025-04-07 23:52:43,158 - WDM - INFO - Driver downloading response is 200
2025-04-07 23:52:45,523 - WDM - INFO - Get LATEST chromedriver version for google-chrome
2025-04-07 23:52:46,654 - WDM - INFO - Driver has been saved in cache [C:\Users\tpdud\.wdm\drivers\chromedriver\win64\134.0.6998.165]
2025-04-07 23:53:01,157 - utils - ERROR - ë„¤ì´ë²„ ë¡œê·¸ì¸ ì‹¤íŒ¨
2025-04-07 23:56:26,903 - utils - INFO - í”„ë¡œê·¸ë¨ ì´ˆê¸°í™” ì™„ë£Œ
2025-04-07 23:57:28,984 - utils - INFO - í”„ë¡œê·¸ë¨ ì´ˆê¸°í™” ì™„ë£Œ
2025-04-08 00:01:05,136 - WDM - INFO - ====== WebDriver manager ======
2025-04-08 00:01:05,942 - WDM - INFO - Get LATEST chromedriver version for google-chrome
2025-04-08 00:01:06,272 - WDM - INFO - Get LATEST chromedriver version for google-chrome
2025-04-08 00:01:06,640 - WDM - INFO - Get LATEST chromedriver version for google-chrome
2025-04-08 00:01:07,424 - WDM - INFO - WebDriver version 134.0.6998.165 selected
2025-04-08 00:01:07,435 - WDM - INFO - Modern chrome version https://storage.googleapis.com/chrome-for-testing-public/134.0.6998.165/win32/chromedriver-win32.zip
2025-04-08 00:01:07,435 - WDM - INFO - About to download new driver from https://storage.googleapis.com/chrome-for-testing-public/134.0.6998.165/win32/chromedriver-win32.zip
2025-04-08 00:01:07,843 - WDM - INFO - Driver downloading response is 200
2025-04-08 00:01:10,915 - WDM - INFO - Get LATEST chromedriver version for google-chrome
2025-04-08 00:01:11,356 - WDM - INFO - Driver has been saved in cache [C:\Users\tpdud\.wdm\drivers\chromedriver\win64\134.0.6998.165]
2025-04-08 00:02:42,098 - urllib3.connectionpool - WARNING - Retrying (Retry(total=2, connect=None, read=None, redirect=None, status=None)) after connection broken by 'ConnectionResetError(10054, 'í˜„ì¬ ì—°ê²°ì€ ì›ê²© í˜¸ìŠ¤íŠ¸ì— ì˜í•´ ê°•ì œë¡œ ëŠê²¼ìŠµë‹ˆë‹¤', None, 10054, None)': /session/f9bac317b943fe6f4730a496bf2fe244
2025-04-08 00:02:56,371 - utils - INFO - í”„ë¡œê·¸ë¨ ì´ˆê¸°í™” ì™„ë£Œ
2025-04-08 00:04:48,175 - market_analyzer - ERROR - API í˜¸ì¶œ ì˜¤ë¥˜ (ì‹œë„ 1): HTTPSConnectionPool(host='api.deepseek.com', port=443): Read timed out.
Traceback (most recent call last):
  File "C:\Users\tpdud\AppData\Local\Packages\PythonSoftwareFoundation.Python.3.11_qbz5n2kfra8p0\LocalCache\local-packages\Python311\site-packages\urllib3\response.py", line 754, in _error_catcher
    yield
  File "C:\Users\tpdud\AppData\Local\Packages\PythonSoftwareFoundation.Python.3.11_qbz5n2kfra8p0\LocalCache\local-packages\Python311\site-packages\urllib3\response.py", line 1219, in read_chunked
    self._update_chunk_length()
  File "C:\Users\tpdud\AppData\Local\Packages\PythonSoftwareFoundation.Python.3.11_qbz5n2kfra8p0\LocalCache\local-packages\Python311\site-packages\urllib3\response.py", line 1138, in _update_chunk_length
    line = self._fp.fp.readline()  # type: ignore[union-attr]
           ^^^^^^^^^^^^^^^^^^^^^^
  File "C:\Program Files\WindowsApps\PythonSoftwareFoundation.Python.3.11_3.11.2544.0_x64__qbz5n2kfra8p0\Lib\socket.py", line 706, in readinto
    return self._sock.recv_into(b)
           ^^^^^^^^^^^^^^^^^^^^^^^
  File "C:\Program Files\WindowsApps\PythonSoftwareFoundation.Python.3.11_3.11.2544.0_x64__qbz5n2kfra8p0\Lib\ssl.py", line 1314, in recv_into
    return self.read(nbytes, buffer)
           ^^^^^^^^^^^^^^^^^^^^^^^^^
  File "C:\Program Files\WindowsApps\PythonSoftwareFoundation.Python.3.11_3.11.2544.0_x64__qbz5n2kfra8p0\Lib\ssl.py", line 1166, in read
    return self._sslobj.read(len, buffer)
           ^^^^^^^^^^^^^^^^^^^^^^^^^^^^^^
TimeoutError: The read operation timed out

The above exception was the direct cause of the following exception:

Traceback (most recent call last):
  File "C:\Users\tpdud\AppData\Local\Packages\PythonSoftwareFoundation.Python.3.11_qbz5n2kfra8p0\LocalCache\local-packages\Python311\site-packages\requests\models.py", line 816, in generate
    yield from self.raw.stream(chunk_size, decode_content=True)
  File "C:\Users\tpdud\AppData\Local\Packages\PythonSoftwareFoundation.Python.3.11_qbz5n2kfra8p0\LocalCache\local-packages\Python311\site-packages\urllib3\response.py", line 1063, in stream
    yield from self.read_chunked(amt, decode_content=decode_content)
  File "C:\Users\tpdud\AppData\Local\Packages\PythonSoftwareFoundation.Python.3.11_qbz5n2kfra8p0\LocalCache\local-packages\Python311\site-packages\urllib3\response.py", line 1202, in read_chunked
    with self._error_catcher():
  File "C:\Program Files\WindowsApps\PythonSoftwareFoundation.Python.3.11_3.11.2544.0_x64__qbz5n2kfra8p0\Lib\contextlib.py", line 158, in __exit__
    self.gen.throw(typ, value, traceback)
  File "C:\Users\tpdud\AppData\Local\Packages\PythonSoftwareFoundation.Python.3.11_qbz5n2kfra8p0\LocalCache\local-packages\Python311\site-packages\urllib3\response.py", line 759, in _error_catcher
    raise ReadTimeoutError(self._pool, None, "Read timed out.") from e  # type: ignore[arg-type]
    ^^^^^^^^^^^^^^^^^^^^^^^^^^^^^^^^^^^^^^^^^^^^^^^^^^^^^^^^^^^^^^^^^^
urllib3.exceptions.ReadTimeoutError: HTTPSConnectionPool(host='api.deepseek.com', port=443): Read timed out.

During handling of the above exception, another exception occurred:

Traceback (most recent call last):
  File "c:\Users\tpdud\code\blog\blog\src\market_analyzer.py", line 254, in _get_deepseek_analysis
    response = requests.post(
               ^^^^^^^^^^^^^^
  File "C:\Users\tpdud\AppData\Local\Packages\PythonSoftwareFoundation.Python.3.11_qbz5n2kfra8p0\LocalCache\local-packages\Python311\site-packages\requests\api.py", line 115, in post
    return request("post", url, data=data, json=json, **kwargs)
           ^^^^^^^^^^^^^^^^^^^^^^^^^^^^^^^^^^^^^^^^^^^^^^^^^^^^
  File "C:\Users\tpdud\AppData\Local\Packages\PythonSoftwareFoundation.Python.3.11_qbz5n2kfra8p0\LocalCache\local-packages\Python311\site-packages\requests\api.py", line 59, in request
    return session.request(method=method, url=url, **kwargs)
           ^^^^^^^^^^^^^^^^^^^^^^^^^^^^^^^^^^^^^^^^^^^^^^^^^
  File "C:\Users\tpdud\AppData\Local\Packages\PythonSoftwareFoundation.Python.3.11_qbz5n2kfra8p0\LocalCache\local-packages\Python311\site-packages\requests\sessions.py", line 589, in request
    resp = self.send(prep, **send_kwargs)
           ^^^^^^^^^^^^^^^^^^^^^^^^^^^^^^
  File "C:\Users\tpdud\AppData\Local\Packages\PythonSoftwareFoundation.Python.3.11_qbz5n2kfra8p0\LocalCache\local-packages\Python311\site-packages\requests\sessions.py", line 747, in send
    r.content
  File "C:\Users\tpdud\AppData\Local\Packages\PythonSoftwareFoundation.Python.3.11_qbz5n2kfra8p0\LocalCache\local-packages\Python311\site-packages\requests\models.py", line 899, in content
    self._content = b"".join(self.iter_content(CONTENT_CHUNK_SIZE)) or b""
                    ^^^^^^^^^^^^^^^^^^^^^^^^^^^^^^^^^^^^^^^^^^^^^^^
  File "C:\Users\tpdud\AppData\Local\Packages\PythonSoftwareFoundation.Python.3.11_qbz5n2kfra8p0\LocalCache\local-packages\Python311\site-packages\requests\models.py", line 822, in generate
    raise ConnectionError(e)
requests.exceptions.ConnectionError: HTTPSConnectionPool(host='api.deepseek.com', port=443): Read timed out.
2025-04-08 00:06:18,454 - WDM - INFO - ====== WebDriver manager ======
2025-04-08 00:06:19,266 - WDM - INFO - Get LATEST chromedriver version for google-chrome
2025-04-08 00:06:19,761 - WDM - INFO - Get LATEST chromedriver version for google-chrome
2025-04-08 00:06:20,089 - WDM - INFO - Driver [C:\Users\tpdud\.wdm\drivers\chromedriver\win64\134.0.6998.165\chromedriver-win32/chromedriver.exe] found in cache
2025-04-08 00:07:14,077 - blog_poster - ERROR - Failed to create post: Message: 
Stacktrace:
	GetHandleVerifier [0x004AC7F3+24435]
	(No symbol) [0x00432074]
	(No symbol) [0x003006E3]
	(No symbol) [0x00348B39]
	(No symbol) [0x00348E8B]
	(No symbol) [0x00391AC2]
	(No symbol) [0x0036D804]
	(No symbol) [0x0038F20A]
	(No symbol) [0x0036D5B6]
	(No symbol) [0x0033C54F]
	(No symbol) [0x0033D894]
	GetHandleVerifier [0x007B70A3+3213347]
	GetHandleVerifier [0x007CB0C9+3295305]
	GetHandleVerifier [0x007C558C+3271948]
	GetHandleVerifier [0x00547360+658144]
	(No symbol) [0x0043B27D]
	(No symbol) [0x00438208]
	(No symbol) [0x004383A9]
	(No symbol) [0x0042AAC0]
	BaseThreadInitThunk [0x75255D49+25]
	RtlInitializeExceptionChain [0x772FCE3B+107]
	RtlGetAppContainerNamedObjectPath [0x772FCDC1+561]
Traceback (most recent call last):
  File "c:\Users\tpdud\code\blog\blog\src\blog_poster.py", line 176, in create_post
    if para.strip():
  File "C:\Users\tpdud\AppData\Local\Packages\PythonSoftwareFoundation.Python.3.11_qbz5n2kfra8p0\LocalCache\local-packages\Python311\site-packages\selenium\webdriver\support\wait.py", line 105, in until
    raise TimeoutException(message, screen, stacktrace)
selenium.common.exceptions.TimeoutException: Message: 
Stacktrace:
	GetHandleVerifier [0x004AC7F3+24435]
	(No symbol) [0x00432074]
	(No symbol) [0x003006E3]
	(No symbol) [0x00348B39]
	(No symbol) [0x00348E8B]
	(No symbol) [0x00391AC2]
	(No symbol) [0x0036D804]
	(No symbol) [0x0038F20A]
	(No symbol) [0x0036D5B6]
	(No symbol) [0x0033C54F]
	(No symbol) [0x0033D894]
	GetHandleVerifier [0x007B70A3+3213347]
	GetHandleVerifier [0x007CB0C9+3295305]
	GetHandleVerifier [0x007C558C+3271948]
	GetHandleVerifier [0x00547360+658144]
	(No symbol) [0x0043B27D]
	(No symbol) [0x00438208]
	(No symbol) [0x004383A9]
	(No symbol) [0x0042AAC0]
	BaseThreadInitThunk [0x75255D49+25]
	RtlInitializeExceptionChain [0x772FCE3B+107]
	RtlGetAppContainerNamedObjectPath [0x772FCDC1+561]

2025-04-08 00:07:14,079 - utils - ERROR - ë¸”ë¡œê·¸ í¬ìŠ¤íŒ… ì‹¤íŒ¨
2025-04-08 00:08:47,193 - utils - INFO - í”„ë¡œê·¸ë¨ ì´ˆê¸°í™” ì™„ë£Œ
2025-04-08 00:10:43,775 - utils - INFO - í”„ë¡œê·¸ë¨ ì´ˆê¸°í™” ì™„ë£Œ
2025-04-08 00:12:01,905 - utils - INFO - í”„ë¡œê·¸ë¨ ì´ˆê¸°í™” ì™„ë£Œ
2025-04-08 00:13:38,973 - utils - INFO - í”„ë¡œê·¸ë¨ ì´ˆê¸°í™” ì™„ë£Œ
2025-04-08 00:15:54,544 - market_analyzer - ERROR - ì‹œì¥ ë¶„ì„ ì¤‘ ì˜¤ë¥˜ ë°œìƒ: 'MarketAnalyzer' object has no attribute 'format_blog_content'
Traceback (most recent call last):
  File "c:\Users\tpdud\code\blog\blog\src\market_analyzer.py", line 61, in analyze_market_trend
    formatted_analysis = self.format_blog_content(analysis)
                         ^^^^^^^^^^^^^^^^^^^^^^^^
AttributeError: 'MarketAnalyzer' object has no attribute 'format_blog_content'
2025-04-08 00:15:54,557 - WDM - INFO - ====== WebDriver manager ======
2025-04-08 00:15:55,324 - WDM - INFO - Get LATEST chromedriver version for google-chrome
2025-04-08 00:15:55,645 - WDM - INFO - Get LATEST chromedriver version for google-chrome
2025-04-08 00:15:55,961 - WDM - INFO - Driver [C:\Users\tpdud\.wdm\drivers\chromedriver\win64\134.0.6998.165\chromedriver-win32/chromedriver.exe] found in cache
2025-04-08 00:16:27,120 - blog_poster - ERROR - Failed to create post: Message: 
Stacktrace:
	GetHandleVerifier [0x004AC7F3+24435]
	(No symbol) [0x00432074]
	(No symbol) [0x003006E3]
	(No symbol) [0x00348B39]
	(No symbol) [0x00348E8B]
	(No symbol) [0x00391AC2]
	(No symbol) [0x0036D804]
	(No symbol) [0x0038F20A]
	(No symbol) [0x0036D5B6]
	(No symbol) [0x0033C54F]
	(No symbol) [0x0033D894]
	GetHandleVerifier [0x007B70A3+3213347]
	GetHandleVerifier [0x007CB0C9+3295305]
	GetHandleVerifier [0x007C558C+3271948]
	GetHandleVerifier [0x00547360+658144]
	(No symbol) [0x0043B27D]
	(No symbol) [0x00438208]
	(No symbol) [0x004383A9]
	(No symbol) [0x0042AAC0]
	BaseThreadInitThunk [0x75255D49+25]
	RtlInitializeExceptionChain [0x772FCE3B+107]
	RtlGetAppContainerNamedObjectPath [0x772FCDC1+561]

2025-04-08 00:16:27,120 - utils - ERROR - ë¸”ë¡œê·¸ í¬ìŠ¤íŒ… ì‹¤íŒ¨
2025-04-08 00:17:39,763 - utils - INFO - í”„ë¡œê·¸ë¨ ì´ˆê¸°í™” ì™„ë£Œ
2025-04-08 00:19:14,720 - market_analyzer - ERROR - ì‹œì¥ ë¶„ì„ ì¤‘ ì˜¤ë¥˜ ë°œìƒ: 'MarketAnalyzer' object has no attribute 'format_blog_content'
Traceback (most recent call last):
  File "c:\Users\tpdud\code\blog\blog\src\market_analyzer.py", line 61, in analyze_market_trend
    formatted_analysis = self.format_blog_content(analysis)
                         ^^^^^^^^^^^^^^^^^^^^^^^^
AttributeError: 'MarketAnalyzer' object has no attribute 'format_blog_content'
2025-04-08 00:19:14,720 - WDM - INFO - ====== WebDriver manager ======
2025-04-08 00:19:15,551 - WDM - INFO - Get LATEST chromedriver version for google-chrome
2025-04-08 00:19:15,870 - WDM - INFO - Get LATEST chromedriver version for google-chrome
2025-04-08 00:19:16,176 - WDM - INFO - Driver [C:\Users\tpdud\.wdm\drivers\chromedriver\win64\134.0.6998.165\chromedriver-win32/chromedriver.exe] found in cache
2025-04-08 00:19:40,509 - blog_poster - WARNING - iframe ì „í™˜ ì‹¤íŒ¨: Message: 
Stacktrace:
	GetHandleVerifier [0x004AC7F3+24435]
	(No symbol) [0x00432074]
	(No symbol) [0x003006E3]
	(No symbol) [0x00348B39]
	(No symbol) [0x00348E8B]
	(No symbol) [0x00391AC2]
	(No symbol) [0x0036D804]
	(No symbol) [0x0038F20A]
	(No symbol) [0x0036D5B6]
	(No symbol) [0x0033C54F]
	(No symbol) [0x0033D894]
	GetHandleVerifier [0x007B70A3+3213347]
	GetHandleVerifier [0x007CB0C9+3295305]
	GetHandleVerifier [0x007C558C+3271948]
	GetHandleVerifier [0x00547360+658144]
	(No symbol) [0x0043B27D]
	(No symbol) [0x00438208]
	(No symbol) [0x004383A9]
	(No symbol) [0x0042AAC0]
	BaseThreadInitThunk [0x75255D49+25]
	RtlInitializeExceptionChain [0x772FCE3B+107]
	RtlGetAppContainerNamedObjectPath [0x772FCDC1+561]

2025-04-08 00:19:55,782 - blog_poster - WARNING - ì œëª© ì…ë ¥ í•„ë“œë¥¼ ì°¾ì„ ìˆ˜ ì—†ìŠµë‹ˆë‹¤
2025-04-08 00:20:19,351 - blog_poster - ERROR - ë°œí–‰ ë²„íŠ¼ì„ ì°¾ì„ ìˆ˜ ì—†ìŠµë‹ˆë‹¤
2025-04-08 00:20:19,351 - utils - ERROR - ë¸”ë¡œê·¸ í¬ìŠ¤íŒ… ì‹¤íŒ¨
2025-04-08 00:22:34,894 - utils - INFO - í”„ë¡œê·¸ë¨ ì´ˆê¸°í™” ì™„ë£Œ
2025-04-08 00:24:06,610 - WDM - INFO - ====== WebDriver manager ======
2025-04-08 00:24:07,422 - WDM - INFO - Get LATEST chromedriver version for google-chrome
2025-04-08 00:24:07,771 - WDM - INFO - Get LATEST chromedriver version for google-chrome
2025-04-08 00:24:08,093 - WDM - INFO - Driver [C:\Users\tpdud\.wdm\drivers\chromedriver\win64\134.0.6998.165\chromedriver-win32/chromedriver.exe] found in cache
2025-04-08 00:24:32,300 - blog_poster - WARNING - iframe ì „í™˜ ì‹¤íŒ¨: Message: 
Stacktrace:
	GetHandleVerifier [0x004AC7F3+24435]
	(No symbol) [0x00432074]
	(No symbol) [0x003006E3]
	(No symbol) [0x00348B39]
	(No symbol) [0x00348E8B]
	(No symbol) [0x00391AC2]
	(No symbol) [0x0036D804]
	(No symbol) [0x0038F20A]
	(No symbol) [0x0036D5B6]
	(No symbol) [0x0033C54F]
	(No symbol) [0x0033D894]
	GetHandleVerifier [0x007B70A3+3213347]
	GetHandleVerifier [0x007CB0C9+3295305]
	GetHandleVerifier [0x007C558C+3271948]
	GetHandleVerifier [0x00547360+658144]
	(No symbol) [0x0043B27D]
	(No symbol) [0x00438208]
	(No symbol) [0x004383A9]
	(No symbol) [0x0042AAC0]
	BaseThreadInitThunk [0x75255D49+25]
	RtlInitializeExceptionChain [0x772FCE3B+107]
	RtlGetAppContainerNamedObjectPath [0x772FCDC1+561]

2025-04-08 00:24:47,559 - blog_poster - WARNING - ì œëª© ì…ë ¥ í•„ë“œë¥¼ ì°¾ì„ ìˆ˜ ì—†ìŠµë‹ˆë‹¤
2025-04-08 00:25:11,090 - blog_poster - ERROR - ë°œí–‰ ë²„íŠ¼ì„ ì°¾ì„ ìˆ˜ ì—†ìŠµë‹ˆë‹¤
2025-04-08 00:25:11,090 - utils - ERROR - ë¸”ë¡œê·¸ í¬ìŠ¤íŒ… ì‹¤íŒ¨
2025-04-08 01:11:25,074 - utils - INFO - í”„ë¡œê·¸ë¨ ì´ˆê¸°í™” ì™„ë£Œ
2025-04-08 01:12:59,069 - WDM - INFO - ====== WebDriver manager ======
2025-04-08 01:12:59,834 - WDM - INFO - Get LATEST chromedriver version for google-chrome
2025-04-08 01:13:00,143 - WDM - INFO - Get LATEST chromedriver version for google-chrome
2025-04-08 01:13:00,469 - WDM - INFO - Driver [C:\Users\tpdud\.wdm\drivers\chromedriver\win64\134.0.6998.165\chromedriver-win32/chromedriver.exe] found in cache
2025-04-08 01:13:47,541 - utils - INFO - ë¸”ë¡œê·¸ í¬ìŠ¤íŒ… ì„±ê³µ: [ì‹œì¥ë¶„ì„] ì†Œë¹„ì¬ ê°•ì„¸Â·í…Œí¬ ì•½ì„¸ ë¶„í™” ì§€ì†â€¦ä¸­ ê²½ê¸° ë°˜ë“±ì´ ë³€ìˆ˜  

**ë¶€ì œ**: RH ê¸‰ë“±ì€ í”„ë¦¬ë¯¸ì—„ ì†Œë¹„ íšŒë³µ ì‹ í˜¸, ë ˆë…¸ë²„ í•˜ë½ì—” ä¸­ ìˆ˜ìš” ë¶€ì§„ ì˜í–¥  

**í‚¤ì›Œë“œ**:  
- í”„ë¦¬ë¯¸ì—„ ì†Œë¹„ íŠ¸ë Œë“œ / PC ì‹œì¥ ì„±ì¥ë¥  í•˜í–¥  
- Fed ì‹ ì¤‘ ê¸°ì¡° / ì¤‘êµ­ ê²½ê¸° ë‘”í™” ë¦¬ìŠ¤í¬  
- í’ˆì§ˆì£¼ ì„ í˜¸(quality factor) / ë°©ì–´ì„± í¬íŠ¸í´ë¦¬ì˜¤  

**ì„¤ëª…**:  
1. **ì „ë¬¸ì„±** ë°˜ì˜  
   - "í’ˆì§ˆì£¼ ì„ í˜¸", "ë°©ì–´ì„± í¬íŠ¸í´ë¦¬ì˜¤" ë“± ì „ë¬¸ ìš©ì–´ í™œìš©  
   - Yahoo Finance ë°ì´í„°ë¥¼ ê·¼ê±°ë¡œ í•œ ì‚¬ì‹¤ì  ì„œìˆ   

2. **êµ¬ì¡°ì  ëª…í™•ì„±**  
   - ì£¼ì œ: ìƒìŠ¹/í•˜ë½ ì£¼ë„ì£¼ì˜ ì´ì¤‘ì  íë¦„ê³¼ ê±°ì‹œì  ë°°ê²½ ì—°ê²°  
   - ë¶€ì œì—ì„œ êµ¬ì²´ì  ì¢…ëª© ë™ì¸ ì œì‹œ  

3. **ê¸€ë¡œë²Œ ë§¥ë½** ê°•ì¡°  
   - ä¸­ ê²½ê¸° ë³€ìˆ˜ì™€ Fed ì •ì±…ì„ í‚¤ì›Œë“œë¡œ ë…¸ì¶œ  
   - ë‹¨ê¸°/ì¤‘ê¸° ì‹œì‚¬ì ì„ ì œëª©ê³¼ ë¶€ì œë¡œ ë¶„ë¦¬í•´ ê³„ì¸µí™”  

â€» ì°¸ê³ : ì œëª©ì€ 18ì(ë³¸ë¬¸), 25ì(ë¶€ì œ)ë¡œ ì „ë¬¸ ë§¤ì²´ì˜ í—¤ë“œë¼ì¸ ìŠ¤íƒ€ì¼ ì¤€ìˆ˜
2025-04-08 01:16:49,200 - utils - INFO - í”„ë¡œê·¸ë¨ ì´ˆê¸°í™” ì™„ë£Œ
2025-04-08 01:18:14,592 - WDM - INFO - ====== WebDriver manager ======
2025-04-08 01:18:15,358 - WDM - INFO - Get LATEST chromedriver version for google-chrome
2025-04-08 01:18:15,678 - WDM - INFO - Get LATEST chromedriver version for google-chrome
2025-04-08 01:18:15,981 - WDM - INFO - Driver [C:\Users\tpdud\.wdm\drivers\chromedriver\win64\134.0.6998.165\chromedriver-win32/chromedriver.exe] found in cache
2025-04-08 01:19:01,203 - utils - INFO - ë¸”ë¡œê·¸ í¬ìŠ¤íŒ… ì„±ê³µ: **ë©”ì¸ ì œëª©**:  
"RYTM ê°•ì„¸Â·LNVGY ì•½ì„¸â€¦ê¸ˆë¦¬ ê¸‰ë“±ì— í…Œí¬æ ª í”ë“¤"  

**ë¶€ì œëª©**:  
"ç¾ ADP ê³ ìš©â†‘ë¡œ Fed ê¸´ì¶• ìš°ë ¤ í™•ëŒ€â€¦í—¬ìŠ¤ì¼€ì–´Â·ë””íœì‹œë¸Œæ ª ê´€ì‹¬â†‘"  

**ì„¤ëª…**:  
- ë©”ì¸ ì œëª©ì€ 15ì ë‚´ì™¸ë¡œ ì£¼ìš” ì£¼ê°€ ë™í–¥(RYTM/LNVGY)ê³¼ ê¸ˆë¦¬ ë³€ë™ì„±(í…Œí¬æ ª ì˜í–¥)ì„ ì••ì¶•í•´ ê°•ì¡°í–ˆìŠµë‹ˆë‹¤.  
- ë¶€ì œëª©ì€ ê±°ì‹œì  ë°°ê²½(ADP ê³ ìš©â†’Fed ê¸´ì¶•)ê³¼ ì¤‘ê¸° ì „ëµ(ì„¹í„° ë¡œí…Œì´ì…˜ í•„ìš”ì„±)ì„ êµ¬ì²´í™”í–ˆìœ¼ë©°, ì „ë¬¸ ìš©ì–´(ADP, ë””íœì‹œë¸Œ)ëŠ” ì‹œì¥ ì°¸ì—¬ì ì´í•´ë„ì— ë§ì¶° ì‚¬ìš©í–ˆìŠµë‹ˆë‹¤.  
- ê°ì •ì  í‘œí˜„ ì—†ì´ íŒ©íŠ¸ ì¤‘ì‹¬ êµ¬ì„±í–ˆìœ¼ë©°, ì˜ˆì‹œì™€ ë™ì¼í•œ í˜•ì‹(ì£¼ìš” ë™ì¸â†’ë§¥ë½â†’ì‹œì‚¬ì  êµ¬ì¡°)ì„ ì ìš©í–ˆìŠµë‹ˆë‹¤.
2025-04-08 01:22:08,748 - utils - INFO - í”„ë¡œê·¸ë¨ ì´ˆê¸°í™” ì™„ë£Œ
2025-04-08 01:24:46,215 - utils - INFO - í”„ë¡œê·¸ë¨ ì´ˆê¸°í™” ì™„ë£Œ
2025-04-08 01:25:57,439 - WDM - INFO - ====== WebDriver manager ======
2025-04-08 01:25:58,245 - WDM - INFO - Get LATEST chromedriver version for google-chrome
2025-04-08 01:25:58,591 - WDM - INFO - Get LATEST chromedriver version for google-chrome
2025-04-08 01:25:58,917 - WDM - INFO - Driver [C:\Users\tpdud\.wdm\drivers\chromedriver\win64\134.0.6998.165\chromedriver-win32/chromedriver.exe] found in cache
2025-04-08 01:26:40,660 - utils - ERROR - ë¸”ë¡œê·¸ í¬ìŠ¤íŒ… ì‹¤íŒ¨
2025-04-08 01:29:12,195 - utils - INFO - í”„ë¡œê·¸ë¨ ì´ˆê¸°í™” ì™„ë£Œ
2025-04-08 01:30:57,683 - WDM - INFO - ====== WebDriver manager ======
2025-04-08 01:30:58,465 - WDM - INFO - Get LATEST chromedriver version for google-chrome
2025-04-08 01:30:58,813 - WDM - INFO - Get LATEST chromedriver version for google-chrome
2025-04-08 01:30:59,329 - WDM - INFO - Driver [C:\Users\tpdud\.wdm\drivers\chromedriver\win64\134.0.6998.165\chromedriver-win32/chromedriver.exe] found in cache
2025-04-08 01:31:46,495 - utils - INFO - ë¸”ë¡œê·¸ í¬ìŠ¤íŒ… ì„±ê³µ: **ë©”ì¸ ì œëª© (15ì ë‚´ì™¸):**  
"ì†Œë¹„ì¬â†‘Â·ITâ†“â€¦ê±°ì‹œë¶ˆí™•ì‹¤ì„±ì— ì‹œì¥ ê°ˆë“±"  

**ë¶€ì œëª© (25ì ë‚´ì™¸):**  
"RH 15%â†‘ vs ä¸­ ë°”ì´ì˜¤í…â†“â€¦ì—°ì¤€ ê¸ˆë¦¬ ê¸°ì¡° ì£¼ëª©"  

**ì„¤ëª…:**  
- ë©”ì¸ ì œëª©ì€ **ì†Œë¹„ì¬ ê°•ì„¸(RH ê¸‰ë“±)**ì™€ **IT/ë°”ì´ì˜¤í… ì•½ì„¸**ì˜ ëŒ€ë¹„ë¥¼ ê°•ì¡°í•˜ë©°, ê±°ì‹œê²½ì œ ë¶ˆí™•ì‹¤ì„±(ì—°ì¤€ ì •ì±…Â·ì¸í”Œë ˆì´ì…˜)ì´ ì‹œì¥ì„ ì–‘ë¶„í•˜ëŠ” ìƒí™©ì„ í•¨ì¶•í–ˆìŠµë‹ˆë‹¤.  
- ë¶€ì œëª©ì€ êµ¬ì²´ì ì¸ **ì£¼ê°€ ë³€ë™ì„±(RHâ†‘/HUTCHMEDâ†“)**ì„ ì œì‹œí•˜ê³ , íˆ¬ììë“¤ì´ ì£¼ëª©í•´ì•¼ í•  **ì—°ì¤€ì˜ ê¸ˆë¦¬ ì •ì±…**ì„ í•µì‹¬ ë³€ìˆ˜ë¡œ ì–¸ê¸‰í•´ ì¤‘ë¦½ì ì´ë©´ì„œë„ ì •ë³´ì„±ì„ ë†’ì˜€ìŠµë‹ˆë‹¤.  
- â†‘â†“ ê¸°í˜¸ë¥¼ í™œìš©í•´ ê°€ë…ì„±ì„ ê°•í™”í•˜ê³ , ì¤‘êµ­ ë¦¬ìŠ¤í¬Â·ë°”ì´ì˜¤í… ì•½ì„¸ ë“± ë¶€ê°€ ìš”ì†Œë¥¼ ìì—°ìŠ¤ëŸ½ê²Œ ì—°ê²°í–ˆìŠµë‹ˆë‹¤.
2025-04-08 01:36:39,781 - utils - INFO - í”„ë¡œê·¸ë¨ ì´ˆê¸°í™” ì™„ë£Œ
2025-04-08 01:38:43,880 - WDM - INFO - ====== WebDriver manager ======
2025-04-08 01:38:44,658 - WDM - INFO - Get LATEST chromedriver version for google-chrome
2025-04-08 01:38:45,061 - WDM - INFO - Get LATEST chromedriver version for google-chrome
2025-04-08 01:38:45,412 - WDM - INFO - Driver [C:\Users\tpdud\.wdm\drivers\chromedriver\win64\134.0.6998.165\chromedriver-win32/chromedriver.exe] found in cache
2025-04-08 01:39:35,848 - utils - INFO - ë¸”ë¡œê·¸ í¬ìŠ¤íŒ… ì„±ê³µ: ### ë©”ì¸ ì œëª© (15ì ë‚´ì™¸):  
**"ê¸ˆë¦¬ ë¶ˆí™•ì‹¤ì„±â†‘â€¦í…Œí¬ì£¼ ë°˜ë“± ê¸°íšŒ?"**  

### ë¶€ì œëª© (25ì ë‚´ì™¸):  
**"AIÂ·ì†Œí˜•ì£¼ 15% ê¸‰ë“± vs ì•”í˜¸í™”íâ†“â€¦íˆ¬ì í¬ì¸íŠ¸ 3ê°€ì§€"**  

### ì œëª© êµ¬ì„± ì„¤ëª…:  
1. **ë©”ì¸ ì œëª©**:  
   - **"ê¸ˆë¦¬ ë¶ˆí™•ì‹¤ì„±â†‘"** â†’ Fed ì •ì±…ê³¼ ê±°ì‹œê²½ì œ ë¦¬ìŠ¤í¬ë¥¼ ê°„ê²°íˆ ê°•ì¡°  
   - **"í…Œí¬ì£¼ ë°˜ë“± ê¸°íšŒ?"** â†’ í•µì‹¬ ê´€ì‹¬ ì—…ì¢…(í…ŒìŠ¬ë¼ ë“±)ê³¼ ì§ˆë¬¸í˜•ìœ¼ë¡œ í˜¸ê¸°ì‹¬ ìœ ë°œ  

2. **ë¶€ì œëª©**:  
   - **"AIÂ·ì†Œí˜•ì£¼ 15% ê¸‰ë“±"** â†’ ìƒìŠ¹ ì£¼ë„ì—…ì¢…("Other" ì¹´í…Œê³ ë¦¬) êµ¬ì²´í™”  
   - **"ì•”í˜¸í™”íâ†“"** â†’ í•˜ë½ ìš”ì¸ ëª…ì‹œí•´ ê· í˜•ê° ì¶”ê°€  
   - **"íˆ¬ì í¬ì¸íŠ¸ 3ê°€ì§€"** â†’ ì‹¤ìš©ì  ì •ë³´ë¥¼ ì•½ì†í•˜ë©° í´ë¦­ ìœ ë„  

### ì°¸ê³ : í™”ì‚´í‘œ(â†‘â†“) ì‚¬ìš©ìœ¼ë¡œ ì‹œê°ì  ë™í–¥ ê°•ì¡° ë° SNS ê³µìœ  ì í•©ì„± ê³ ë ¤
2025-04-08 01:43:07,170 - utils - INFO - í”„ë¡œê·¸ë¨ ì´ˆê¸°í™” ì™„ë£Œ
2025-04-08 01:47:26,968 - WDM - INFO - ====== WebDriver manager ======
2025-04-08 01:47:27,745 - WDM - INFO - Get LATEST chromedriver version for google-chrome
2025-04-08 01:47:28,092 - WDM - INFO - Get LATEST chromedriver version for google-chrome
2025-04-08 01:47:28,414 - WDM - INFO - Driver [C:\Users\tpdud\.wdm\drivers\chromedriver\win64\134.0.6998.165\chromedriver-win32/chromedriver.exe] found in cache
2025-04-08 01:48:17,440 - utils - INFO - ë¸”ë¡œê·¸ í¬ìŠ¤íŒ… ì„±ê³µ: **ê±°ì‹œê²½ì œ íë¦„ ì† ì—…ì¢…ë³„ íˆ¬ì ì „ëµ: AIë¶€í„° ê¸ˆìœµì£¼ê¹Œì§€**  

ìµœê·¼ ê¸ˆë¦¬ì™€ ì¸í”Œë ˆì´ì…˜ ë³€ë™ì„±ì´ ì‹œì¥ì„ í”ë“¤ë©° ì—…ì¢…ë³„ë¡œ ê·¹ëª…í•œ ì°¨ì´ë¥¼ ë³´ì´ê³  ìˆìŠµë‹ˆë‹¤. AI ê´€ë ¨ì£¼ëŠ” ê¸‰ë“±í•˜ëŠ” ë°˜ë©´ ê¸ˆìœµì£¼ëŠ” ë¶€ì§„í•œ ëª¨ìŠµì¸ë°ìš”, ê³¼ì—° ì–´ë””ì— ë² íŒ…í•´ì•¼ í• ê¹Œìš”?  

### ì£¼ëª©í•  ë§Œí•œ ì‹œì¥ ë™í–¥  
- **"15% ê¸‰ë“± vs 15% ê¸‰ë½"**: ê±°ì‹œê²½ì œê°€ ë§Œë“¤ì–´ë‚¸ íˆ¬ì ì „ìŸí„°ì˜ í˜„ì¥ì„ ë¶„ì„í•©ë‹ˆë‹¤.  
- **"ì—°ì¤€ ê¸ˆë¦¬ ê¸°ì¡°ì™€ í…Œí¬ì£¼ì˜ ìƒê´€ê´€ê³„"**: 4.2% êµ­ì±„ ìˆ˜ìµë¥ ì´ ì•”ì‹œí•˜ëŠ” ì‹œì¥ ì‹¬ë¦¬ë¥¼ ì½ì–´ë³´ì„¸ìš”.  
- **"OTTÂ·ë°”ì´ì˜¤í… ê±°ë˜ëŸ‰ 200% í­ì¦"**: 'ë¦¬ìŠ¤í¬ ì˜¨' ì‹œëŒ€ì— ì£¼ëª©í•´ì•¼ í•  3ëŒ€ ì—…ì¢…ì„ ì†Œê°œí•©ë‹ˆë‹¤.  

### ë°ì´í„°ë¡œ ë³´ëŠ” íˆ¬ì í¬ì¸íŠ¸  
- **ê±°ë˜ëŸ‰ ê¸‰ì¦ ì—…ì¢…ì˜ ê³µí†µì **: 30ì¼ í‰ê·  ëŒ€ë¹„ 200% ì¦ê°€í•œ ì¢…ëª©ë“¤ì€ ì–´ë–¤ íŠ¹ì§•ì´ ìˆì„ê¹Œ?  
- **ê¸ˆë¦¬ ë¯¼ê°ì£¼ vs ì„±ì¥ì£¼**: í¬íŠ¸í´ë¦¬ì˜¤ ì „ëµì„ ì–´ë–»ê²Œ ì„¸ì›Œì•¼ í• ì§€ ë¹„êµ ë¶„ì„í•©ë‹ˆë‹¤.  
- **RSI 70 ëŒíŒŒ ì¢…ëª© vs ì‹¤ì  ë¶€ë‚œ ì¢…ëª©**: ì¡°ì • ê°€ëŠ¥ì„±ì„ ì²´í¬í•˜ëŠ” í•µì‹¬ í¬ì¸íŠ¸.  

### ë¯¸ë˜ë¥¼ ìœ„í•œ ì „ëµ  
- **M&A íšŒë³µ ê¸°ëŒ€ê°**: íˆ¬ìì€í–‰ì£¼ì˜ ì§€ì† ê°€ëŠ¥ì„±ì€?  
- **ì†Œí˜•ì£¼ ê³¼ì—´ ì‹ í˜¸ ì† ì°¨ì„¸ëŒ€ AI ìœ ë‹ˆì½˜**: ë‹¤ìŒ ì£¼ëª©í•  ê¸°ì—…ì„ ì°¾ì•„ì„œ.  

ì´ë²ˆ ë¶„ì„ì„ í†µí•´ ê±°ì‹œê²½ì œì˜ íë¦„ê³¼ ì—…ì¢…ë³„ ì „ëµì„ ì¢…í•©ì ìœ¼ë¡œ ì´í•´í•˜ì‹œê¸¸ ë°”ëë‹ˆë‹¤. íˆ¬ì ê²°ì • ì „, ê¼­ ì°¸ê³ í•˜ì„¸ìš”!  

> ğŸ’¡ **ì˜ˆì‹œ ì¡°í•©**  
> **ë©”ì¸**: "15% ê¸‰ë“± vs 15% ê¸‰ë½â€¦ê±°ì‹œê²½ì œê°€ ë§Œë“  íˆ¬ì ì „ìŸí„°"  
> **ì„œë¸Œ**: "200% ê±°ë˜ëŸ‰ í­ì¦ ì—…ì¢…ì˜ ë¹„ë°€ê³¼ ì—°ì¤€ ê¸ˆë¦¬ ê¸°ëŒ€ê°ì˜ ì—°ê²°ê³ ë¦¬"  

ì´ ì œëª©ë“¤ì€ ì‹œì¥ì˜ í•µì‹¬ ì´ìŠˆë¥¼ ë‹´ìœ¼ë©´ì„œë„ ë…ìì˜ í˜¸ê¸°ì‹¬ì„ ìê·¹í•˜ë„ë¡ êµ¬ì„±ë˜ì—ˆìŠµë‹ˆë‹¤. ì–´ë–¤ ì£¼ì œê°€ ê°€ì¥ ê¶ê¸ˆí•˜ì‹ ê°€ìš”?
2025-04-08 01:53:41,248 - utils - INFO - í”„ë¡œê·¸ë¨ ì´ˆê¸°í™” ì™„ë£Œ
2025-04-08 01:56:43,226 - utils - INFO - í”„ë¡œê·¸ë¨ ì´ˆê¸°í™” ì™„ë£Œ
2025-04-08 01:59:41,586 - utils - INFO - í”„ë¡œê·¸ë¨ ì´ˆê¸°í™” ì™„ë£Œ
2025-04-08 02:02:25,679 - WDM - INFO - ====== WebDriver manager ======
2025-04-08 02:02:26,457 - WDM - INFO - Get LATEST chromedriver version for google-chrome
2025-04-08 02:02:26,891 - WDM - INFO - Get LATEST chromedriver version for google-chrome
2025-04-08 02:02:27,191 - WDM - INFO - Driver [C:\Users\tpdud\.wdm\drivers\chromedriver\win64\134.0.6998.165\chromedriver-win32/chromedriver.exe] found in cache
2025-04-08 02:03:02,242 - utils - ERROR - ë¸”ë¡œê·¸ í¬ìŠ¤íŒ… ì‹¤íŒ¨
2025-04-08 02:04:44,429 - utils - INFO - í”„ë¡œê·¸ë¨ ì´ˆê¸°í™” ì™„ë£Œ
2025-04-08 02:04:52,836 - market_analyzer - ERROR - Error preparing analysis data: 'date'
2025-04-08 02:04:52,836 - market_analyzer - INFO - gainers ë°ì´í„° ìƒ˜í”Œ: {'Symbol': 'EFGIF', 'Name': 'EFG International AG', 'Price': '15.00 +6.85 (+84.05%)', '% Change': '+84.05%'}
2025-04-08 02:04:52,836 - market_analyzer - INFO - losers ë°ì´í„° ìƒ˜í”Œ: {'Symbol': 'HCM', 'Name': 'HUTCHMED (China) Limited', 'Price': '12.24 -2.14 (-14.89%)', '% Change': '-14.89%'}
2025-04-08 02:04:52,836 - market_analyzer - INFO - most_active ë°ì´í„° ìƒ˜í”Œ: {'Symbol': 'NVDA', 'Name': 'NVIDIA Corporation', 'Price': '95.36 +1.05 (+1.11%)', '% Change': '+1.11%'}
2025-04-08 02:04:52,836 - market_analyzer - INFO - top_etfs ë°ì´í„° ìƒ˜í”Œ: {'Symbol': 'SOXL', 'Name': 'Direxion Daily Semiconductor Bull 3X Shares', 'Price': '8.81 +0.09 (+0.97%)', '% Change': '+0.97%'}
2025-04-08 02:04:52,836 - market_analyzer - ERROR - ì‹œì¥ ë¶„ì„ ì¤‘ ì˜¤ë¥˜ ë°œìƒ: 'date'
Traceback (most recent call last):
  File "c:\Users\tpdud\code\blog\blog\src\market_analyzer.py", line 43, in analyze_market_trend
    prepared_data = self._prepare_analysis_data(market_data, news)
                    ^^^^^^^^^^^^^^^^^^^^^^^^^^^^^^^^^^^^^^^^^^^^^^
  File "c:\Users\tpdud\code\blog\blog\src\market_analyzer.py", line 103, in _prepare_analysis_data
    latest_news_date = max(news, key=lambda x: x.get('date', ''))['date']
                       ~~~~~~~~~~~~~~~~~~~~~~~~~~~~~~~~~~~~~~~~~~^^^^^^^^
KeyError: 'date'
2025-04-08 02:04:52,845 - WDM - INFO - ====== WebDriver manager ======
2025-04-08 02:04:53,598 - WDM - INFO - Get LATEST chromedriver version for google-chrome
2025-04-08 02:04:53,908 - WDM - INFO - Get LATEST chromedriver version for google-chrome
2025-04-08 02:04:54,225 - WDM - INFO - Driver [C:\Users\tpdud\.wdm\drivers\chromedriver\win64\134.0.6998.165\chromedriver-win32/chromedriver.exe] found in cache
2025-04-08 02:05:23,262 - utils - ERROR - ë¸”ë¡œê·¸ í¬ìŠ¤íŒ… ì‹¤íŒ¨
2025-04-08 02:05:31,436 - utils - INFO - í”„ë¡œê·¸ë¨ ì´ˆê¸°í™” ì™„ë£Œ
2025-04-08 02:05:39,640 - market_analyzer - ERROR - Error preparing analysis data: 'date'
2025-04-08 02:05:39,640 - market_analyzer - INFO - gainers ë°ì´í„° ìƒ˜í”Œ: {'Symbol': 'EFGIF', 'Name': 'EFG International AG', 'Price': '15.00 +6.85 (+84.05%)', '% Change': '+84.05%'}
2025-04-08 02:05:39,640 - market_analyzer - INFO - losers ë°ì´í„° ìƒ˜í”Œ: {'Symbol': 'HCM', 'Name': 'HUTCHMED (China) Limited', 'Price': '12.24 -2.14 (-14.89%)', '% Change': '-14.89%'}
2025-04-08 02:05:39,641 - market_analyzer - INFO - most_active ë°ì´í„° ìƒ˜í”Œ: {'Symbol': 'NVDA', 'Name': 'NVIDIA Corporation', 'Price': '95.49 +1.18 (+1.25%)', '% Change': '+1.25%'}
2025-04-08 02:05:39,641 - market_analyzer - INFO - top_etfs ë°ì´í„° ìƒ˜í”Œ: {'Symbol': 'SOXL', 'Name': 'Direxion Daily Semiconductor Bull 3X Shares', 'Price': '8.85 +0.12 (+1.32%)', '% Change': '+1.32%'}
2025-04-08 02:05:39,641 - market_analyzer - ERROR - ì‹œì¥ ë¶„ì„ ì¤‘ ì˜¤ë¥˜ ë°œìƒ: 'date'
Traceback (most recent call last):
  File "c:\Users\tpdud\code\blog\blog\src\market_analyzer.py", line 43, in analyze_market_trend
    prepared_data = self._prepare_analysis_data(market_data, news)
                    ^^^^^^^^^^^^^^^^^^^^^^^^^^^^^^^^^^^^^^^^^^^^^^
  File "c:\Users\tpdud\code\blog\blog\src\market_analyzer.py", line 103, in _prepare_analysis_data
    latest_news_date = max(news, key=lambda x: x.get('date', ''))['date']
                       ~~~~~~~~~~~~~~~~~~~~~~~~~~~~~~~~~~~~~~~~~~^^^^^^^^
KeyError: 'date'
2025-04-08 02:05:39,644 - WDM - INFO - ====== WebDriver manager ======
2025-04-08 02:05:40,395 - WDM - INFO - Get LATEST chromedriver version for google-chrome
2025-04-08 02:05:40,697 - WDM - INFO - Get LATEST chromedriver version for google-chrome
2025-04-08 02:05:40,993 - WDM - INFO - Driver [C:\Users\tpdud\.wdm\drivers\chromedriver\win64\134.0.6998.165\chromedriver-win32/chromedriver.exe] found in cache
2025-04-08 02:05:44,787 - blog_poster - ERROR - Login failed: Message: no such window: target window already closed
from unknown error: web view not found
  (Session info: chrome=134.0.6998.178)
Stacktrace:
	GetHandleVerifier [0x004AC7F3+24435]
	(No symbol) [0x00432074]
	(No symbol) [0x003006E3]
	(No symbol) [0x002DF83E]
	(No symbol) [0x0037455E]
	(No symbol) [0x0038EB19]
	(No symbol) [0x0036D5B6]
	(No symbol) [0x0033C54F]
	(No symbol) [0x0033D894]
	GetHandleVerifier [0x007B70A3+3213347]
	GetHandleVerifier [0x007CB0C9+3295305]
	GetHandleVerifier [0x007C558C+3271948]
	GetHandleVerifier [0x00547360+658144]
	(No symbol) [0x0043B27D]
	(No symbol) [0x00438208]
	(No symbol) [0x004383A9]
	(No symbol) [0x0042AAC0]
	BaseThreadInitThunk [0x75255D49+25]
	RtlInitializeExceptionChain [0x772FCE3B+107]
	RtlGetAppContainerNamedObjectPath [0x772FCDC1+561]
Traceback (most recent call last):
  File "c:\Users\tpdud\code\blog\blog\src\blog_poster.py", line 72, in login
    self.driver.execute_script(
  File "C:\Users\tpdud\AppData\Local\Packages\PythonSoftwareFoundation.Python.3.11_qbz5n2kfra8p0\LocalCache\local-packages\Python311\site-packages\selenium\webdriver\remote\webdriver.py", line 407, in execute_script
    return self.execute(command, {"script": script, "args": converted_args})["value"]
           ^^^^^^^^^^^^^^^^^^^^^^^^^^^^^^^^^^^^^^^^^^^^^^^^^^^^^^^^^^^^^^^^^
  File "C:\Users\tpdud\AppData\Local\Packages\PythonSoftwareFoundation.Python.3.11_qbz5n2kfra8p0\LocalCache\local-packages\Python311\site-packages\selenium\webdriver\remote\webdriver.py", line 347, in execute
    self.error_handler.check_response(response)
  File "C:\Users\tpdud\AppData\Local\Packages\PythonSoftwareFoundation.Python.3.11_qbz5n2kfra8p0\LocalCache\local-packages\Python311\site-packages\selenium\webdriver\remote\errorhandler.py", line 229, in check_response
    raise exception_class(message, screen, stacktrace)
selenium.common.exceptions.NoSuchWindowException: Message: no such window: target window already closed
from unknown error: web view not found
  (Session info: chrome=134.0.6998.178)
Stacktrace:
	GetHandleVerifier [0x004AC7F3+24435]
	(No symbol) [0x00432074]
	(No symbol) [0x003006E3]
	(No symbol) [0x002DF83E]
	(No symbol) [0x0037455E]
	(No symbol) [0x0038EB19]
	(No symbol) [0x0036D5B6]
	(No symbol) [0x0033C54F]
	(No symbol) [0x0033D894]
	GetHandleVerifier [0x007B70A3+3213347]
	GetHandleVerifier [0x007CB0C9+3295305]
	GetHandleVerifier [0x007C558C+3271948]
	GetHandleVerifier [0x00547360+658144]
	(No symbol) [0x0043B27D]
	(No symbol) [0x00438208]
	(No symbol) [0x004383A9]
	(No symbol) [0x0042AAC0]
	BaseThreadInitThunk [0x75255D49+25]
	RtlInitializeExceptionChain [0x772FCE3B+107]
	RtlGetAppContainerNamedObjectPath [0x772FCDC1+561]

2025-04-08 02:05:44,802 - utils - ERROR - ë„¤ì´ë²„ ë¡œê·¸ì¸ ì‹¤íŒ¨
2025-04-08 02:06:11,873 - utils - INFO - í”„ë¡œê·¸ë¨ ì´ˆê¸°í™” ì™„ë£Œ
2025-04-08 02:06:21,829 - market_analyzer - WARNING - No date field in news, using current date: 2025-04-08
2025-04-08 02:08:59,475 - WDM - INFO - ====== WebDriver manager ======
2025-04-08 02:09:00,250 - WDM - INFO - Get LATEST chromedriver version for google-chrome
2025-04-08 02:09:00,539 - WDM - INFO - Get LATEST chromedriver version for google-chrome
2025-04-08 02:09:00,861 - WDM - INFO - Driver [C:\Users\tpdud\.wdm\drivers\chromedriver\win64\134.0.6998.165\chromedriver-win32/chromedriver.exe] found in cache
2025-04-08 02:09:42,909 - utils - ERROR - ë¸”ë¡œê·¸ í¬ìŠ¤íŒ… ì‹¤íŒ¨
2025-04-08 02:11:44,502 - utils - INFO - í”„ë¡œê·¸ë¨ ì´ˆê¸°í™” ì™„ë£Œ
2025-04-08 02:11:53,734 - market_analyzer - WARNING - No date field in news, using current date: 2025-04-08
2025-04-08 02:13:58,712 - WDM - INFO - ====== WebDriver manager ======
2025-04-08 02:13:59,500 - WDM - INFO - Get LATEST chromedriver version for google-chrome
2025-04-08 02:13:59,833 - WDM - INFO - Get LATEST chromedriver version for google-chrome
2025-04-08 02:14:00,157 - WDM - INFO - Driver [C:\Users\tpdud\.wdm\drivers\chromedriver\win64\134.0.6998.165\chromedriver-win32/chromedriver.exe] found in cache
2025-04-08 02:14:44,740 - utils - INFO - ë¸”ë¡œê·¸ í¬ìŠ¤íŒ… ì„±ê³µ: **2025ë…„ 4ì›” ê¸€ë¡œë²Œ ì‹œì¥ í•µì‹¬ ì´ìŠˆ: ê¸ˆë¦¬Â·AIÂ·ì§€ì •í•™ì˜ êµì°¨ë¡œ**  

1. **"S&P 500 5,300ì„  íšŒë³µ vs ìœ ëŸ½ ì‹œì¥ í•˜ë½â€¦ì§€ì—­ë³„ ì°¨ì´ì— ì£¼ëª©"**  
   - ë¯¸êµ­ê³¼ ìœ ëŸ½ ì‹œì¥ì˜ ê·¹ëª…í•œ ëŒ€ì¡°ë¥¼ ë°ì´í„°ë¡œ ë¶„ì„.  

2. **"AI ê°•ì„¸ì™€ ê¸ˆë¦¬ ì¸í•˜ ê¸°ëŒ€, ì‹œì¥ì„ ì›€ì§ì´ëŠ” ë“€ì–¼ ì—”ì§„"**  
   - í…Œí¬ ì¢…ëª©ì˜ ìƒìŠ¹ì„¸ì™€ ì¤‘ì•™ì€í–‰ ì •ì±…ì´ ë¯¸ì¹˜ëŠ” ì˜í–¥.  

3. **"ì›ìœ  $82Â·ë¹„íŠ¸ì½”ì¸ $70k íš¡ë³´â€¦ë¦¬ìŠ¤í¬ ì„ í˜¸ë„ ì‹ í˜¸ í¬ì°©"**  
   - ì›ìì¬ì™€ ì•”í˜¸í™”í ì‹œì¥ì˜ ìƒë°˜ëœ ì›€ì§ì„.  

4. **"ì—”í™” 152ì—” ëŒíŒŒ, ì¼ë³¸ ë‹¹êµ­ì˜ ê°œì… ê°€ëŠ¥ì„±ì— ì‹œì¥ ê¸´ì¥"**  
   - ì™¸í™˜ ì‹œì¥ì—ì„œì˜ í•µì‹¬ ë³€ìˆ˜ì™€ ê´€ì¸¡ í¬ì¸íŠ¸.  

5. **"ì¤‘êµ­ ë¶€ì–‘ì±… vs ìœ ëŸ½ ë¶ˆí™•ì‹¤ì„±â€¦ì•„ì‹œì•„ ì‹œì¥ ë°˜ë“± ê°€ëŠ¥ì„±"**  
   - ì •ì±… íš¨ê³¼ì™€ ì§€ì—­ë³„ ì‹œì¥ ì „ë§ ëŒ€ë¹„.  

6. **"ì—°ì¤€Â·ECB ê¸ˆë¦¬ ê²°ì • ì „, í¬íŠ¸í´ë¦¬ì˜¤ ë¦¬ìŠ¤í¬ ì ê²€ ì‹œì "**  
   - ì£¼ìš” ê¸ˆë¦¬ ì •ì±…ì´ ì‹œì¥ì— ë¯¸ì¹  íŒŒì¥ ë¶„ì„.  

**í¬ì¸íŠ¸**  
- **êµ¬ì²´ì  ë°ì´í„°** (ì˜ˆ: "S&P 500 5,300ì„ ", "ì—”í™” 152ì—”")ë¡œ ì‹ ë¢°ì„± ê°•í™”.  
- **ëŒ€ë¹„ êµ¬ì¡°** (ì˜ˆ: "íšŒë³µ vs í•˜ë½")ë¡œ ë…ìì˜ ê´€ì‹¬ ìœ ë„.  
- **í˜„ì¬ ì´ìŠˆ ì§‘ì¤‘** (ê¸ˆë¦¬, AI, ì§€ì •í•™ì  ë³€ìˆ˜)ì„ í†µí•œ ì‹œì˜ì„± í™•ë³´.  

*ì‹¤ì œì™€ ìœ ì‚¬í•œ ë¶„ì„ í†¤ì„ ìœ ì§€í•˜ë©°, ë…ìì˜ íŒë‹¨ì— ë§¡ê¸°ëŠ” ê°ê´€ì  ì „ë‹¬ì´ í•µì‹¬ì…ë‹ˆë‹¤.*
2025-04-08 02:15:35,137 - utils - INFO - í”„ë¡œê·¸ë¨ ì´ˆê¸°í™” ì™„ë£Œ
2025-04-08 02:15:43,561 - market_analyzer - WARNING - No date field in news, using current date: 2025-04-08
2025-04-08 02:17:07,041 - utils - INFO - í”„ë¡œê·¸ë¨ ì´ˆê¸°í™” ì™„ë£Œ
2025-04-08 02:17:21,452 - market_analyzer - INFO - Processed 5 news items with date: 2025-04-08
2025-04-08 02:18:58,229 - WDM - INFO - ====== WebDriver manager ======
2025-04-08 02:18:58,995 - WDM - INFO - Get LATEST chromedriver version for google-chrome
2025-04-08 02:18:59,310 - WDM - INFO - Get LATEST chromedriver version for google-chrome
2025-04-08 02:18:59,630 - WDM - INFO - Driver [C:\Users\tpdud\.wdm\drivers\chromedriver\win64\134.0.6998.165\chromedriver-win32/chromedriver.exe] found in cache
2025-04-08 02:19:41,159 - utils - INFO - ë¸”ë¡œê·¸ í¬ìŠ¤íŒ… ì„±ê³µ: **"Other ì„¹í„° 84% ê¸‰ë“± vs 16% í­ë½â€¦ê¸ˆë¦¬ ì¸í•˜ ê¸°ëŒ€ ì† ê·¹ë‹¨ì  ì‹œì¥ ë³€ë™ì„±"**  

ìµœê·¼ Other ì„¹í„°ëŠ” ë©”íƒ€ë²„ìŠ¤Â·ë¸”ë¡ì²´ì¸ í…Œë§ˆë¥¼ ì¤‘ì‹¬ìœ¼ë¡œ 84% ê¸‰ë“±ê³¼ 16% í­ë½ì´ ë™ì‹œì— ë°œìƒí•˜ë©° ê·¹ëª…í•œ ë¶„í™”ë¥¼ ë³´ì´ê³  ìˆìŠµë‹ˆë‹¤. ê¸ˆë¦¬ ì¸í•˜ ê¸°ëŒ€ê°€ ê³ ìœ„í—˜ ìì‚°ìœ¼ë¡œì˜ ìê¸ˆ íë¦„ì„ ì´‰ë°œí•˜ë©´ì„œ ë³€ë™ì„±ì´ í™•ëŒ€ëœ ê²ƒìœ¼ë¡œ ë¶„ì„ë©ë‹ˆë‹¤.  

ìœ ëª… íˆ¬ììë“¤ì€ ë©”íƒ€(Meta)ì™€ ì¹˜í´ë ˆ(Chipotle) ë“± íŠ¹ì • ì¢…ëª©ì— ì§‘ì¤‘í•˜ëŠ” ëª¨ìŠµì´ ê´€ì°°ë˜ì§€ë§Œ, ì‹œì¥ ì „ì²´ë¡œëŠ” ìƒìŠ¹Â·í•˜ë½ì´ ê³µì¡´í•˜ëŠ” ì´ì¤‘ì ì¸ ì–‘ìƒì´ ì§€ì†ë˜ê³  ìˆìŠµë‹ˆë‹¤. 2025ë…„ íˆ¬ì ì „ëµì˜ í‚¤ì›Œë“œëŠ” 'ë¶„ì‚°'ì´ ë  ì „ë§ì…ë‹ˆë‹¤.  

ì´ì²˜ëŸ¼ ê·¹í•œì˜ ì‹œì¥ í™˜ê²½ì—ì„œ íˆ¬ììë“¤ì€ ë³€ë™ì„± í™œìš© ë°©ì•ˆì— ëŒ€í•œ ê³ ë¯¼ì´ í•„ìš”í•œ ì‹œì ì…ë‹ˆë‹¤.
2025-04-08 02:23:54,903 - utils - INFO - í”„ë¡œê·¸ë¨ ì´ˆê¸°í™” ì™„ë£Œ
2025-04-08 02:24:04,579 - market_analyzer - INFO - Processed 5 news items with date: 2025-04-08
2025-04-08 02:26:15,915 - WDM - INFO - ====== WebDriver manager ======
2025-04-08 02:26:16,679 - WDM - INFO - Get LATEST chromedriver version for google-chrome
2025-04-08 02:26:17,182 - WDM - INFO - Get LATEST chromedriver version for google-chrome
2025-04-08 02:26:17,518 - WDM - INFO - Driver [C:\Users\tpdud\.wdm\drivers\chromedriver\win64\134.0.6998.165\chromedriver-win32/chromedriver.exe] found in cache
2025-04-08 02:27:04,902 - utils - INFO - ë¸”ë¡œê·¸ í¬ìŠ¤íŒ… ì„±ê³µ: ### **ì‹œì¥ ì–‘ê·¹í™” ì‹¬í™”: EFGIF 80% ê¸‰ë“± vs ë ˆë…¸ë²„ 16% í­ë½ì˜ ë°°ê²½**  

ìµœê·¼ ì‹œì¥ì—ì„œ EFGIFì˜ 80% ê¸‰ë“±ê³¼ ë ˆë…¸ë²„ì˜ 16% í­ë½ì´ ë™ì‹œì— ë°œìƒí•˜ë©° íˆ¬ììë“¤ì˜ ê´€ì‹¬ì´ ì§‘ì¤‘ë˜ê³  ìˆìŠµë‹ˆë‹¤. ì´ ê°™ì€ ê·¹ë‹¨ì ì¸ ì›€ì§ì„ì€ **M&A ì—´í’**ê³¼ **AI PC ì‹œì¥ì˜ ê¸°ëŒ€ê° ì°¨ì´**ì—ì„œ ë¹„ë¡¯ëœ ê²ƒìœ¼ë¡œ ë¶„ì„ë©ë‹ˆë‹¤. EFGIFëŠ” ì¸ìˆ˜í•©ë³‘(M&A) ì†Œì‹ì— í˜ì…ì–´ ê°•ì„¸ë¥¼ ë³´ì¸ ë°˜ë©´, ë ˆë…¸ë²„ëŠ” AI PC ê²½ìŸì—ì„œì˜ ì‹¤ì  ìš°ë ¤ë¡œ ì•½ì„¸ë¥¼ ê¸°ë¡í–ˆìŠµë‹ˆë‹¤.  

---

### **Fed ê¸ˆë¦¬ ë¶ˆí™•ì‹¤ì„± ì† í…Œí¬ì£¼ ì¹¨ì²´â€¦ì•ˆì „ìì‚° vs ì„±ì¥ì£¼ ì „ëµ**  

ë¯¸êµ­ Fedì˜ ê¸ˆë¦¬ ì •ì±… ê¸°ì¡°ê°€ í…Œí¬ì£¼ë¥¼ ì¤‘ì‹¬ìœ¼ë¡œ ì‹œì¥ ë³€ë™ì„±ì„ í‚¤ìš°ê³  ìˆìŠµë‹ˆë‹¤. ê¸ˆë¦¬ ì¸ìƒ ê°€ëŠ¥ì„±ì´ ì œê¸°ë˜ë©° ì„±ì¥ì£¼ëŠ” ì¼ì œíˆ í•˜ë½ì„¸ë¥¼ ë³´ì¸ ë°˜ë©´, ê¸ˆìœµì£¼ ë“± ì•ˆì „ìì‚°ì€ ìƒëŒ€ì ìœ¼ë¡œ ê°•ì„¸ë¥¼ ìœ ì§€ ì¤‘ì…ë‹ˆë‹¤. **ê±°ì‹œê²½ì œ ë¦¬ìŠ¤í¬**ê°€ ê³ ì¡°ë˜ëŠ” ë§Œí¼, í¬íŠ¸í´ë¦¬ì˜¤ ë‹¤ê°í™” ì „ëµì´ ì¤‘ìš”í•´ì§€ëŠ” ì‹œì ì…ë‹ˆë‹¤.  

---

### **ì‹œì¥ ë¦¬ë”ì‹­ ê²½ìŸ: 84% ê¸‰ë“±ì£¼ vs 16% í­ë½ì£¼ì˜ êµí›ˆ**  

í•˜ë£¨ ë§Œì— 84% ì˜¤ë¥¸ ì¢…ëª©ê³¼ 16% ì¶”ë½í•œ ì¢…ëª©ì´ ê³µì¡´í•˜ëŠ” í˜„ìƒì€ ì‹œì¥ì˜ **ê·¹ë‹¨ì  ë¶„ì‚°í™”**ë¥¼ ì˜ ë³´ì—¬ì¤ë‹ˆë‹¤. ì´ ê°™ì€ ì°¨ì´ëŠ” íˆ¬ì í…Œë§ˆë³„ ìˆ˜ìš” ì°¨ì´ì™€ ì‹œì¥ ì‹¬ë¦¬ì˜ ë³€ë™ì„±ì´ ë°˜ì˜ëœ ê²°ê³¼ë¡œ, ë‹¨ê¸° íˆ¬ìë³´ë‹¤ëŠ” **ì‚°ì—…ë³„ íŠ¸ë Œë“œ ë¶„ì„**ì´ í•„ìˆ˜ì ì¸ í™˜ê²½ì…ë‹ˆë‹¤.  

---

### **ê¸ˆìœµì£¼ì˜ ê°•ì„¸ vs AIì£¼ì˜ ì•½ì„¸â€¦ì–‘ê·¹í™” ì‹œì¥ì˜ ì‹¬ì¸µ ë¶„ì„**  

ìµœê·¼ ê¸ˆìœµì£¼ê°€ ê°•ì„¸ë¥¼ ë³´ì´ëŠ” ê°€ìš´ë° AI ê´€ë ¨ ì¢…ëª©ì€ ë¶€ì§„í•œ ëª¨ìŠµì„ ì´ì–´ê°€ê³  ìˆìŠµë‹ˆë‹¤. ì´ëŠ” **ê³ ê¸ˆë¦¬ í™˜ê²½**ì—ì„œì˜ ìˆ˜ìµ ì°½ì¶œ ëŠ¥ë ¥ ì°¨ì´ì™€ íˆ¬ììë“¤ì˜ **ë¦¬ìŠ¤í¬ íšŒí”¼ ì„±í–¥**ì´ ë°˜ì˜ëœ í˜„ìƒì…ë‹ˆë‹¤. ì‚°ì—…ë³„ ìƒë°˜ëœ íë¦„ì€ í–¥í›„ ì‹œì¥ ì „ë§ì„ ê°€ëŠ í•˜ëŠ” ì¤‘ìš”í•œ ì§€í‘œê°€ ë  ì „ë§ì…ë‹ˆë‹¤.  

---  

**âœï¸ ì‹œì‚¬ì **  
- **M&A í…Œë§ˆ**ì™€ **AI PC ê²½ìŸ**ì€ ë‹¨ê¸° ì‹œì¥ ë³€ë™ì„±ì˜ ì£¼ìš” ë“œë¼ì´ë²„ë¡œ ì‘ìš© ì¤‘ì…ë‹ˆë‹¤.  
- **Fed ê¸ˆë¦¬ ì •ì±…**ê³¼ **ì•ˆì „ìì‚° ìˆ˜ìš”**ëŠ” í¬íŠ¸í´ë¦¬ì˜¤ ì „ëµì˜ í‚¤ì›Œë“œì…ë‹ˆë‹¤.  
- ì‹œì¥ì˜ ì–‘ê·¹í™” í˜„ìƒì€ **íˆ¬ì ì‹¬ë¦¬**ì™€ **ì‚°ì—…ë³„ í€ë”ë©˜í„¸**ì„ ì¢…í•©ì ìœ¼ë¡œ ë¶„ì„í•´ì•¼ í•¨ì„ ì‹œì‚¬í•©ë‹ˆë‹¤.
2025-04-08 02:31:52,388 - utils - INFO - í”„ë¡œê·¸ë¨ ì´ˆê¸°í™” ì™„ë£Œ
2025-04-08 02:31:59,818 - market_analyzer - INFO - Processed 5 news items with date: 2025-04-08
2025-04-08 02:33:54,179 - WDM - INFO - ====== WebDriver manager ======
2025-04-08 02:33:54,947 - WDM - INFO - Get LATEST chromedriver version for google-chrome
2025-04-08 02:33:55,268 - WDM - INFO - Get LATEST chromedriver version for google-chrome
2025-04-08 02:33:55,568 - WDM - INFO - Driver [C:\Users\tpdud\.wdm\drivers\chromedriver\win64\134.0.6998.165\chromedriver-win32/chromedriver.exe] found in cache
2025-04-08 02:34:41,620 - utils - INFO - ë¸”ë¡œê·¸ í¬ìŠ¤íŒ… ì„±ê³µ: ### ê¸ˆìœµì˜ ë””ì§€í„¸ í˜ëª… vs í…Œí¬ì˜ ì¶”ë½: 2025ë…„ ì‹œì¥ì´ ì„ íƒí•  ì§„ì§œ ìŠ¹ìëŠ”?  

ìµœê·¼ ì‹œì¥ì—ì„œ ëˆˆì— ë„ëŠ” í˜„ìƒì€ ê¸ˆìœµì„¹í„°ì˜ ê°•ì„¸ì™€ í…Œí¬ì£¼ë“¤ì˜ ë¶€ì§„ì´ë‹¤. EFGëŠ” 84% ê¸‰ë“±í•œ ë°˜ë©´, LenovoëŠ” 16% í­ë½í•˜ë©° ê·¹ëª…í•œ ëŒ€ë¹„ë¥¼ ë³´ì˜€ë‹¤. ì´ëŠ” ë‹¨ìˆœí•œ ì£¼ê°€ ë³€ë™ì´ ì•„ë‹Œ, ë””ì§€í„¸ ìì‚° ê´€ë¦¬ì˜ ë¶€ìƒê³¼ í…Œí¬ ì—…ì¢…ì˜ ì„±ì¥ í•œê³„ë¥¼ ë°˜ì˜í•˜ëŠ” ì‹ í˜¸ë¡œ ì½íŒë‹¤.  

ê¸ˆìœµì‚¬ì˜ ë””ì§€í„¸ ì „í™˜ì€ ì´ë¯¸ ê°€ì‹œì ì¸ ì„±ê³¼ë¡œ ì´ì–´ì§€ê³  ìˆë‹¤. ë¸”ë¡ì²´ì¸ ê¸°ë°˜ ë±…í‚¹ ì‹œìŠ¤í…œì€ ìš´ì˜ íš¨ìœ¨ì„ 25% ëŒì–´ì˜¬ë ¸ê³ , í”„ë¼ì´ë¹— ë±…í¬ë“¤ì€ ê³ ê° ë§ì¶¤í˜• ì„œë¹„ìŠ¤ë¡œ ìœ ì… ìë³¸ì„ í™•ëŒ€ ì¤‘ì´ë‹¤. ë°˜ë©´ AI PCì™€ ê°™ì€ í…Œí¬ íŠ¸ë Œë“œëŠ” ì˜ˆìƒë³´ë‹¤ ìˆ˜ìš”ê°€ ë¶€ì§„í•˜ë©° ì‹¤ì  ê²©ì°¨ë¥¼ ë²Œë¦¬ê³  ìˆë‹¤.  

ì—°ì¤€ì˜ ê¸ˆë¦¬ ì •ì±… ë¶ˆí™•ì‹¤ì„± ì†ì—ì„œë„ 'Quality Flight' í˜„ìƒì€ ì§€ì†ë˜ê³  ìˆë‹¤. íˆ¬ììë“¤ì€ ì•ˆì •ì ì¸ ì‹¤ì ê³¼ í˜ì‹  ê°€ëŠ¥ì„±ì„ ë™ì‹œì— ê°–ì¶˜ ì¢…ëª©ì„ ì„ í˜¸í•˜ë©°, ì´ëŠ” ê¸ˆìœµì„¹í„°ì˜ ë””ì§€í„¸ í˜ì‹ ì´ ì£¼ëª©ë°›ëŠ” ë°°ê²½ì´ ë˜ê³  ìˆë‹¤.  

ê³¼ê±° í…Œí¬ì£¼ ì¤‘ì‹¬ì˜ ì‹œì¥ êµ¬ë„ê°€ ë¬´ë„ˆì§ˆ ê²ƒì¸ì§€ëŠ” ì•„ì§ ë¯¸ì§€ìˆ˜ë‹¤. í•˜ì§€ë§Œ ë””ì§€í„¸ ì „í™˜ì´ ê°€ì†í™”ë˜ëŠ” í˜„ì¬, ì‹œì¥ì˜ ì„ íƒì€ ê¸°ìˆ  ìì²´ë³´ë‹¤ ì´ë¥¼ í˜„ì‹¤ì— ì ìš©í•˜ëŠ” ëŠ¥ë ¥ì— ë‹¬ë ¤ ìˆì„ ê²ƒì´ë‹¤.
2025-04-08 02:36:55,982 - utils - INFO - í”„ë¡œê·¸ë¨ ì´ˆê¸°í™” ì™„ë£Œ
2025-04-08 02:37:08,247 - market_analyzer - INFO - Processed 5 news items with date: 2025-04-08
2025-04-08 02:39:17,342 - WDM - INFO - ====== WebDriver manager ======
2025-04-08 02:39:18,143 - WDM - INFO - Get LATEST chromedriver version for google-chrome
2025-04-08 02:39:18,449 - WDM - INFO - Get LATEST chromedriver version for google-chrome
2025-04-08 02:39:18,766 - WDM - INFO - Driver [C:\Users\tpdud\.wdm\drivers\chromedriver\win64\134.0.6998.165\chromedriver-win32/chromedriver.exe] found in cache
2025-04-08 02:40:06,014 - utils - INFO - ë¸”ë¡œê·¸ í¬ìŠ¤íŒ… ì„±ê³µ: **"EFGIF 84% ê¸‰ë“± vs LNVGY 16% í­ë½â€¦ì‹œì¥ ë¶„í™” í˜„ìƒì˜ í•¨ì˜"**  

ìµœê·¼ EFGIFì˜ 84% ê¸‰ë“±ê³¼ LNVGYì˜ 16% í­ë½ì´ ë™ì‹œì— ë°œìƒí•˜ë©° ì‹œì¥ì˜ ê·¹ë‹¨ì  ë¶„í™” í˜„ìƒì´ ë‘ë“œëŸ¬ì§€ê³  ìˆë‹¤. ì´ ê°™ì€ ì›€ì§ì„ì€ ì„ ë¬¼ ì‹œì¥ì˜ í•˜ë½ ì „ë§ê³¼ ë§ë¬¼ë ¤ íˆ¬ììë“¤ì˜ ì‹ ì¤‘í•œ ì ‘ê·¼ì„ ìš”êµ¬í•œë‹¤. íŠ¹ì • ì¢…ëª©ì˜ ê³¼ì—´ ë˜ëŠ” ëƒ‰ê°ì´ ë‹¨ìˆœí•œ ê°œë³„ ì´ìŠˆë¥¼ ë„˜ì–´ ì‹œì¥ ì „ë°˜ì˜ ìœ„í—˜ ì‹ í˜¸ë¡œ í•´ì„ë  ìˆ˜ ìˆê¸° ë•Œë¬¸ì´ë‹¤.  

**"ì—°ì¤€ ë°œì–¸ì— S&P ì„ ë¬¼ 1.8% í•˜ë½â€¦4ì›”ì˜ ê³„ì ˆì  ë¦¬ìŠ¤í¬ ì¬ì ê²€"**  

ì—°ì¤€ì˜ ê¸ˆë¦¬ ì •ì±… ê´€ë ¨ ë°œì–¸ì´ S&P ì„ ë¬¼ì„ 1.8% ëŒì–´ë‚´ë ¸ë‹¤. ì´ëŠ” 4ì›” ì „í†µì ì¸ 'Sell in April' í˜„ìƒê³¼ ê²¹ì¹˜ë©° ì‹œì¥ì˜ ë¶ˆí™•ì‹¤ì„±ì„ ê°€ì¤‘ì‹œí‚¤ê³  ìˆë‹¤. ì—­ì‚¬ì ìœ¼ë¡œ 4ì›”ì€ ë³€ë™ì„±ì´ ë†’ì€ ì‹œê¸°ë¡œ ì•Œë ¤ì ¸ ìˆìœ¼ë‚˜, í˜„ì¬ì˜ í•˜ë½ ì›€ì§ì„ì´ ë‹¨ìˆœí•œ ê³„ì ˆì„±ì¸ì§€, ì•„ë‹ˆë©´ ë³´ë‹¤ ê·¼ë³¸ì ì¸ ì¡°ì •ì˜ ì‹œì‘ì¸ì§€ì— ëŒ€í•œ ë…¼ì˜ê°€ í•„ìš”í•´ ë³´ì¸ë‹¤.  

**"LNVGY í­ë½ì˜ ë°°ê²½â€¦AI PC ìˆ˜ìš” ì „í™˜ê³¼ ì¤‘êµ­ ì‹œì¥ì˜ ì˜í–¥"**  

LNVGYì˜ 16% í­ë½ì€ AI PC ìˆ˜ìš” ì „í™˜ì˜ ì§€ì—° ê°€ëŠ¥ì„±ê³¼ ì¤‘êµ­ ì‹œì¥ì˜ ë¶€ì§„ì´ ë³µí•©ì ìœ¼ë¡œ ì‘ìš©í•œ ê²°ê³¼ë¡œ ë³´ì¸ë‹¤. íŠ¹íˆ ì¤‘êµ­ ë‚´ ê¸°ìˆ  ìˆ˜ìš” ë‘”í™”ê°€ ê¸€ë¡œë²Œ ê³µê¸‰ë§ì— ë¯¸ì¹˜ëŠ” ì˜í–¥ì´ í¬ë‹¤ëŠ” ë¶„ì„ì´ ë‚˜ì˜¤ë©°, í•´ë‹¹ ì¢…ëª©ì˜ ì•½ì„¸ê°€ ë‹¨ìˆœí•œ ì‹¤ì  ì•…í™” ì´ìƒì˜ ì˜ë¯¸ë¥¼ ê°€ì§ˆ ìˆ˜ ìˆìŒì„ ì‹œì‚¬í•œë‹¤.  

**"ë””ì§€í„¸ ìì‚° ê´€ë¦¬ ì„±ì¥ vs PC ì‹œì¥ ìœ„ì¶•â€¦2025ë…„ ì‹œì¥ êµ¬ì¡° ë³€í™” ì˜ˆê³ "**  

ë””ì§€í„¸ ìì‚° ê´€ë¦¬ í”Œë«í¼ì˜ ì„±ì¥ê³¼ PC ì‹œì¥ì˜ ê°ì†Œê°€ ëŒ€ì¡°ë¥¼ ì´ë£¨ë©° ë¯¸ë˜ ì‹œì¥ì˜ êµ¬ì¡°ì  ë³€í™”ë¥¼ ì•”ì‹œí•˜ê³  ìˆë‹¤. 2025ë…„ê¹Œì§€ ì´ ê°™ì€ ì¶”ì„¸ê°€ ì§€ì†ë  ê²½ìš°, íˆ¬ì ìœ ì…ì´ íŠ¹ì • ì„¹í„°ì— ì§‘ì¤‘ë˜ëŠ” í˜„ìƒì´ ë”ìš± ëšœë ·í•´ì§ˆ ì „ë§ì´ë‹¤.  

**"10ë…„ë¬¼ ê¸ˆë¦¬ 4.5% ëŒíŒŒì™€ ë¹…í…Œí¬ ì•½ì„¸â€¦ë‹¤ìŒ ì£¼ CPI ë°œí‘œê°€ ì‹œì¥ ë¶„ê¸°ì  ë  ê²ƒ"**  

10ë…„ë¬¼ ê¸ˆë¦¬ê°€ 4.5%ë¥¼ ëŒíŒŒí•˜ë©´ì„œ ë¹…í…Œí¬ ì¢…ëª©ì˜ ì•½ì„¸ê°€ ì´ì–´ì§€ê³  ìˆë‹¤. ë‹¤ìŒ ì£¼ ì˜ˆì •ëœ CPI ë°œí‘œëŠ” ì‹œì¥ì˜ í–¥í›„ ë°©í–¥ì„±ì„ ê²°ì •í•  ì¤‘ëŒ€í•œ ë³€ìˆ˜ë¡œ ì‘ìš©í•  ì „ë§ì´ë‹¤. ê¸ˆë¦¬ ì¸ìƒ ê¸°ëŒ€ì™€ ì¸í”Œë ˆì´ì…˜ ìš°ë ¤ê°€ êµì°¨í•˜ëŠ” ê°€ìš´ë°, íˆ¬ììë“¤ì€ ë°ì´í„°ì— ëŒ€í•œ ì˜ˆë¯¼í•œ ë°˜ì‘ì„ ë³´ì¼ ê²ƒìœ¼ë¡œ ë³´ì¸ë‹¤.  

**ì¶”ì²œ ì œëª©:**  
**"EFGIF 84% ìƒìŠ¹ê³¼ LNVGY 16% í•˜ë½â€¦ì‹œì¥ ë¶„í™” ì† ì „ëµì  í¬ì¸íŠ¸"**  

ìƒìŠ¹ê³¼ í•˜ë½ ì¢…ëª©ì˜ ê·¹ëª…í•œ ëŒ€ë¹„ëŠ” ì‹œì¥ì˜ ìœ„í—˜ê³¼ ê¸°íšŒê°€ ê³µì¡´í•˜ê³  ìˆìŒì„ ê°•ì¡°í•œë‹¤. ë‹¨ìˆœí•œ ë³€ë™ì„± ë¶„ì„ì„ ë„˜ì–´, ì´ëŸ¬í•œ ë¶„í™” í˜„ìƒì´ í–¥í›„ ëª‡ ì£¼ê°„ì˜ ì‹œì¥ íë¦„ì— ì–´ë–¤ ì‹ í˜¸ë¥¼ ì¤„ì§€ ì£¼ëª©í•  í•„ìš”ê°€ ìˆë‹¤.
2025-04-08 02:42:49,572 - utils - INFO - í”„ë¡œê·¸ë¨ ì´ˆê¸°í™” ì™„ë£Œ
2025-04-08 02:42:58,806 - market_analyzer - INFO - Processed 5 news items with date: 2025-04-08
2025-04-08 02:45:17,821 - WDM - INFO - ====== WebDriver manager ======
2025-04-08 02:45:18,589 - WDM - INFO - Get LATEST chromedriver version for google-chrome
2025-04-08 02:45:18,900 - WDM - INFO - Get LATEST chromedriver version for google-chrome
2025-04-08 02:45:19,209 - WDM - INFO - Driver [C:\Users\tpdud\.wdm\drivers\chromedriver\win64\134.0.6998.165\chromedriver-win32/chromedriver.exe] found in cache
2025-04-08 02:46:22,248 - utils - INFO - ë¸”ë¡œê·¸ í¬ìŠ¤íŒ… ì„±ê³µ: ë‹¤ìŒì€ í˜¸ê¸°ì‹¬ì„ ìœ ë°œí•˜ë©´ì„œë„ ì „ë¬¸ì„±ì„ ë‹´ì€ ë¸”ë¡œê·¸ í¬ìŠ¤íŒ… ì œëª©ì„ ìì—°ìŠ¤ëŸ¬ìš´ ê¸€ í˜•íƒœë¡œ ë‹¤ë“¬ì€ ë‚´ìš©ì…ë‹ˆë‹¤.  

1. EFG ì£¼ê°€ê°€ 84% ê¸‰ë“±í•œ ë°°ê²½ì—ëŠ” APAC ì§€ì—­ ìì‚°ì´ 40% ì¦ê°€í•œ ì ì´ ì£¼ìš”í•œ ì—­í• ì„ í–ˆìŠµë‹ˆë‹¤. ì´ë²ˆ ë°˜ì „ì€ ì‹œì¥ì˜ ì˜ˆìƒì„ ë›°ì–´ë„˜ëŠ” ê²°ê³¼ë¡œ í‰ê°€ë©ë‹ˆë‹¤.  

2. ë ˆë…¸ë²„ ì£¼ê°€ê°€ 16% ì¶”ë½í•œ ì›ì¸ì€ AI ì„œë²„ ë¶€ë¬¸ì˜ ë¶€ì§„ê³¼ ì¤‘êµ­ ì‹œì¥ì˜ ì„±ì¥ ë‘”í™”ê°€ ë³µí•©ì ìœ¼ë¡œ ì‘ìš©í•œ ê²ƒìœ¼ë¡œ ë¶„ì„ë©ë‹ˆë‹¤. ì´ë²ˆ í•˜ë½ì€ 3ê°€ì§€ ìš”ì¸ì´ ì¤‘ì²©ëœ ê²°ê³¼ì…ë‹ˆë‹¤.  

3. í•´ë¦¬í¬í„°ì™€ ì•„ë°”íƒ€ í”„ëœì°¨ì´ì¦ˆ ê°„ì˜ ì½˜í…ì¸  ê²½ìŸì´ ë‹¤ì‹œ ë¶ˆë¶™ìœ¼ë©´ì„œ ìŠ¤íŠ¸ë¦¬ë° ì‹œì¥ì˜ ì£¼ë„ê¶Œì„ ë†“ê³  ì¹˜ì—´í•œ ê²½ìŸì´ ì˜ˆìƒë©ë‹ˆë‹¤.  

4. CPI ë°œí‘œ í›„ S&P500 ì„ ë¬¼ì´ 1.8% í•˜ë½í–ˆìœ¼ë©°, 6ì›” ê¸ˆë¦¬ ì¸í•˜ í™•ë¥ ì€ 78%ì—ì„œ 41%ë¡œ ê¸‰ë½í–ˆìŠµë‹ˆë‹¤. ì´ë²ˆ ë°ì´í„°ëŠ” ì‹œì¥ ì˜ˆì¸¡ì„ í¬ê²Œ ë’¤í”ë“¤ì—ˆìŠµë‹ˆë‹¤.  

5. NFL ë“œë˜í”„íŠ¸ê°€ ì§€ì—­ ê²½ì œì— ë¯¸ì¹œ ì˜í–¥ì€ 1.2ì–µ ë‹¬ëŸ¬ì— ë‹¬í•˜ëŠ” ê²ƒìœ¼ë¡œ ì§‘ê³„ë˜ì—ˆìŠµë‹ˆë‹¤. ìŠ¤í¬ì¸  ì´ë²¤íŠ¸ê°€ ì§€ì—­ ê²½ì œ ì§€ë„ë¥¼ ë°”ê¾¸ëŠ” ì‚¬ë¡€ëŠ” ì ì  ë” ëŠ˜ì–´ë‚˜ê³  ìˆìŠµë‹ˆë‹¤.
2025-04-08 02:48:34,350 - utils - INFO - í”„ë¡œê·¸ë¨ ì´ˆê¸°í™” ì™„ë£Œ
2025-04-08 02:48:44,026 - market_analyzer - INFO - Processed 5 news items with date: 2025-04-08
2025-04-08 02:50:55,226 - utils - INFO - í”„ë¡œê·¸ë¨ ì´ˆê¸°í™” ì™„ë£Œ
2025-04-08 02:51:03,510 - market_analyzer - INFO - Processed 5 news items with date: 2025-04-08
2025-04-08 02:52:57,563 - WDM - INFO - ====== WebDriver manager ======
2025-04-08 02:52:58,355 - WDM - INFO - Get LATEST chromedriver version for google-chrome
2025-04-08 02:52:58,673 - WDM - INFO - Get LATEST chromedriver version for google-chrome
2025-04-08 02:52:59,032 - WDM - INFO - Driver [C:\Users\tpdud\.wdm\drivers\chromedriver\win64\134.0.6998.165\chromedriver-win32/chromedriver.exe] found in cache
2025-04-08 02:53:56,282 - utils - ERROR - ë¸”ë¡œê·¸ í¬ìŠ¤íŒ… ì‹¤íŒ¨
2025-04-08 02:56:10,025 - utils - INFO - í”„ë¡œê·¸ë¨ ì´ˆê¸°í™” ì™„ë£Œ
2025-04-08 02:56:19,697 - market_analyzer - INFO - Processed 5 news items with date: 2025-04-08
2025-04-08 02:57:57,121 - WDM - INFO - ====== WebDriver manager ======
2025-04-08 02:57:57,881 - WDM - INFO - Get LATEST chromedriver version for google-chrome
2025-04-08 02:57:58,235 - WDM - INFO - Get LATEST chromedriver version for google-chrome
2025-04-08 02:57:58,569 - WDM - INFO - Driver [C:\Users\tpdud\.wdm\drivers\chromedriver\win64\134.0.6998.165\chromedriver-win32/chromedriver.exe] found in cache
2025-04-08 02:59:02,700 - utils - INFO - ë¸”ë¡œê·¸ í¬ìŠ¤íŒ… ì„±ê³µ: "2025ë…„ ì‹œì¥ì˜ ê·¹ë‹¨ì  ë¶„í™”: EFGIF 84% ê¸‰ë“±ê³¼ SMSEY 19% í­ë½ì˜ í•¨ì˜"  

ìµœê·¼ ê¸€ë¡œë²Œ ì‹œì¥ì—ì„œ EFGIFì˜ 84% ê¸‰ë“±ê³¼ SMSEYì˜ 19% í­ë½ì´ ë™ì‹œì— ë°œìƒí•˜ë©° íˆ¬ììë“¤ì˜ í˜¼ë€ì„ ê°€ì¤‘ì‹œí‚¤ê³  ìˆë‹¤. ì´ ê°™ì€ ê·¹ë‹¨ì  ë³€ë™ì„±ì€ ë‹¨ìˆœí•œ ì£¼ê°€ ì›€ì§ì„ì„ ë„˜ì–´ ì‹œì¥ êµ¬ì¡°ì˜ ë³€í™”ë¥¼ ì•”ì‹œí•œë‹¤.  

EFGIFì˜ ìƒìŠ¹ì€ ì¸ê³µì§€ëŠ¥ ê´€ë ¨ ìˆ˜ìš” ê¸‰ì¦ê³¼ ì‹¤ì  í˜¸ì¡°ì— ê¸°ì¸í•œ ê²ƒìœ¼ë¡œ ë¶„ì„ëœë‹¤. ë°˜ë©´ SMSEYì˜ í•˜ë½ì€ ê¸€ë¡œë²Œ ê³µê¸‰ë§ ì¬í¸ê³¼ ìˆ˜ì¶œ ë¶€ì§„ì˜ ì˜í–¥ì´ í¬ë‹¤. ê°™ì€ ì‹œì¥ì—ì„œ ì™„ì „íˆ ìƒë°˜ëœ íë¦„ì´ ê³µì¡´í•˜ëŠ” í˜„ìƒì€ 2025ë…„ì„ ì•ë‘” ì‹œì¥ì˜ ë¶ˆí™•ì‹¤ì„±ì„ ë‹¨ì ìœ¼ë¡œ ë³´ì—¬ì¤€ë‹¤.  

íŠ¹íˆ ê¸ˆìœµì£¼ ê°•ì„¸ì™€ ì†Œë¹„ì£¼ ì•½ì„¸ê°€ ë™ì‹œì— ë‚˜íƒ€ë‚˜ëŠ” í˜¼ì¡° ì¥ì„¸ëŠ” ê²½ê¸° íšŒë³µ ê¸°ëŒ€ì™€ ì¸í”Œë ˆì´ì…˜ ìš°ë ¤ê°€ êµì°¨í•˜ëŠ” ë³µì¡í•œ í™˜ê²½ì„ ë°˜ì˜í•œë‹¤. ì¼ê°ì—ì„œëŠ” ë¸”ë™ë¨¼ë°ì´ë¥¼ ìš°ë ¤í•˜ëŠ” ëª©ì†Œë¦¬ë„ ë‚˜ì˜¤ì§€ë§Œ, ì—”í„°í…Œì¸ë¨¼íŠ¸ ì‚°ì—…ì˜ í˜¸ì¡°ì™€ ê°™ì€ ì´ì¤‘ì  ì‹ í˜¸ëŠ” ì‹œì¥ íŒë…ì„ ë”ìš± ì–´ë µê²Œ ë§Œë“ ë‹¤.  

ì´ëŸ¬í•œ ë¶„í™” í˜„ìƒì´ ë‹¨ê¸°ì  ì¡°ì •ì— ê·¸ì¹ ì§€, ì•„ë‹ˆë©´ ìƒˆë¡œìš´ ì‹œì¥ ì§ˆì„œì˜ ì‹œì‘ì¸ì§€ì— ëŒ€í•œ ë…¼ì˜ê°€ í™œë°œí•˜ë‹¤. ê¸ˆë¦¬ ì¸í•˜ ê¸°ëŒ€ì™€ ì¸í”Œë ˆì´ì…˜ ì••ë ¥ì´ ê³µì¡´í•˜ëŠ” ê°€ìš´ë°, ì‹œì¥ ì°¸ì—¬ìë“¤ì€ ë°ì´í„°ì— ëŒ€í•œ ë³´ë‹¤ ì •êµí•œ í•´ì„ì´ í•„ìš”í•œ ì‹œì ì´ë‹¤.
2025-04-08 03:02:52,125 - utils - INFO - í”„ë¡œê·¸ë¨ ì´ˆê¸°í™” ì™„ë£Œ
2025-04-08 03:02:59,643 - market_analyzer - INFO - Processed 5 news items with date: 2025-04-08
2025-04-08 03:04:29,978 - WDM - INFO - ====== WebDriver manager ======
2025-04-08 03:04:30,794 - WDM - INFO - Get LATEST chromedriver version for google-chrome
2025-04-08 03:04:31,118 - WDM - INFO - Get LATEST chromedriver version for google-chrome
2025-04-08 03:04:31,433 - WDM - INFO - Driver [C:\Users\tpdud\.wdm\drivers\chromedriver\win64\134.0.6998.165\chromedriver-win32/chromedriver.exe] found in cache
2025-04-08 03:05:32,652 - utils - INFO - ë¸”ë¡œê·¸ í¬ìŠ¤íŒ… ì„±ê³µ: 2025ë…„ ì‹œì¥, ê·¹ë‹¨ì  ë³€ë™ì„± ì† íˆ¬ì ì „ëµì˜ ë°©í–¥ì„±  

ìµœê·¼ ê¸€ë¡œë²Œ ì‹œì¥ì€ ê¸ˆìœµì£¼ ê¸‰ë“±ê³¼ ì†Œë¹„ì¬ì£¼ í­ë½ì´ë¼ëŠ” ê·¹ëª…í•œ ë¶„í™” í˜„ìƒì„ ë³´ì´ë©° íˆ¬ììë“¤ì—ê²Œ í˜¼ë€ì„ ì£¼ê³  ìˆìŠµë‹ˆë‹¤. ë¯¸êµ­ ì£¼ì‹ ì„ ë¬¼ì˜ ì¶”ê°€ í•˜ë½ ì „ë§ì´ ì œê¸°ë˜ë©´ì„œ ì‹œì¥ì˜ ì—°ì‡„ ì¶©ê²©ì— ëŒ€í•œ ìš°ë ¤ë„ ì»¤ì§€ê³  ìˆëŠ” ìƒí™©ì…ë‹ˆë‹¤.  

ì´ëŸ¬í•œ ë³€ë™ì„± í™•ëŒ€ëŠ” ê¸ˆë¦¬ ì¸ìƒê³¼ ê¸°ì—… ì‹¤ì  ì•…í™”ë¼ëŠ” ì´ì¤‘ê³ ì— ê¸°ì¸í•©ë‹ˆë‹¤. íŠ¹íˆ, ì£¼ìš” ì¤‘ì•™ì€í–‰ë“¤ì˜ ê¸´ì¶• ì •ì±… ì§€ì†ê³¼ ê¸°ì—…ë“¤ì˜ ìˆ˜ìµì„± ë‘”í™”ê°€ ë§ë¬¼ë¦¬ë©´ì„œ ì‹œì¥ì˜ ë¶ˆí™•ì‹¤ì„±ì´ ë”ìš± ê°€ì¤‘ë˜ê³  ìˆìŠµë‹ˆë‹¤. ì¼ê°ì—ì„œëŠ” ë°©ì–´ì  í¬íŠ¸í´ë¦¬ì˜¤ ì¬í¸ì´ ìœ íš¨í•œ ëŒ€ì‘ì±…ì¼ ìˆ˜ ìˆë‹¤ëŠ” ë¶„ì„ë„ ë‚˜ì˜¤ì§€ë§Œ, ê³¼ì—° ì´ëŒ€ë¡œë§Œ í˜ëŸ¬ê°ˆì§€ëŠ” ë¯¸ì§€ìˆ˜ì…ë‹ˆë‹¤.  

í˜„ì¬ì˜ ì‹œì¥ í™˜ê²½ì€ ë‹¨ìˆœí•œ ì¡°ì •ì„ ë„˜ì–´ êµ¬ì¡°ì ì¸ ë³€í™”ì˜ ì‹ í˜¸ë¡œ ì½í™ë‹ˆë‹¤. íˆ¬ììë“¤ì€ ë‹¨ê¸°ì ì¸ ë³€ë™ì„±ì— íœ©ì“¸ë¦¬ê¸°ë³´ë‹¤ ì‹œì¥ì˜ ê·¼ë³¸ì ì¸ íë¦„ì„ íŒŒì•…í•˜ëŠ” ë° ì§‘ì¤‘í•  í•„ìš”ê°€ ìˆìŠµë‹ˆë‹¤. íŠ¹íˆ, ì„¹í„° ê°„ ë¶„í™”ê°€ ì‹¬í™”ë˜ëŠ” ë§Œí¼, ê°œë³„ ì‚°ì—…ì˜ ì„±ì¥ ì ì¬ë ¥ê³¼ ë¦¬ìŠ¤í¬ ìš”ì¸ì„ ì„¸ë°€í•˜ê²Œ í‰ê°€í•˜ëŠ” ê²ƒì´ ì¤‘ìš”í•´ì¡ŒìŠµë‹ˆë‹¤.  

ì•ìœ¼ë¡œì˜ ì‹œì¥ì€ ë³´ë‹¤ ì˜ˆì¸¡í•˜ê¸° ì–´ë ¤ìš´ êµ­ë©´ìœ¼ë¡œ ì ‘ì–´ë“¤ ê°€ëŠ¥ì„±ì´ í½ë‹ˆë‹¤. íˆ¬ì ì „ëµì„ ìˆ˜ë¦½í•  ë•ŒëŠ” ìœ ë™ì„± í™˜ê²½, ì •ì±… ë³€í™”, ê¸€ë¡œë²Œ ê²½ì œì˜ ìƒí˜¸ì—°ê´€ì„± ë“±ì„ ì¢…í•©ì ìœ¼ë¡œ ê³ ë ¤í•´ì•¼ í•  ì‹œì ì…ë‹ˆë‹¤.
2025-04-08 03:07:39,077 - utils - INFO - í”„ë¡œê·¸ë¨ ì´ˆê¸°í™” ì™„ë£Œ
2025-04-08 03:07:48,377 - market_analyzer - INFO - Processed 5 news items with date: 2025-04-08
2025-04-08 03:09:23,917 - utils - INFO - í”„ë¡œê·¸ë¨ ì´ˆê¸°í™” ì™„ë£Œ
2025-04-08 03:09:31,843 - market_analyzer - INFO - Processed 5 news items with date: 2025-04-08
2025-04-08 03:10:51,118 - WDM - INFO - ====== WebDriver manager ======
2025-04-08 03:10:51,874 - WDM - INFO - Get LATEST chromedriver version for google-chrome
2025-04-08 03:10:52,198 - WDM - INFO - Get LATEST chromedriver version for google-chrome
2025-04-08 03:10:52,500 - WDM - INFO - Driver [C:\Users\tpdud\.wdm\drivers\chromedriver\win64\134.0.6998.165\chromedriver-win32/chromedriver.exe] found in cache
2025-04-08 03:11:28,978 - utils - ERROR - ë¸”ë¡œê·¸ í¬ìŠ¤íŒ… ì‹¤íŒ¨
2025-04-08 03:17:23,445 - utils - INFO - í”„ë¡œê·¸ë¨ ì´ˆê¸°í™” ì™„ë£Œ
2025-04-08 03:17:30,699 - market_analyzer - INFO - Processed 5 news items with date: 2025-04-08
2025-04-08 03:18:44,085 - WDM - INFO - ====== WebDriver manager ======
2025-04-08 03:18:44,868 - WDM - INFO - Get LATEST chromedriver version for google-chrome
2025-04-08 03:18:45,478 - WDM - INFO - Get LATEST chromedriver version for google-chrome
2025-04-08 03:18:46,017 - WDM - INFO - Driver [C:\Users\tpdud\.wdm\drivers\chromedriver\win64\134.0.6998.165\chromedriver-win32/chromedriver.exe] found in cache
2025-04-08 03:19:46,949 - utils - INFO - ë¸”ë¡œê·¸ í¬ìŠ¤íŒ… ì„±ê³µ: - EFG International AG ê¸‰ë“±ê³¼ Samsonite í­ë½â€¦ì‹œì¥ ë³€ë™ì„± í™•ëŒ€ì˜ ì‹ í˜¸ì¸ê°€?  
- ê¸ˆìœµì£¼ ê°•ì„¸ vs ì†Œë¹„ì¬ì£¼ ì•½ì„¸â€¦ì‹œì¥ ë¶„í™”ê°€ ì˜ˆê³ í•˜ëŠ” ê²ƒì€?  
- ì‹¤ì  ë°œí‘œì™€ ì„¹í„°ë³„ ê·¹ì‹¬í•œ ë³€ë™ì„±â€¦ì‹œì¥ ì „ë§ì€ ì–´ë–»ê²Œ ë‹¬ë¼ì§€ë‚˜?  
- EFG 84% ê¸‰ë“±, Samsonite 19% í­ë½â€¦ì‹œì¥ì˜ ë¦¬ìŠ¤í¬ ì„ í˜¸ë„ê°€ ë°”ë€Œê³  ìˆë‹¤?  
- ê¸ˆìœµ ì„¹í„° ë‚™ê´€ vs ì†Œë¹„ì¬ ê²½ê³ â€¦ê¸€ë¡œë²Œ ì‹œì¥ì˜ ë‹¤ìŒ íë¦„ì€?
2025-04-08 03:21:09,507 - utils - INFO - í”„ë¡œê·¸ë¨ ì´ˆê¸°í™” ì™„ë£Œ
2025-04-08 03:21:16,897 - market_analyzer - INFO - Processed 5 news items with date: 2025-04-08
2025-04-08 03:22:29,360 - WDM - INFO - ====== WebDriver manager ======
2025-04-08 03:22:30,124 - WDM - INFO - Get LATEST chromedriver version for google-chrome
2025-04-08 03:22:30,433 - WDM - INFO - Get LATEST chromedriver version for google-chrome
2025-04-08 03:22:30,739 - WDM - INFO - Driver [C:\Users\tpdud\.wdm\drivers\chromedriver\win64\134.0.6998.165\chromedriver-win32/chromedriver.exe] found in cache
2025-04-08 03:23:10,770 - utils - ERROR - ë¸”ë¡œê·¸ í¬ìŠ¤íŒ… ì‹¤íŒ¨
2025-04-08 03:28:12,791 - utils - INFO - í”„ë¡œê·¸ë¨ ì´ˆê¸°í™” ì™„ë£Œ
2025-04-08 03:28:22,378 - market_analyzer - INFO - Processed 5 news items with date: 2025-04-08
2025-04-08 03:29:45,463 - WDM - INFO - ====== WebDriver manager ======
2025-04-08 03:29:46,245 - WDM - INFO - Get LATEST chromedriver version for google-chrome
2025-04-08 03:29:46,563 - WDM - INFO - Get LATEST chromedriver version for google-chrome
2025-04-08 03:29:46,889 - WDM - INFO - Driver [C:\Users\tpdud\.wdm\drivers\chromedriver\win64\134.0.6998.165\chromedriver-win32/chromedriver.exe] found in cache
2025-04-08 03:30:20,326 - utils - ERROR - ë¸”ë¡œê·¸ í¬ìŠ¤íŒ… ì‹¤íŒ¨
2025-04-08 03:33:03,684 - utils - INFO - í”„ë¡œê·¸ë¨ ì´ˆê¸°í™” ì™„ë£Œ
2025-04-08 03:33:11,550 - market_analyzer - INFO - Processed 5 news items with date: 2025-04-08
2025-04-08 03:34:27,189 - WDM - INFO - ====== WebDriver manager ======
2025-04-08 03:34:27,957 - WDM - INFO - Get LATEST chromedriver version for google-chrome
2025-04-08 03:34:28,321 - WDM - INFO - Get LATEST chromedriver version for google-chrome
2025-04-08 03:34:28,645 - WDM - INFO - Driver [C:\Users\tpdud\.wdm\drivers\chromedriver\win64\134.0.6998.165\chromedriver-win32/chromedriver.exe] found in cache
2025-04-08 03:35:28,718 - utils - INFO - ë¸”ë¡œê·¸ í¬ìŠ¤íŒ… ì„±ê³µ: "EFG 84% ê¸‰ë“±ê³¼ ECB ê¸ˆë¦¬ ì¸í•˜ ê¸°ëŒ€â€¦ìœ ëŸ½ ê¸ˆìœµì£¼ì˜ ë¶€í™œì€ ì§€ì†ë ê¹Œ?"
2025-04-08 07:30:47,697 - utils - INFO - í”„ë¡œê·¸ë¨ ì´ˆê¸°í™” ì™„ë£Œ
2025-04-08 07:30:55,390 - market_analyzer - INFO - Processed 5 news items with date: 2025-04-08
2025-04-08 07:31:58,132 - WDM - INFO - ====== WebDriver manager ======
2025-04-08 07:31:58,970 - WDM - INFO - Get LATEST chromedriver version for google-chrome
2025-04-08 07:31:59,384 - WDM - INFO - Get LATEST chromedriver version for google-chrome
2025-04-08 07:31:59,768 - WDM - INFO - Driver [C:\Users\tpdud\.wdm\drivers\chromedriver\win64\134.0.6998.165\chromedriver-win32/chromedriver.exe] found in cache
2025-04-08 07:33:01,950 - utils - INFO - ë¸”ë¡œê·¸ í¬ìŠ¤íŒ… ì„±ê³µ: "ê¸‰ë“±ë½ ì¢…ëª©ì´ ë¶€ì¶”ê¸°ëŠ” ì‹œì¥ ë³€ë™ì„±â€¦CPI ë°ì´í„°ì™€ Fed ì •ì±…ì´ ê²°ì •ì  ë³€ìˆ˜ë ê¹Œ?"
2025-04-08 13:38:56,886 - utils - INFO - í”„ë¡œê·¸ë¨ ì´ˆê¸°í™” ì™„ë£Œ
2025-04-08 13:38:57,864 - data_collector - ERROR - Error collecting gainers data: Missing optional dependency 'lxml'.  Use pip or conda to install lxml.
2025-04-08 13:38:58,788 - data_collector - ERROR - Error collecting losers data: Missing optional dependency 'lxml'.  Use pip or conda to install lxml.
2025-04-08 13:38:59,771 - data_collector - ERROR - Error collecting most_active data: Missing optional dependency 'lxml'.  Use pip or conda to install lxml.
2025-04-08 13:39:00,820 - data_collector - ERROR - Error collecting top_etfs data: Missing optional dependency 'lxml'.  Use pip or conda to install lxml.
2025-04-08 13:40:06,528 - utils - INFO - í”„ë¡œê·¸ë¨ ì´ˆê¸°í™” ì™„ë£Œ
2025-04-08 13:40:11,954 - market_analyzer - INFO - Processed 5 news items with date: 2025-04-08
2025-04-08 13:41:51,279 - utils - ERROR - ë¸”ë¡œê·¸ í¬ìŠ¤íŒ… ì‹¤íŒ¨
2025-04-08 21:00:30,107 - utils - INFO - í”„ë¡œê·¸ë¨ ì´ˆê¸°í™” ì™„ë£Œ
2025-04-08 21:00:38,137 - market_analyzer - INFO - Processed 5 news items with date: 2025-04-08
2025-04-08 21:03:06,813 - utils - INFO - ë¸”ë¡œê·¸ í¬ìŠ¤íŒ… ì„±ê³µ: "EFG International AG 84% ê¸‰ë“±â€¦ ìœ ëŸ½ ê¸ˆìœµì„¹í„° ë³€ë™ì„± í™•ëŒ€ ì‹ í˜¸ì¼ê¹Œ?"
2025-04-08 22:38:43,611 - utils - INFO - í”„ë¡œê·¸ë¨ ì´ˆê¸°í™” ì™„ë£Œ
2025-04-08 22:38:51,387 - market_analyzer - INFO - Processed 5 news items with date: 2025-04-08
2025-04-08 22:41:23,583 - utils - INFO - ë¸”ë¡œê·¸ í¬ìŠ¤íŒ… ì„±ê³µ: - í—¬ìŠ¤ì¼€ì–´ ê°•ì„¸ vs í…Œí¬ ì•½ì„¸â€¦ì‹œì¥ íšŒì „(Sector Rotation) ê°€ì†í™”ì˜ ë°°ê²½ì€?
2025-04-09 07:30:20,672 - utils - INFO - í”„ë¡œê·¸ë¨ ì´ˆê¸°í™” ì™„ë£Œ
2025-04-09 07:30:26,513 - market_analyzer - INFO - Processed 5 news items with date: 2025-04-09
2025-04-09 07:32:47,666 - utils - INFO - ë¸”ë¡œê·¸ í¬ìŠ¤íŒ… ì„±ê³µ: "í—¬ìŠ¤ì¼€ì–´ ì„¹í„° ì–‘ê·¹í™” ì‹¬í™”â€¦ê´€ë¦¬ ì˜ë£Œ vs ìƒëª…ê³¼í•™, ì–´ë””ë¡œ ê°ˆê¹Œ?"
2025-04-09 21:00:56,280 - utils - INFO - í”„ë¡œê·¸ë¨ ì´ˆê¸°í™” ì™„ë£Œ
2025-04-09 21:01:02,041 - market_analyzer - INFO - Processed 5 news items with date: 2025-04-09
2025-04-09 21:03:32,893 - utils - INFO - ë¸”ë¡œê·¸ í¬ìŠ¤íŒ… ì„±ê³µ: "í—¬ìŠ¤ì¼€ì–´ ì„¹í„° ì–‘ê·¹í™”, ê´€ë¦¬ì˜ë£Œ ê°•ì„¸ vs ë°”ì´ì˜¤í… ì•½ì„¸â€¦ì‹œì¥ ì „ë§ì€?"
2025-04-10 09:09:21,699 - utils - INFO - í”„ë¡œê·¸ë¨ ì´ˆê¸°í™” ì™„ë£Œ
2025-04-10 09:09:27,588 - market_analyzer - INFO - Processed 5 news items with date: 2025-04-10
2025-04-10 09:11:36,691 - utils - INFO - ë¸”ë¡œê·¸ í¬ìŠ¤íŒ… ì„±ê³µ: "RH ì£¼ê°€ 28% ê¸‰ë“±â€¦í”„ë¦¬ë¯¸ì—„ ì†Œë¹„ì¬ ì‹œì¥ì˜ ì„±ì¥ ê°€ëŠ¥ì„±ì€?"
2025-04-10 09:11:45,014 - utils - INFO - í”„ë¡œê·¸ë¨ ì´ˆê¸°í™” ì™„ë£Œ
2025-04-10 09:11:50,520 - market_analyzer - INFO - Processed 5 news items with date: 2025-04-10
2025-04-10 09:13:55,780 - utils - ERROR - ë¸”ë¡œê·¸ í¬ìŠ¤íŒ… ì‹¤íŒ¨
2025-04-10 09:14:50,186 - utils - INFO - í”„ë¡œê·¸ë¨ ì´ˆê¸°í™” ì™„ë£Œ
2025-04-10 09:14:53,941 - market_analyzer - INFO - Processed 5 news items with date: 2025-04-10
2025-04-10 09:17:18,715 - utils - INFO - ë¸”ë¡œê·¸ í¬ìŠ¤íŒ… ì„±ê³µ: - RPM International ì‹¤ì  ë¶€ì§„ì´ ê±´ì„¤ ìì¬ ì—…ì¢…ì— ë¯¸ì¹œ ì˜í–¥ì€?  
- ì›ìì¬ ê°€ê²© ìƒìŠ¹ ì† ê¸°ì—…ë“¤ì˜ ìˆ˜ìµì„± ì••ë°•â€¦ì‹œì¥ ì „ë§ì€?  
- ê±´ì„¤ ìì¬ ì—…ì¢… ì•½ì„¸ vs ì—”í„°í…Œì¸ë¨¼íŠ¸ ê°•ì„¸â€¦ì‹œì¥ ë¶„í™”ì˜ ì›ì¸ì€?  
- ì¸í”Œë ˆì´ì…˜ê³¼ ê³µê¸‰ë§ ì´ìŠˆê°€ ì‹œì¥ì— ë˜ì§€ëŠ” ì‹œê·¸ë„ì€?  
- ê¸°ì—…ë“¤ì˜ ì›ê°€ ì „ê°€ ëŠ¥ë ¥ì´ ì£¼ê°€ íë¦„ì„ ì¢Œìš°í• ê¹Œ?  

ìµœì¢… ì„ íƒ:  
"RPM International ì‹¤ì  ë¶€ì§„ì´ ê±´ì„¤ ìì¬ ì—…ì¢…ì— ë¯¸ì¹œ ì˜í–¥ì€?"  

ì´ ì œëª©ì€ RPM Internationalì˜ ì‹¤ì  ë¶€ì§„ì´ íŠ¹ì • ì—…ì¢…(ê±´ì„¤ ìì¬)ì— ë¯¸ì¹œ ì˜í–¥ì„ ì˜ë¬¸í˜•ìœ¼ë¡œ ì „ë‹¬í•˜ë©°, ì‹œì¥ì˜ í•µì‹¬ ì´ìŠˆë¥¼ ë°˜ì˜í•©ë‹ˆë‹¤. ë˜í•œ ê°œë³„ ì¢…ëª©ë³´ë‹¤ëŠ” ì—…ì¢…ê³¼ ì‹œì¥ íë¦„ì— ì´ˆì ì„ ë§ì¶”ì–´ ì „ë¬¸ì„±ì„ ìœ ì§€í•˜ë©´ì„œë„ ê°„ê²°í•˜ê²Œ í‘œí˜„í–ˆìŠµë‹ˆë‹¤.
2025-04-10 09:21:23,652 - utils - INFO - í”„ë¡œê·¸ë¨ ì´ˆê¸°í™” ì™„ë£Œ
2025-04-10 09:21:29,327 - market_analyzer - INFO - Processed 5 news items with date: 2025-04-10
2025-04-10 09:22:39,254 - utils - INFO - í”„ë¡œê·¸ë¨ ì´ˆê¸°í™” ì™„ë£Œ
2025-04-10 09:22:45,049 - market_analyzer - INFO - Processed 5 news items with date: 2025-04-10
2025-04-10 09:25:01,720 - utils - ERROR - ë¸”ë¡œê·¸ í¬ìŠ¤íŒ… ì‹¤íŒ¨
2025-04-10 10:51:57,290 - utils - INFO - í”„ë¡œê·¸ë¨ ì´ˆê¸°í™” ì™„ë£Œ
2025-04-10 10:52:03,023 - data_collector - ERROR - Error collecting news: Invalid character '(' position 5
  line 1:
h3.Mb(5px)
     ^
2025-04-10 10:53:33,506 - utils - INFO - í”„ë¡œê·¸ë¨ ì´ˆê¸°í™” ì™„ë£Œ
2025-04-10 10:53:40,799 - data_collector - ERROR - Error collecting news: Invalid character '(' position 5
  line 1:
h3.Mb(5px)
     ^
2025-04-10 10:55:53,642 - utils - INFO - ë¸”ë¡œê·¸ í¬ìŠ¤íŒ… ì„±ê³µ: "ë¯¸êµ­ ê¸ˆë¦¬ ë™ê²° ì§€ì† ì† AIÂ·ì¬ìƒì—ë„ˆì§€ ì£¼ëª©â€¦ì‹œì¥ì˜ ë‹¤ìŒ í–‰ë³´ëŠ”?"
2025-04-10 10:58:22,902 - utils - INFO - í”„ë¡œê·¸ë¨ ì´ˆê¸°í™” ì™„ë£Œ
2025-04-10 10:58:28,610 - data_collector - ERROR - Error collecting news: Invalid character '(' position 5
  line 1:
h3.Mb(5px)
     ^
2025-04-10 11:00:20,380 - utils - ERROR - ë¸”ë¡œê·¸ í¬ìŠ¤íŒ… ì‹¤íŒ¨
2025-04-10 11:05:12,689 - utils - INFO - í”„ë¡œê·¸ë¨ ì´ˆê¸°í™” ì™„ë£Œ
2025-04-10 11:05:18,803 - market_analyzer - INFO - Processed 5 news items with date: 2025-04-10
2025-04-10 11:07:36,818 - utils - INFO - ë¸”ë¡œê·¸ í¬ìŠ¤íŒ… ì„±ê³µ: - ë¯¸êµ­ ê´€ì„¸ ìœ ì˜ˆ ë°œí‘œë¡œ ë‹ˆì¼€ì´ 225 8% ê¸‰ë“±â€¦ ì•„ì‹œì•„ ì‹œì¥ ë°˜ë“±ì˜ ì§€ì† ê°€ëŠ¥ì„±ì€?
2025-04-10 21:00:30,178 - utils - INFO - í”„ë¡œê·¸ë¨ ì´ˆê¸°í™” ì™„ë£Œ
2025-04-10 21:00:37,495 - market_analyzer - INFO - Processed 5 news items with date: 2025-04-10
2025-04-10 21:03:21,902 - utils - INFO - ë¸”ë¡œê·¸ í¬ìŠ¤íŒ… ì„±ê³µ: "íŠ¸ëŸ¼í”„ ê´€ì„¸ ìœ ì˜ˆë¡œ ì£¼ì‹Â·ì±„ê¶Œ ì‹œì¥ ë°˜ë“±â€¦ì¥ê¸°ì  ì˜í–¥ì€?"
2025-04-11 07:30:28,557 - utils - INFO - í”„ë¡œê·¸ë¨ ì´ˆê¸°í™” ì™„ë£Œ
2025-04-11 07:30:34,375 - market_analyzer - INFO - Processed 5 news items with date: 2025-04-11
2025-04-11 07:32:08,649 - blog_poster - ERROR - Failed to setup WebDriver: Message: session not created: probably user data directory is already in use, please specify a unique value for --user-data-dir argument, or don't use --user-data-dir
Stacktrace:
	GetHandleVerifier [0x00007FF70ED21F55+78133]
	GetHandleVerifier [0x00007FF70ED21FB0+78224]
	(No symbol) [0x00007FF70EAE91BA]
	(No symbol) [0x00007FF70EB25A1A]
	(No symbol) [0x00007FF70EB219DD]
	(No symbol) [0x00007FF70EB75108]
	(No symbol) [0x00007FF70EB746E0]
	(No symbol) [0x00007FF70EB66F33]
	(No symbol) [0x00007FF70EB30358]
	(No symbol) [0x00007FF70EB310C3]
	GetHandleVerifier [0x00007FF70EFEBA8D+3001453]
	GetHandleVerifier [0x00007FF70EFE5E72+2977874]
	GetHandleVerifier [0x00007FF70F00497D+3103581]
	GetHandleVerifier [0x00007FF70ED3C7EA+186826]
	GetHandleVerifier [0x00007FF70ED443FF+218591]
	GetHandleVerifier [0x00007FF70ED29D94+110452]
	GetHandleVerifier [0x00007FF70ED29F42+110882]
	GetHandleVerifier [0x00007FF70ED10379+5465]
	BaseThreadInitThunk [0x00007FFA88277374+20]
	RtlUserThreadStart [0x00007FFA89F9CC91+33]
Traceback (most recent call last):
  File "c:\Users\aaa\code\blog\blog\src\blog_poster.py", line 48, in setup_driver
    self.driver = webdriver.Chrome(service=service, options=options)
                  ~~~~~~~~~~~~~~~~^^^^^^^^^^^^^^^^^^^^^^^^^^^^^^^^^^
  File "C:\Users\aaa\Anaconda3\envs\blog\Lib\site-packages\selenium\webdriver\chrome\webdriver.py", line 45, in __init__
    super().__init__(
    ~~~~~~~~~~~~~~~~^
        DesiredCapabilities.CHROME["browserName"],
        ^^^^^^^^^^^^^^^^^^^^^^^^^^^^^^^^^^^^^^^^^^
    ...<3 lines>...
        keep_alive,
        ^^^^^^^^^^^
    )
    ^
  File "C:\Users\aaa\Anaconda3\envs\blog\Lib\site-packages\selenium\webdriver\chromium\webdriver.py", line 56, in __init__
    super().__init__(
    ~~~~~~~~~~~~~~~~^
        command_executor=ChromiumRemoteConnection(
        ^^^^^^^^^^^^^^^^^^^^^^^^^^^^^^^^^^^^^^^^^^
    ...<6 lines>...
        options=options,
        ^^^^^^^^^^^^^^^^
    )
    ^
  File "C:\Users\aaa\Anaconda3\envs\blog\Lib\site-packages\selenium\webdriver\remote\webdriver.py", line 208, in __init__
    self.start_session(capabilities)
    ~~~~~~~~~~~~~~~~~~^^^^^^^^^^^^^^
  File "C:\Users\aaa\Anaconda3\envs\blog\Lib\site-packages\selenium\webdriver\remote\webdriver.py", line 292, in start_session
    response = self.execute(Command.NEW_SESSION, caps)["value"]
               ~~~~~~~~~~~~^^^^^^^^^^^^^^^^^^^^^^^^^^^
  File "C:\Users\aaa\Anaconda3\envs\blog\Lib\site-packages\selenium\webdriver\remote\webdriver.py", line 347, in execute
    self.error_handler.check_response(response)
    ~~~~~~~~~~~~~~~~~~~~~~~~~~~~~~~~~^^^^^^^^^^
  File "C:\Users\aaa\Anaconda3\envs\blog\Lib\site-packages\selenium\webdriver\remote\errorhandler.py", line 229, in check_response
    raise exception_class(message, screen, stacktrace)
selenium.common.exceptions.SessionNotCreatedException: Message: session not created: probably user data directory is already in use, please specify a unique value for --user-data-dir argument, or don't use --user-data-dir
Stacktrace:
	GetHandleVerifier [0x00007FF70ED21F55+78133]
	GetHandleVerifier [0x00007FF70ED21FB0+78224]
	(No symbol) [0x00007FF70EAE91BA]
	(No symbol) [0x00007FF70EB25A1A]
	(No symbol) [0x00007FF70EB219DD]
	(No symbol) [0x00007FF70EB75108]
	(No symbol) [0x00007FF70EB746E0]
	(No symbol) [0x00007FF70EB66F33]
	(No symbol) [0x00007FF70EB30358]
	(No symbol) [0x00007FF70EB310C3]
	GetHandleVerifier [0x00007FF70EFEBA8D+3001453]
	GetHandleVerifier [0x00007FF70EFE5E72+2977874]
	GetHandleVerifier [0x00007FF70F00497D+3103581]
	GetHandleVerifier [0x00007FF70ED3C7EA+186826]
	GetHandleVerifier [0x00007FF70ED443FF+218591]
	GetHandleVerifier [0x00007FF70ED29D94+110452]
	GetHandleVerifier [0x00007FF70ED29F42+110882]
	GetHandleVerifier [0x00007FF70ED10379+5465]
	BaseThreadInitThunk [0x00007FFA88277374+20]
	RtlUserThreadStart [0x00007FFA89F9CC91+33]

2025-04-11 11:43:56,314 - utils - INFO - í”„ë¡œê·¸ë¨ ì´ˆê¸°í™” ì™„ë£Œ
2025-04-11 11:44:02,691 - market_analyzer - INFO - Processed 5 news items with date: 2025-04-11
2025-04-11 11:46:39,424 - utils - INFO - ë¸”ë¡œê·¸ í¬ìŠ¤íŒ… ì„±ê³µ: "ë¯¸ì¤‘ ë¬´ì—­ ê°ˆë“± ì¬ì í™”â€¦ ê¸€ë¡œë²Œ ì‹œì¥ ì¶©ê²©, í•˜ë½ì„¸ ì§€ì†ë ê¹Œ?"
2025-04-11 17:59:16,555 - utils - INFO - í”„ë¡œê·¸ë¨ ì´ˆê¸°í™” ì™„ë£Œ
2025-04-11 17:59:23,290 - market_analyzer - INFO - Processed 5 news items with date: 2025-04-11
2025-04-11 17:59:30,197 - data_collector - ERROR - Error analyzing HMY: could not convert string to float: '12.82M'
2025-04-11 17:59:30,893 - data_collector - ERROR - Error analyzing SMMT: could not convert string to float: '8.378M'
2025-04-11 17:59:31,729 - data_collector - ERROR - Error analyzing GFI: could not convert string to float: '6.621M'
2025-04-11 17:59:33,365 - data_collector - ERROR - Error analyzing OR: could not convert string to float: '2.06M'
2025-04-11 17:59:34,078 - data_collector - ERROR - Error analyzing ALHC: could not convert string to float: '4.439M'
2025-04-11 17:59:34,848 - data_collector - ERROR - Error analyzing AU: could not convert string to float: '3.809M'
2025-04-11 17:59:35,553 - data_collector - ERROR - Error analyzing ORLA: could not convert string to float: '2.611M'
2025-04-11 17:59:36,977 - data_collector - ERROR - Error analyzing AGL: could not convert string to float: '7.298M'
2025-04-11 17:59:37,876 - data_collector - ERROR - Error analyzing IAG: could not convert string to float: '33.591M'
2025-04-11 17:59:38,618 - data_collector - ERROR - Error analyzing AEM: could not convert string to float: '7.414M'
2025-04-11 17:59:39,365 - data_collector - ERROR - Error analyzing AGI: could not convert string to float: '5.581M'
2025-04-11 17:59:40,095 - data_collector - ERROR - Error analyzing EGO: could not convert string to float: '2.779M'
2025-04-11 17:59:40,806 - data_collector - ERROR - Error analyzing LI: could not convert string to float: '10.874M'
2025-04-11 17:59:41,602 - data_collector - ERROR - Error analyzing KGC: could not convert string to float: '23.745M'
2025-04-11 17:59:42,333 - data_collector - ERROR - Error analyzing SAND: could not convert string to float: '5.838M'
2025-04-11 17:59:43,047 - data_collector - ERROR - Error analyzing GDS: could not convert string to float: '5.291M'
2025-04-11 17:59:43,798 - data_collector - ERROR - Error analyzing FNV: could not convert string to float: '1.765M'
2025-04-11 17:59:44,637 - data_collector - ERROR - Error analyzing NEM: could not convert string to float: '20.153M'
2025-04-11 17:59:45,346 - data_collector - ERROR - Error analyzing ACT: could not convert string to float: '1.641M'
2025-04-11 17:59:46,085 - data_collector - ERROR - Error analyzing WPM: could not convert string to float: '3.138M'
2025-04-11 18:02:05,833 - utils - INFO - í”„ë¡œê·¸ë¨ ì´ˆê¸°í™” ì™„ë£Œ
2025-04-11 18:02:13,863 - market_analyzer - INFO - Processed 5 news items with date: 2025-04-11
2025-04-11 18:03:24,098 - utils - INFO - í”„ë¡œê·¸ë¨ ì´ˆê¸°í™” ì™„ë£Œ
2025-04-11 18:03:31,842 - market_analyzer - INFO - Processed 5 news items with date: 2025-04-11
2025-04-11 18:04:40,270 - utils - INFO - í”„ë¡œê·¸ë¨ ì´ˆê¸°í™” ì™„ë£Œ
2025-04-11 18:04:47,714 - market_analyzer - INFO - Processed 5 news items with date: 2025-04-11
2025-04-11 18:04:47,718 - market_analyzer - ERROR - ì‹œì¥ ë¶„ì„ ì¤‘ ì˜¤ë¥˜ ë°œìƒ: MarketDataCollector.get_stock_recommendations() missing 1 required positional argument: 'market_data'
Traceback (most recent call last):
  File "c:\Users\aaa\code\blog_stock\blog\src\market_analyzer.py", line 95, in analyze_market_trend
    recommendations = collector.get_stock_recommendations(num_recommendations=5)
TypeError: MarketDataCollector.get_stock_recommendations() missing 1 required positional argument: 'market_data'
2025-04-11 18:04:54,796 - utils - ERROR - ë¸”ë¡œê·¸ í¬ìŠ¤íŒ… ì¤‘ ì˜¤ë¥˜: NaverBlogPoster.create_post() takes 3 positional arguments but 4 were given
Traceback (most recent call last):
  File "c:\Users\aaa\code\blog_stock\blog\src\main.py", line 140, in main
    success = poster.create_post(title, content, tags)
TypeError: NaverBlogPoster.create_post() takes 3 positional arguments but 4 were given
2025-04-11 18:05:03,191 - utils - INFO - í”„ë¡œê·¸ë¨ ì´ˆê¸°í™” ì™„ë£Œ
2025-04-11 18:05:11,506 - market_analyzer - INFO - Processed 5 news items with date: 2025-04-11
2025-04-11 18:05:11,509 - market_analyzer - ERROR - ì‹œì¥ ë¶„ì„ ì¤‘ ì˜¤ë¥˜ ë°œìƒ: MarketDataCollector.get_stock_recommendations() missing 1 required positional argument: 'market_data'
Traceback (most recent call last):
  File "c:\Users\aaa\code\blog_stock\blog\src\market_analyzer.py", line 95, in analyze_market_trend
    recommendations = collector.get_stock_recommendations(num_recommendations=5)
TypeError: MarketDataCollector.get_stock_recommendations() missing 1 required positional argument: 'market_data'
2025-04-11 18:05:18,385 - utils - ERROR - ë¸”ë¡œê·¸ í¬ìŠ¤íŒ… ì¤‘ ì˜¤ë¥˜: NaverBlogPoster.create_post() takes 3 positional arguments but 4 were given
Traceback (most recent call last):
  File "c:\Users\aaa\code\blog_stock\blog\src\main.py", line 140, in main
    success = poster.create_post(title, content, tags)
TypeError: NaverBlogPoster.create_post() takes 3 positional arguments but 4 were given
2025-04-11 18:06:27,947 - utils - INFO - í”„ë¡œê·¸ë¨ ì´ˆê¸°í™” ì™„ë£Œ
2025-04-11 18:06:35,638 - utils - ERROR - í”„ë¡œê·¸ë¨ ì‹¤í–‰ ì¤‘ ì˜¤ë¥˜ ë°œìƒ: MarketAnalyzer.analyze_market_trend() takes 1 positional argument but 3 were given
Traceback (most recent call last):
  File "c:\Users\aaa\code\blog_stock\blog\src\main.py", line 93, in main
    analysis = analyzer.analyze_market_trend(market_data, news)
TypeError: MarketAnalyzer.analyze_market_trend() takes 1 positional argument but 3 were given
2025-04-11 18:09:29,804 - utils - INFO - í”„ë¡œê·¸ë¨ ì´ˆê¸°í™” ì™„ë£Œ
2025-04-11 18:11:19,428 - utils - ERROR - í”„ë¡œê·¸ë¨ ì‹¤í–‰ ì¤‘ ì˜¤ë¥˜ ë°œìƒ: ë¸”ë¡œê·¸ í¬ìŠ¤íŒ… ì‹¤íŒ¨
Traceback (most recent call last):
  File "c:\Users\aaa\code\blog_stock\blog\src\main.py", line 134, in main
    raise Exception("ë¸”ë¡œê·¸ í¬ìŠ¤íŒ… ì‹¤íŒ¨")
Exception: ë¸”ë¡œê·¸ í¬ìŠ¤íŒ… ì‹¤íŒ¨
2025-04-11 18:14:45,222 - utils - INFO - í”„ë¡œê·¸ë¨ ì´ˆê¸°í™” ì™„ë£Œ
2025-04-11 18:17:04,914 - utils - ERROR - í”„ë¡œê·¸ë¨ ì‹¤í–‰ ì¤‘ ì˜¤ë¥˜ ë°œìƒ: ë¸”ë¡œê·¸ í¬ìŠ¤íŒ… ì‹¤íŒ¨
Traceback (most recent call last):
  File "c:\Users\aaa\code\blog_stock\blog\src\main.py", line 176, in main
    raise Exception("ë¸”ë¡œê·¸ í¬ìŠ¤íŒ… ì‹¤íŒ¨")
Exception: ë¸”ë¡œê·¸ í¬ìŠ¤íŒ… ì‹¤íŒ¨
2025-04-11 18:23:30,105 - utils - INFO - í”„ë¡œê·¸ë¨ ì´ˆê¸°í™” ì™„ë£Œ
2025-04-11 18:25:25,978 - utils - ERROR - í”„ë¡œê·¸ë¨ ì‹¤í–‰ ì¤‘ ì˜¤ë¥˜ ë°œìƒ: ë¸”ë¡œê·¸ í¬ìŠ¤íŒ… ì‹¤íŒ¨
Traceback (most recent call last):
  File "c:\Users\aaa\code\blog_stock\blog\src\main.py", line 199, in main
    raise Exception("ë¸”ë¡œê·¸ í¬ìŠ¤íŒ… ì‹¤íŒ¨")
Exception: ë¸”ë¡œê·¸ í¬ìŠ¤íŒ… ì‹¤íŒ¨
2025-04-11 18:29:03,644 - utils - INFO - í”„ë¡œê·¸ë¨ ì´ˆê¸°í™” ì™„ë£Œ
2025-04-11 18:30:21,750 - utils - ERROR - í”„ë¡œê·¸ë¨ ì‹¤í–‰ ì¤‘ ì˜¤ë¥˜ ë°œìƒ: NaverBlogPoster.create_post() takes 3 positional arguments but 4 were given
Traceback (most recent call last):
  File "c:\Users\aaa\code\blog_stock\blog\src\main.py", line 196, in main
    success = poster.create_post(title, content, default_tags)
TypeError: NaverBlogPoster.create_post() takes 3 positional arguments but 4 were given
2025-04-11 18:31:50,892 - utils - INFO - í”„ë¡œê·¸ë¨ ì´ˆê¸°í™” ì™„ë£Œ
2025-04-11 18:34:08,591 - utils - ERROR - í”„ë¡œê·¸ë¨ ì‹¤í–‰ ì¤‘ ì˜¤ë¥˜ ë°œìƒ: ë¸”ë¡œê·¸ í¬ìŠ¤íŒ… ì‹¤íŒ¨
Traceback (most recent call last):
  File "c:\Users\aaa\code\blog_stock\blog\src\main.py", line 199, in main
    raise Exception("ë¸”ë¡œê·¸ í¬ìŠ¤íŒ… ì‹¤íŒ¨")
Exception: ë¸”ë¡œê·¸ í¬ìŠ¤íŒ… ì‹¤íŒ¨
2025-04-11 18:40:20,460 - utils - INFO - í”„ë¡œê·¸ë¨ ì´ˆê¸°í™” ì™„ë£Œ
2025-04-11 18:40:28,325 - market_analyzer - ERROR - ì‹œì¥ ë¶„ì„ ì‹¤íŒ¨: 'MarketAnalyzer' object has no attribute '_collect_market_data'
Traceback (most recent call last):
  File "c:\Users\aaa\code\blog_stock\blog\src\market_analyzer.py", line 89, in analyze_market_trend
    market_data = self._collect_market_data()
                  ^^^^^^^^^^^^^^^^^^^^^^^^^
AttributeError: 'MarketAnalyzer' object has no attribute '_collect_market_data'. Did you mean: 'analyze_market_data'?
2025-04-11 18:40:28,329 - utils - ERROR - í”„ë¡œê·¸ë¨ ì‹¤í–‰ ì¤‘ ì˜¤ë¥˜ ë°œìƒ: ì‹œì¥ ë¶„ì„ ì‹¤íŒ¨
Traceback (most recent call last):
  File "c:\Users\aaa\code\blog_stock\blog\src\main.py", line 79, in main
    raise Exception("ì‹œì¥ ë¶„ì„ ì‹¤íŒ¨")
Exception: ì‹œì¥ ë¶„ì„ ì‹¤íŒ¨
2025-04-11 18:42:03,745 - utils - INFO - í”„ë¡œê·¸ë¨ ì´ˆê¸°í™” ì™„ë£Œ
2025-04-11 18:42:11,077 - market_analyzer - ERROR - ì‹œì¥ ë¶„ì„ ì‹¤íŒ¨: MarketAnalyzer.analyze_market_data() missing 1 required positional argument: 'market_data'
Traceback (most recent call last):
  File "c:\Users\aaa\code\blog_stock\blog\src\market_analyzer.py", line 89, in analyze_market_trend
    market_data = self.analyze_market_data()
TypeError: MarketAnalyzer.analyze_market_data() missing 1 required positional argument: 'market_data'
2025-04-11 18:42:11,079 - utils - ERROR - í”„ë¡œê·¸ë¨ ì‹¤í–‰ ì¤‘ ì˜¤ë¥˜ ë°œìƒ: ì‹œì¥ ë¶„ì„ ì‹¤íŒ¨
Traceback (most recent call last):
  File "c:\Users\aaa\code\blog_stock\blog\src\main.py", line 79, in main
    raise Exception("ì‹œì¥ ë¶„ì„ ì‹¤íŒ¨")
Exception: ì‹œì¥ ë¶„ì„ ì‹¤íŒ¨
2025-04-11 18:44:04,104 - utils - INFO - í”„ë¡œê·¸ë¨ ì´ˆê¸°í™” ì™„ë£Œ
2025-04-11 18:45:18,547 - market_analyzer - ERROR - ì‹œì¥ ë¶„ì„ ì‹¤íŒ¨: 'Change'
Traceback (most recent call last):
  File "c:\Users\aaa\code\blog_stock\blog\src\market_analyzer.py", line 115, in analyze_market_trend
    title, content = self._create_blog_content(analysis)
                     ~~~~~~~~~~~~~~~~~~~~~~~~~^^^^^^^^^^
  File "c:\Users\aaa\code\blog_stock\blog\src\market_analyzer.py", line 708, in _create_blog_content
    í˜„ì¬ ì£¼ê°€: {analysis['biggest_gainer']['Price']} {analysis['biggest_gainer']['Change']} ({analysis['biggest_gainer']['Change %']}%)
                                                      ~~~~~~~~~~~~~~~~~~~~~~~~~~^^^^^^^^^^
KeyError: 'Change'
2025-04-11 18:45:18,550 - utils - ERROR - í”„ë¡œê·¸ë¨ ì‹¤í–‰ ì¤‘ ì˜¤ë¥˜ ë°œìƒ: ì‹œì¥ ë¶„ì„ ì‹¤íŒ¨
Traceback (most recent call last):
  File "c:\Users\aaa\code\blog_stock\blog\src\main.py", line 79, in main
    raise Exception("ì‹œì¥ ë¶„ì„ ì‹¤íŒ¨")
Exception: ì‹œì¥ ë¶„ì„ ì‹¤íŒ¨
2025-04-11 18:53:47,762 - utils - INFO - í”„ë¡œê·¸ë¨ ì´ˆê¸°í™” ì™„ë£Œ
2025-04-11 18:55:11,051 - market_analyzer - ERROR - ì‹œì¥ ë¶„ì„ ì‹¤íŒ¨: 'Name'
Traceback (most recent call last):
  File "c:\Users\aaa\code\blog_stock\blog\src\market_analyzer.py", line 119, in analyze_market_trend
    title, content = self._create_blog_content(analysis)
                     ~~~~~~~~~~~~~~~~~~~~~~~~~^^^^^^^^^^
  File "c:\Users\aaa\code\blog_stock\blog\src\market_analyzer.py", line 731, in _create_blog_content
    content += f"""### {i}. {stock['Name']} ({stock['Symbol']})
                             ~~~~~^^^^^^^^
KeyError: 'Name'
2025-04-11 18:55:11,054 - utils - ERROR - í”„ë¡œê·¸ë¨ ì‹¤í–‰ ì¤‘ ì˜¤ë¥˜ ë°œìƒ: ì‹œì¥ ë¶„ì„ ì‹¤íŒ¨
Traceback (most recent call last):
  File "c:\Users\aaa\code\blog_stock\blog\src\main.py", line 79, in main
    raise Exception("ì‹œì¥ ë¶„ì„ ì‹¤íŒ¨")
Exception: ì‹œì¥ ë¶„ì„ ì‹¤íŒ¨
2025-04-11 18:56:44,395 - utils - INFO - í”„ë¡œê·¸ë¨ ì´ˆê¸°í™” ì™„ë£Œ
2025-04-11 18:57:58,227 - utils - ERROR - í”„ë¡œê·¸ë¨ ì‹¤í–‰ ì¤‘ ì˜¤ë¥˜ ë°œìƒ: 'biggest_gainer'
Traceback (most recent call last):
  File "c:\Users\aaa\code\blog_stock\blog\src\main.py", line 109, in main
    ì˜¤ëŠ˜ ê°€ì¥ ëˆˆì— ë„ëŠ” ìƒìŠ¹ì„ ë³´ì¸ {analysis['biggest_gainer']['Name']} ({analysis['biggest_gainer']['Symbol']})ì˜ ì›€ì§ì„ì„ ì‚´í´ë³´ê² ìŠµë‹ˆë‹¤.
                                     ~~~~~~~~^^^^^^^^^^^^^^^^^^
KeyError: 'biggest_gainer'
2025-04-11 19:05:02,967 - utils - INFO - í”„ë¡œê·¸ë¨ ì´ˆê¸°í™” ì™„ë£Œ
2025-04-11 19:24:45,565 - utils - INFO - í”„ë¡œê·¸ë¨ ì´ˆê¸°í™” ì™„ë£Œ
2025-04-11 19:27:06,751 - utils - INFO - í”„ë¡œê·¸ë¨ ì´ˆê¸°í™” ì™„ë£Œ
2025-04-11 19:27:29,193 - blog_poster - ERROR - Login failed: Message: invalid session id: session deleted as the browser has closed the connection
from disconnected: not connected to DevTools
  (Session info: chrome=135.0.7049.85)
Stacktrace:
	GetHandleVerifier [0x00007FF7E31D1F55+78133]
	GetHandleVerifier [0x00007FF7E31D1FB0+78224]
	(No symbol) [0x00007FF7E2F991BA]
	(No symbol) [0x00007FF7E2F84F25]
	(No symbol) [0x00007FF7E2FA9EE4]
	(No symbol) [0x00007FF7E301EC8F]
	(No symbol) [0x00007FF7E303EB12]
	(No symbol) [0x00007FF7E3016F33]
	(No symbol) [0x00007FF7E2FE0358]
	(No symbol) [0x00007FF7E2FE10C3]
	GetHandleVerifier [0x00007FF7E349BA8D+3001453]
	GetHandleVerifier [0x00007FF7E3495E72+2977874]
	GetHandleVerifier [0x00007FF7E34B497D+3103581]
	GetHandleVerifier [0x00007FF7E31EC7EA+186826]
	GetHandleVerifier [0x00007FF7E31F43FF+218591]
	GetHandleVerifier [0x00007FF7E31D9D94+110452]
	GetHandleVerifier [0x00007FF7E31D9F42+110882]
	GetHandleVerifier [0x00007FF7E31C0379+5465]
	BaseThreadInitThunk [0x00007FFA88277374+20]
	RtlUserThreadStart [0x00007FFA89F9CC91+33]
Traceback (most recent call last):
  File "c:\Users\aaa\code\blog_stock\blog\src\blog_poster.py", line 76, in login
    self.driver.execute_script(
    ~~~~~~~~~~~~~~~~~~~~~~~~~~^
        f"document.getElementsByName('id')[0].value='{self.username}'")
        ^^^^^^^^^^^^^^^^^^^^^^^^^^^^^^^^^^^^^^^^^^^^^^^^^^^^^^^^^^^^^^^
  File "C:\Users\aaa\Anaconda3\envs\blog\Lib\site-packages\selenium\webdriver\remote\webdriver.py", line 407, in execute_script
    return self.execute(command, {"script": script, "args": converted_args})["value"]
           ~~~~~~~~~~~~^^^^^^^^^^^^^^^^^^^^^^^^^^^^^^^^^^^^^^^^^^^^^^^^^^^^^
  File "C:\Users\aaa\Anaconda3\envs\blog\Lib\site-packages\selenium\webdriver\remote\webdriver.py", line 347, in execute
    self.error_handler.check_response(response)
    ~~~~~~~~~~~~~~~~~~~~~~~~~~~~~~~~~^^^^^^^^^^
  File "C:\Users\aaa\Anaconda3\envs\blog\Lib\site-packages\selenium\webdriver\remote\errorhandler.py", line 229, in check_response
    raise exception_class(message, screen, stacktrace)
selenium.common.exceptions.InvalidSessionIdException: Message: invalid session id: session deleted as the browser has closed the connection
from disconnected: not connected to DevTools
  (Session info: chrome=135.0.7049.85)
Stacktrace:
	GetHandleVerifier [0x00007FF7E31D1F55+78133]
	GetHandleVerifier [0x00007FF7E31D1FB0+78224]
	(No symbol) [0x00007FF7E2F991BA]
	(No symbol) [0x00007FF7E2F84F25]
	(No symbol) [0x00007FF7E2FA9EE4]
	(No symbol) [0x00007FF7E301EC8F]
	(No symbol) [0x00007FF7E303EB12]
	(No symbol) [0x00007FF7E3016F33]
	(No symbol) [0x00007FF7E2FE0358]
	(No symbol) [0x00007FF7E2FE10C3]
	GetHandleVerifier [0x00007FF7E349BA8D+3001453]
	GetHandleVerifier [0x00007FF7E3495E72+2977874]
	GetHandleVerifier [0x00007FF7E34B497D+3103581]
	GetHandleVerifier [0x00007FF7E31EC7EA+186826]
	GetHandleVerifier [0x00007FF7E31F43FF+218591]
	GetHandleVerifier [0x00007FF7E31D9D94+110452]
	GetHandleVerifier [0x00007FF7E31D9F42+110882]
	GetHandleVerifier [0x00007FF7E31C0379+5465]
	BaseThreadInitThunk [0x00007FFA88277374+20]
	RtlUserThreadStart [0x00007FFA89F9CC91+33]

2025-04-11 19:27:29,203 - utils - ERROR - í”„ë¡œê·¸ë¨ ì‹¤í–‰ ì¤‘ ì˜¤ë¥˜ ë°œìƒ: ë„¤ì´ë²„ ë¡œê·¸ì¸ ì‹¤íŒ¨
Traceback (most recent call last):
  File "c:\Users\aaa\code\blog_stock\blog\src\main.py", line 217, in main
    raise Exception("ë„¤ì´ë²„ ë¡œê·¸ì¸ ì‹¤íŒ¨")
Exception: ë„¤ì´ë²„ ë¡œê·¸ì¸ ì‹¤íŒ¨
2025-04-11 19:36:47,674 - utils - INFO - í”„ë¡œê·¸ë¨ ì´ˆê¸°í™” ì™„ë£Œ
2025-04-11 19:37:43,394 - utils - ERROR - í”„ë¡œê·¸ë¨ ì‹¤í–‰ ì¤‘ ì˜¤ë¥˜ ë°œìƒ: ë¸”ë¡œê·¸ í¬ìŠ¤íŒ… ì‹¤íŒ¨
Traceback (most recent call last):
  File "c:\Users\aaa\code\blog_stock\blog\src\main.py", line 158, in main
    raise Exception("ë¸”ë¡œê·¸ í¬ìŠ¤íŒ… ì‹¤íŒ¨")
Exception: ë¸”ë¡œê·¸ í¬ìŠ¤íŒ… ì‹¤íŒ¨
2025-04-11 19:37:47,443 - urllib3.connectionpool - WARNING - Retrying (Retry(total=2, connect=None, read=None, redirect=None, status=None)) after connection broken by 'NewConnectionError('<urllib3.connection.HTTPConnection object at 0x0000023F3802F250>: Failed to establish a new connection: [WinError 10061] ëŒ€ìƒ ì»´í“¨í„°ì—ì„œ ì—°ê²°ì„ ê±°ë¶€í–ˆìœ¼ë¯€ë¡œ ì—°ê²°í•˜ì§€ ëª»í–ˆìŠµë‹ˆë‹¤')': /session/bfd66a220aa7397dad3795dce8d48e74
2025-04-11 19:38:57,236 - utils - INFO - í”„ë¡œê·¸ë¨ ì´ˆê¸°í™” ì™„ë£Œ
2025-04-11 19:42:24,261 - utils - INFO - í”„ë¡œê·¸ë¨ ì´ˆê¸°í™” ì™„ë£Œ
2025-04-11 19:42:31,632 - data_collector - ERROR - Error collecting news: NaTType does not support strftime
2025-04-11 19:43:26,303 - utils - ERROR - í”„ë¡œê·¸ë¨ ì‹¤í–‰ ì¤‘ ì˜¤ë¥˜ ë°œìƒ: ë¸”ë¡œê·¸ í¬ìŠ¤íŒ… ì‹¤íŒ¨
Traceback (most recent call last):
  File "c:\Users\aaa\code\blog_stock\blog\src\main.py", line 156, in main
    raise Exception("ë¸”ë¡œê·¸ í¬ìŠ¤íŒ… ì‹¤íŒ¨")
Exception: ë¸”ë¡œê·¸ í¬ìŠ¤íŒ… ì‹¤íŒ¨
2025-04-11 19:43:30,357 - urllib3.connectionpool - WARNING - Retrying (Retry(total=2, connect=None, read=None, redirect=None, status=None)) after connection broken by 'NewConnectionError('<urllib3.connection.HTTPConnection object at 0x00000264FEB08550>: Failed to establish a new connection: [WinError 10061] ëŒ€ìƒ ì»´í“¨í„°ì—ì„œ ì—°ê²°ì„ ê±°ë¶€í–ˆìœ¼ë¯€ë¡œ ì—°ê²°í•˜ì§€ ëª»í–ˆìŠµë‹ˆë‹¤')': /session/56be1899b7ea3f52ec91becdcff859fa
2025-04-11 19:43:34,423 - urllib3.connectionpool - WARNING - Retrying (Retry(total=1, connect=None, read=None, redirect=None, status=None)) after connection broken by 'NewConnectionError('<urllib3.connection.HTTPConnection object at 0x00000264FEB08410>: Failed to establish a new connection: [WinError 10061] ëŒ€ìƒ ì»´í“¨í„°ì—ì„œ ì—°ê²°ì„ ê±°ë¶€í–ˆìœ¼ë¯€ë¡œ ì—°ê²°í•˜ì§€ ëª»í–ˆìŠµë‹ˆë‹¤')': /session/56be1899b7ea3f52ec91becdcff859fa
2025-04-11 19:43:38,475 - urllib3.connectionpool - WARNING - Retrying (Retry(total=0, connect=None, read=None, redirect=None, status=None)) after connection broken by 'NewConnectionError('<urllib3.connection.HTTPConnection object at 0x00000264FF5328B0>: Failed to establish a new connection: [WinError 10061] ëŒ€ìƒ ì»´í“¨í„°ì—ì„œ ì—°ê²°ì„ ê±°ë¶€í–ˆìœ¼ë¯€ë¡œ ì—°ê²°í•˜ì§€ ëª»í–ˆìŠµë‹ˆë‹¤')': /session/56be1899b7ea3f52ec91becdcff859fa
2025-04-11 19:44:45,353 - utils - INFO - í”„ë¡œê·¸ë¨ ì´ˆê¸°í™” ì™„ë£Œ
2025-04-11 19:44:54,487 - data_collector - ERROR - Error collecting news: NaTType does not support strftime
2025-04-11 19:48:35,950 - utils - INFO - í”„ë¡œê·¸ë¨ ì´ˆê¸°í™” ì™„ë£Œ
2025-04-11 20:03:10,076 - utils - INFO - í”„ë¡œê·¸ë¨ ì´ˆê¸°í™” ì™„ë£Œ
2025-04-11 20:03:17,449 - data_collector - ERROR - Error collecting news: NaTType does not support strftime
2025-04-11 20:08:00,634 - utils - INFO - í”„ë¡œê·¸ë¨ ì´ˆê¸°í™” ì™„ë£Œ
2025-04-11 20:09:16,863 - utils - ERROR - í”„ë¡œê·¸ë¨ ì‹¤í–‰ ì¤‘ ì˜¤ë¥˜ ë°œìƒ: ë¸”ë¡œê·¸ í¬ìŠ¤íŒ… ì‹¤íŒ¨
Traceback (most recent call last):
  File "c:\Users\aaa\code\blog_stock\blog\src\main.py", line 156, in main
    raise Exception("ë¸”ë¡œê·¸ í¬ìŠ¤íŒ… ì‹¤íŒ¨")
Exception: ë¸”ë¡œê·¸ í¬ìŠ¤íŒ… ì‹¤íŒ¨
2025-04-11 20:10:23,390 - utils - INFO - í”„ë¡œê·¸ë¨ ì´ˆê¸°í™” ì™„ë£Œ
2025-04-11 20:11:52,919 - utils - ERROR - í”„ë¡œê·¸ë¨ ì‹¤í–‰ ì¤‘ ì˜¤ë¥˜ ë°œìƒ: ë¸”ë¡œê·¸ í¬ìŠ¤íŒ… ì‹¤íŒ¨
Traceback (most recent call last):
  File "c:\Users\aaa\code\blog_stock\blog\src\main.py", line 156, in main
    raise Exception("ë¸”ë¡œê·¸ í¬ìŠ¤íŒ… ì‹¤íŒ¨")
Exception: ë¸”ë¡œê·¸ í¬ìŠ¤íŒ… ì‹¤íŒ¨
2025-04-11 20:13:10,068 - utils - INFO - í”„ë¡œê·¸ë¨ ì´ˆê¸°í™” ì™„ë£Œ
2025-04-11 20:14:16,685 - utils - ERROR - í”„ë¡œê·¸ë¨ ì‹¤í–‰ ì¤‘ ì˜¤ë¥˜ ë°œìƒ: ë¸”ë¡œê·¸ í¬ìŠ¤íŒ… ì‹¤íŒ¨
Traceback (most recent call last):
  File "c:\Users\aaa\code\blog_stock\blog\src\main.py", line 156, in main
    raise Exception("ë¸”ë¡œê·¸ í¬ìŠ¤íŒ… ì‹¤íŒ¨")
Exception: ë¸”ë¡œê·¸ í¬ìŠ¤íŒ… ì‹¤íŒ¨
2025-04-11 20:17:42,518 - utils - INFO - í”„ë¡œê·¸ë¨ ì´ˆê¸°í™” ì™„ë£Œ
2025-04-11 20:18:56,957 - utils - ERROR - í”„ë¡œê·¸ë¨ ì‹¤í–‰ ì¤‘ ì˜¤ë¥˜ ë°œìƒ: ë¸”ë¡œê·¸ í¬ìŠ¤íŒ… ì‹¤íŒ¨
Traceback (most recent call last):
  File "c:\Users\aaa\code\blog_stock\blog\src\main.py", line 156, in main
    raise Exception("ë¸”ë¡œê·¸ í¬ìŠ¤íŒ… ì‹¤íŒ¨")
Exception: ë¸”ë¡œê·¸ í¬ìŠ¤íŒ… ì‹¤íŒ¨
2025-04-11 20:20:43,798 - utils - INFO - í”„ë¡œê·¸ë¨ ì´ˆê¸°í™” ì™„ë£Œ
2025-04-11 20:21:57,055 - utils - ERROR - í”„ë¡œê·¸ë¨ ì‹¤í–‰ ì¤‘ ì˜¤ë¥˜ ë°œìƒ: ë¸”ë¡œê·¸ í¬ìŠ¤íŒ… ì‹¤íŒ¨
Traceback (most recent call last):
  File "c:\Users\aaa\code\blog_stock\blog\src\main.py", line 156, in main
    raise Exception("ë¸”ë¡œê·¸ í¬ìŠ¤íŒ… ì‹¤íŒ¨")
Exception: ë¸”ë¡œê·¸ í¬ìŠ¤íŒ… ì‹¤íŒ¨
2025-04-11 20:24:03,202 - utils - INFO - í”„ë¡œê·¸ë¨ ì´ˆê¸°í™” ì™„ë£Œ
2025-04-11 20:24:59,425 - utils - ERROR - í”„ë¡œê·¸ë¨ ì‹¤í–‰ ì¤‘ ì˜¤ë¥˜ ë°œìƒ: ë¸”ë¡œê·¸ í¬ìŠ¤íŒ… ì‹¤íŒ¨
Traceback (most recent call last):
  File "c:\Users\aaa\code\blog_stock\blog\src\main.py", line 156, in main
    raise Exception("ë¸”ë¡œê·¸ í¬ìŠ¤íŒ… ì‹¤íŒ¨")
Exception: ë¸”ë¡œê·¸ í¬ìŠ¤íŒ… ì‹¤íŒ¨
2025-04-11 20:25:03,485 - urllib3.connectionpool - WARNING - Retrying (Retry(total=2, connect=None, read=None, redirect=None, status=None)) after connection broken by 'NewConnectionError('<urllib3.connection.HTTPConnection object at 0x00000203CF937B10>: Failed to establish a new connection: [WinError 10061] ëŒ€ìƒ ì»´í“¨í„°ì—ì„œ ì—°ê²°ì„ ê±°ë¶€í–ˆìœ¼ë¯€ë¡œ ì—°ê²°í•˜ì§€ ëª»í–ˆìŠµë‹ˆë‹¤')': /session/f0ced3b40637e7be04a8fe3538de2a9c
2025-04-11 20:25:07,540 - urllib3.connectionpool - WARNING - Retrying (Retry(total=1, connect=None, read=None, redirect=None, status=None)) after connection broken by 'NewConnectionError('<urllib3.connection.HTTPConnection object at 0x00000203CF9379D0>: Failed to establish a new connection: [WinError 10061] ëŒ€ìƒ ì»´í“¨í„°ì—ì„œ ì—°ê²°ì„ ê±°ë¶€í–ˆìœ¼ë¯€ë¡œ ì—°ê²°í•˜ì§€ ëª»í–ˆìŠµë‹ˆë‹¤')': /session/f0ced3b40637e7be04a8fe3538de2a9c
2025-04-11 20:25:11,602 - urllib3.connectionpool - WARNING - Retrying (Retry(total=0, connect=None, read=None, redirect=None, status=None)) after connection broken by 'NewConnectionError('<urllib3.connection.HTTPConnection object at 0x00000203CF76F230>: Failed to establish a new connection: [WinError 10061] ëŒ€ìƒ ì»´í“¨í„°ì—ì„œ ì—°ê²°ì„ ê±°ë¶€í–ˆìœ¼ë¯€ë¡œ ì—°ê²°í•˜ì§€ ëª»í–ˆìŠµë‹ˆë‹¤')': /session/f0ced3b40637e7be04a8fe3538de2a9c
2025-04-11 20:26:50,800 - utils - INFO - í”„ë¡œê·¸ë¨ ì´ˆê¸°í™” ì™„ë£Œ
2025-04-11 20:27:53,073 - utils - ERROR - í”„ë¡œê·¸ë¨ ì‹¤í–‰ ì¤‘ ì˜¤ë¥˜ ë°œìƒ: ë¸”ë¡œê·¸ í¬ìŠ¤íŒ… ì‹¤íŒ¨
Traceback (most recent call last):
  File "c:\Users\aaa\code\blog_stock\blog\src\main.py", line 156, in main
    raise Exception("ë¸”ë¡œê·¸ í¬ìŠ¤íŒ… ì‹¤íŒ¨")
Exception: ë¸”ë¡œê·¸ í¬ìŠ¤íŒ… ì‹¤íŒ¨
2025-04-11 20:27:57,104 - urllib3.connectionpool - WARNING - Retrying (Retry(total=2, connect=None, read=None, redirect=None, status=None)) after connection broken by 'NewConnectionError('<urllib3.connection.HTTPConnection object at 0x000002710AFA3390>: Failed to establish a new connection: [WinError 10061] ëŒ€ìƒ ì»´í“¨í„°ì—ì„œ ì—°ê²°ì„ ê±°ë¶€í–ˆìœ¼ë¯€ë¡œ ì—°ê²°í•˜ì§€ ëª»í–ˆìŠµë‹ˆë‹¤')': /session/6674975d505efaed92a3566c4a7aba08
2025-04-11 20:28:01,133 - urllib3.connectionpool - WARNING - Retrying (Retry(total=1, connect=None, read=None, redirect=None, status=None)) after connection broken by 'NewConnectionError('<urllib3.connection.HTTPConnection object at 0x000002710AFA3250>: Failed to establish a new connection: [WinError 10061] ëŒ€ìƒ ì»´í“¨í„°ì—ì„œ ì—°ê²°ì„ ê±°ë¶€í–ˆìœ¼ë¯€ë¡œ ì—°ê²°í•˜ì§€ ëª»í–ˆìŠµë‹ˆë‹¤')': /session/6674975d505efaed92a3566c4a7aba08
2025-04-11 20:28:05,191 - urllib3.connectionpool - WARNING - Retrying (Retry(total=0, connect=None, read=None, redirect=None, status=None)) after connection broken by 'NewConnectionError('<urllib3.connection.HTTPConnection object at 0x000002710ADDEFD0>: Failed to establish a new connection: [WinError 10061] ëŒ€ìƒ ì»´í“¨í„°ì—ì„œ ì—°ê²°ì„ ê±°ë¶€í–ˆìœ¼ë¯€ë¡œ ì—°ê²°í•˜ì§€ ëª»í–ˆìŠµë‹ˆë‹¤')': /session/6674975d505efaed92a3566c4a7aba08
2025-04-11 20:28:42,037 - utils - INFO - í”„ë¡œê·¸ë¨ ì´ˆê¸°í™” ì™„ë£Œ
2025-04-11 20:28:49,418 - data_collector - ERROR - Error collecting news: NaTType does not support strftime
2025-04-11 20:29:45,812 - utils - ERROR - í”„ë¡œê·¸ë¨ ì‹¤í–‰ ì¤‘ ì˜¤ë¥˜ ë°œìƒ: ë¸”ë¡œê·¸ í¬ìŠ¤íŒ… ì‹¤íŒ¨
Traceback (most recent call last):
  File "c:\Users\aaa\code\blog_stock\blog\src\main.py", line 156, in main
    raise Exception("ë¸”ë¡œê·¸ í¬ìŠ¤íŒ… ì‹¤íŒ¨")
Exception: ë¸”ë¡œê·¸ í¬ìŠ¤íŒ… ì‹¤íŒ¨
2025-04-11 20:30:30,807 - utils - INFO - í”„ë¡œê·¸ë¨ ì´ˆê¸°í™” ì™„ë£Œ
2025-04-11 20:31:44,915 - utils - ERROR - í”„ë¡œê·¸ë¨ ì‹¤í–‰ ì¤‘ ì˜¤ë¥˜ ë°œìƒ: ë¸”ë¡œê·¸ í¬ìŠ¤íŒ… ì‹¤íŒ¨
Traceback (most recent call last):
  File "c:\Users\aaa\code\blog_stock\blog\src\main.py", line 156, in main
    raise Exception("ë¸”ë¡œê·¸ í¬ìŠ¤íŒ… ì‹¤íŒ¨")
Exception: ë¸”ë¡œê·¸ í¬ìŠ¤íŒ… ì‹¤íŒ¨
2025-04-11 20:33:26,596 - utils - INFO - í”„ë¡œê·¸ë¨ ì´ˆê¸°í™” ì™„ë£Œ
2025-04-11 20:36:06,187 - utils - INFO - í”„ë¡œê·¸ë¨ ì´ˆê¸°í™” ì™„ë£Œ
2025-04-11 20:37:14,348 - utils - ERROR - í”„ë¡œê·¸ë¨ ì‹¤í–‰ ì¤‘ ì˜¤ë¥˜ ë°œìƒ: ë¸”ë¡œê·¸ í¬ìŠ¤íŒ… ì‹¤íŒ¨
Traceback (most recent call last):
  File "c:\Users\aaa\code\blog_stock\blog\src\main.py", line 156, in main
    raise Exception("ë¸”ë¡œê·¸ í¬ìŠ¤íŒ… ì‹¤íŒ¨")
Exception: ë¸”ë¡œê·¸ í¬ìŠ¤íŒ… ì‹¤íŒ¨
2025-04-11 20:41:04,205 - utils - INFO - í”„ë¡œê·¸ë¨ ì´ˆê¸°í™” ì™„ë£Œ
2025-04-11 20:42:16,254 - utils - ERROR - í”„ë¡œê·¸ë¨ ì‹¤í–‰ ì¤‘ ì˜¤ë¥˜ ë°œìƒ: ë¸”ë¡œê·¸ í¬ìŠ¤íŒ… ì‹¤íŒ¨
Traceback (most recent call last):
  File "c:\Users\aaa\code\blog_stock\blog\src\main.py", line 156, in main
    raise Exception("ë¸”ë¡œê·¸ í¬ìŠ¤íŒ… ì‹¤íŒ¨")
Exception: ë¸”ë¡œê·¸ í¬ìŠ¤íŒ… ì‹¤íŒ¨
2025-04-11 20:45:33,063 - utils - INFO - í”„ë¡œê·¸ë¨ ì´ˆê¸°í™” ì™„ë£Œ
2025-04-11 20:46:41,180 - utils - ERROR - í”„ë¡œê·¸ë¨ ì‹¤í–‰ ì¤‘ ì˜¤ë¥˜ ë°œìƒ: ë¸”ë¡œê·¸ í¬ìŠ¤íŒ… ì‹¤íŒ¨
Traceback (most recent call last):
  File "c:\Users\aaa\code\blog_stock\blog\src\main.py", line 156, in main
    raise Exception("ë¸”ë¡œê·¸ í¬ìŠ¤íŒ… ì‹¤íŒ¨")
Exception: ë¸”ë¡œê·¸ í¬ìŠ¤íŒ… ì‹¤íŒ¨
2025-04-11 20:49:05,803 - utils - INFO - í”„ë¡œê·¸ë¨ ì´ˆê¸°í™” ì™„ë£Œ
2025-04-11 20:50:15,919 - utils - ERROR - í”„ë¡œê·¸ë¨ ì‹¤í–‰ ì¤‘ ì˜¤ë¥˜ ë°œìƒ: ë¸”ë¡œê·¸ í¬ìŠ¤íŒ… ì‹¤íŒ¨
Traceback (most recent call last):
  File "c:\Users\aaa\code\blog_stock\blog\src\main.py", line 156, in main
    raise Exception("ë¸”ë¡œê·¸ í¬ìŠ¤íŒ… ì‹¤íŒ¨")
Exception: ë¸”ë¡œê·¸ í¬ìŠ¤íŒ… ì‹¤íŒ¨
2025-04-11 20:55:37,933 - utils - INFO - í”„ë¡œê·¸ë¨ ì´ˆê¸°í™” ì™„ë£Œ
2025-04-11 20:56:43,674 - utils - ERROR - í”„ë¡œê·¸ë¨ ì‹¤í–‰ ì¤‘ ì˜¤ë¥˜ ë°œìƒ: ë¸”ë¡œê·¸ í¬ìŠ¤íŒ… ì‹¤íŒ¨
Traceback (most recent call last):
  File "c:\Users\aaa\code\blog_stock\blog\src\main.py", line 156, in main
    raise Exception("ë¸”ë¡œê·¸ í¬ìŠ¤íŒ… ì‹¤íŒ¨")
Exception: ë¸”ë¡œê·¸ í¬ìŠ¤íŒ… ì‹¤íŒ¨
2025-04-11 20:59:07,223 - utils - INFO - í”„ë¡œê·¸ë¨ ì´ˆê¸°í™” ì™„ë£Œ
2025-04-11 21:00:43,903 - utils - INFO - í”„ë¡œê·¸ë¨ ì´ˆê¸°í™” ì™„ë£Œ
2025-04-11 21:01:46,732 - utils - ERROR - í”„ë¡œê·¸ë¨ ì‹¤í–‰ ì¤‘ ì˜¤ë¥˜ ë°œìƒ: ë¸”ë¡œê·¸ í¬ìŠ¤íŒ… ì‹¤íŒ¨
Traceback (most recent call last):
  File "c:\Users\aaa\code\blog_stock\blog\src\main.py", line 156, in main
    raise Exception("ë¸”ë¡œê·¸ í¬ìŠ¤íŒ… ì‹¤íŒ¨")
Exception: ë¸”ë¡œê·¸ í¬ìŠ¤íŒ… ì‹¤íŒ¨
2025-04-11 21:03:54,467 - utils - INFO - í”„ë¡œê·¸ë¨ ì´ˆê¸°í™” ì™„ë£Œ
2025-04-11 21:04:46,672 - utils - ERROR - í”„ë¡œê·¸ë¨ ì‹¤í–‰ ì¤‘ ì˜¤ë¥˜ ë°œìƒ: ë¸”ë¡œê·¸ í¬ìŠ¤íŒ… ì‹¤íŒ¨
Traceback (most recent call last):
  File "c:\Users\aaa\code\blog_stock\blog\src\main.py", line 156, in main
    raise Exception("ë¸”ë¡œê·¸ í¬ìŠ¤íŒ… ì‹¤íŒ¨")
Exception: ë¸”ë¡œê·¸ í¬ìŠ¤íŒ… ì‹¤íŒ¨
2025-04-11 21:04:50,726 - urllib3.connectionpool - WARNING - Retrying (Retry(total=2, connect=None, read=None, redirect=None, status=None)) after connection broken by 'NewConnectionError('<urllib3.connection.HTTPConnection object at 0x000002CF4C9AE710>: Failed to establish a new connection: [WinError 10061] ëŒ€ìƒ ì»´í“¨í„°ì—ì„œ ì—°ê²°ì„ ê±°ë¶€í–ˆìœ¼ë¯€ë¡œ ì—°ê²°í•˜ì§€ ëª»í–ˆìŠµë‹ˆë‹¤')': /session/60e78e7e691fa392df4511e1d7790535
2025-04-11 21:04:54,764 - urllib3.connectionpool - WARNING - Retrying (Retry(total=1, connect=None, read=None, redirect=None, status=None)) after connection broken by 'NewConnectionError('<urllib3.connection.HTTPConnection object at 0x000002CF4C9AE5D0>: Failed to establish a new connection: [WinError 10061] ëŒ€ìƒ ì»´í“¨í„°ì—ì„œ ì—°ê²°ì„ ê±°ë¶€í–ˆìœ¼ë¯€ë¡œ ì—°ê²°í•˜ì§€ ëª»í–ˆìŠµë‹ˆë‹¤')': /session/60e78e7e691fa392df4511e1d7790535
2025-04-11 21:04:58,811 - urllib3.connectionpool - WARNING - Retrying (Retry(total=0, connect=None, read=None, redirect=None, status=None)) after connection broken by 'NewConnectionError('<urllib3.connection.HTTPConnection object at 0x000002CF4C80B490>: Failed to establish a new connection: [WinError 10061] ëŒ€ìƒ ì»´í“¨í„°ì—ì„œ ì—°ê²°ì„ ê±°ë¶€í–ˆìœ¼ë¯€ë¡œ ì—°ê²°í•˜ì§€ ëª»í–ˆìŠµë‹ˆë‹¤')': /session/60e78e7e691fa392df4511e1d7790535
2025-04-11 21:05:35,428 - utils - INFO - í”„ë¡œê·¸ë¨ ì´ˆê¸°í™” ì™„ë£Œ
2025-04-11 21:06:30,690 - utils - ERROR - í”„ë¡œê·¸ë¨ ì‹¤í–‰ ì¤‘ ì˜¤ë¥˜ ë°œìƒ: ë¸”ë¡œê·¸ í¬ìŠ¤íŒ… ì‹¤íŒ¨
Traceback (most recent call last):
  File "c:\Users\aaa\code\blog_stock\blog\src\main.py", line 156, in main
    raise Exception("ë¸”ë¡œê·¸ í¬ìŠ¤íŒ… ì‹¤íŒ¨")
Exception: ë¸”ë¡œê·¸ í¬ìŠ¤íŒ… ì‹¤íŒ¨
2025-04-11 21:06:34,721 - urllib3.connectionpool - WARNING - Retrying (Retry(total=2, connect=None, read=None, redirect=None, status=None)) after connection broken by 'NewConnectionError('<urllib3.connection.HTTPConnection object at 0x00000172B92165D0>: Failed to establish a new connection: [WinError 10061] ëŒ€ìƒ ì»´í“¨í„°ì—ì„œ ì—°ê²°ì„ ê±°ë¶€í–ˆìœ¼ë¯€ë¡œ ì—°ê²°í•˜ì§€ ëª»í–ˆìŠµë‹ˆë‹¤')': /session/27f15415984f7b8b8f64ad340fc6361e
2025-04-11 21:06:38,777 - urllib3.connectionpool - WARNING - Retrying (Retry(total=1, connect=None, read=None, redirect=None, status=None)) after connection broken by 'NewConnectionError('<urllib3.connection.HTTPConnection object at 0x00000172B9216490>: Failed to establish a new connection: [WinError 10061] ëŒ€ìƒ ì»´í“¨í„°ì—ì„œ ì—°ê²°ì„ ê±°ë¶€í–ˆìœ¼ë¯€ë¡œ ì—°ê²°í•˜ì§€ ëª»í–ˆìŠµë‹ˆë‹¤')': /session/27f15415984f7b8b8f64ad340fc6361e
2025-04-11 21:06:42,817 - urllib3.connectionpool - WARNING - Retrying (Retry(total=0, connect=None, read=None, redirect=None, status=None)) after connection broken by 'NewConnectionError('<urllib3.connection.HTTPConnection object at 0x00000172B906B5C0>: Failed to establish a new connection: [WinError 10061] ëŒ€ìƒ ì»´í“¨í„°ì—ì„œ ì—°ê²°ì„ ê±°ë¶€í–ˆìœ¼ë¯€ë¡œ ì—°ê²°í•˜ì§€ ëª»í–ˆìŠµë‹ˆë‹¤')': /session/27f15415984f7b8b8f64ad340fc6361e
2025-04-11 21:08:16,177 - utils - INFO - í”„ë¡œê·¸ë¨ ì´ˆê¸°í™” ì™„ë£Œ
2025-04-11 21:08:24,497 - utils - INFO - í”„ë¡œê·¸ë¨ ì´ˆê¸°í™” ì™„ë£Œ
2025-04-11 21:08:32,370 - data_collector - ERROR - Error collecting news: NaTType does not support strftime
2025-04-11 21:09:16,055 - utils - ERROR - í”„ë¡œê·¸ë¨ ì‹¤í–‰ ì¤‘ ì˜¤ë¥˜ ë°œìƒ: ë¸”ë¡œê·¸ í¬ìŠ¤íŒ… ì‹¤íŒ¨
Traceback (most recent call last):
  File "c:\Users\aaa\code\blog_stock\blog\src\main.py", line 156, in main
    raise Exception("ë¸”ë¡œê·¸ í¬ìŠ¤íŒ… ì‹¤íŒ¨")
Exception: ë¸”ë¡œê·¸ í¬ìŠ¤íŒ… ì‹¤íŒ¨
2025-04-11 21:09:20,139 - urllib3.connectionpool - WARNING - Retrying (Retry(total=2, connect=None, read=None, redirect=None, status=None)) after connection broken by 'NewConnectionError('<urllib3.connection.HTTPConnection object at 0x0000028499B9F110>: Failed to establish a new connection: [WinError 10061] ëŒ€ìƒ ì»´í“¨í„°ì—ì„œ ì—°ê²°ì„ ê±°ë¶€í–ˆìœ¼ë¯€ë¡œ ì—°ê²°í•˜ì§€ ëª»í–ˆìŠµë‹ˆë‹¤')': /session/6d4a37f66fc60674d2af9c0276615cfa
2025-04-11 21:09:24,189 - urllib3.connectionpool - WARNING - Retrying (Retry(total=1, connect=None, read=None, redirect=None, status=None)) after connection broken by 'NewConnectionError('<urllib3.connection.HTTPConnection object at 0x0000028499B9EFD0>: Failed to establish a new connection: [WinError 10061] ëŒ€ìƒ ì»´í“¨í„°ì—ì„œ ì—°ê²°ì„ ê±°ë¶€í–ˆìœ¼ë¯€ë¡œ ì—°ê²°í•˜ì§€ ëª»í–ˆìŠµë‹ˆë‹¤')': /session/6d4a37f66fc60674d2af9c0276615cfa
2025-04-11 21:09:28,242 - urllib3.connectionpool - WARNING - Retrying (Retry(total=0, connect=None, read=None, redirect=None, status=None)) after connection broken by 'NewConnectionError('<urllib3.connection.HTTPConnection object at 0x0000028499530050>: Failed to establish a new connection: [WinError 10061] ëŒ€ìƒ ì»´í“¨í„°ì—ì„œ ì—°ê²°ì„ ê±°ë¶€í–ˆìœ¼ë¯€ë¡œ ì—°ê²°í•˜ì§€ ëª»í–ˆìŠµë‹ˆë‹¤')': /session/6d4a37f66fc60674d2af9c0276615cfa
2025-04-11 21:10:44,702 - utils - INFO - í”„ë¡œê·¸ë¨ ì´ˆê¸°í™” ì™„ë£Œ
2025-04-11 21:10:52,142 - data_collector - ERROR - Error collecting news: NaTType does not support strftime
2025-04-11 21:11:31,152 - utils - ERROR - í”„ë¡œê·¸ë¨ ì‹¤í–‰ ì¤‘ ì˜¤ë¥˜ ë°œìƒ: ë¸”ë¡œê·¸ í¬ìŠ¤íŒ… ì‹¤íŒ¨
Traceback (most recent call last):
  File "c:\Users\aaa\code\blog_stock\blog\src\main.py", line 156, in main
    raise Exception("ë¸”ë¡œê·¸ í¬ìŠ¤íŒ… ì‹¤íŒ¨")
Exception: ë¸”ë¡œê·¸ í¬ìŠ¤íŒ… ì‹¤íŒ¨
2025-04-11 21:11:35,193 - urllib3.connectionpool - WARNING - Retrying (Retry(total=2, connect=None, read=None, redirect=None, status=None)) after connection broken by 'NewConnectionError('<urllib3.connection.HTTPConnection object at 0x0000020F06FBEAD0>: Failed to establish a new connection: [WinError 10061] ëŒ€ìƒ ì»´í“¨í„°ì—ì„œ ì—°ê²°ì„ ê±°ë¶€í–ˆìœ¼ë¯€ë¡œ ì—°ê²°í•˜ì§€ ëª»í–ˆìŠµë‹ˆë‹¤')': /session/45708e53e776cc629dd2d0daaa39344d
2025-04-11 21:11:39,263 - urllib3.connectionpool - WARNING - Retrying (Retry(total=1, connect=None, read=None, redirect=None, status=None)) after connection broken by 'NewConnectionError('<urllib3.connection.HTTPConnection object at 0x0000020F06FBE990>: Failed to establish a new connection: [WinError 10061] ëŒ€ìƒ ì»´í“¨í„°ì—ì„œ ì—°ê²°ì„ ê±°ë¶€í–ˆìœ¼ë¯€ë¡œ ì—°ê²°í•˜ì§€ ëª»í–ˆìŠµë‹ˆë‹¤')': /session/45708e53e776cc629dd2d0daaa39344d
2025-04-11 21:11:43,303 - urllib3.connectionpool - WARNING - Retrying (Retry(total=0, connect=None, read=None, redirect=None, status=None)) after connection broken by 'NewConnectionError('<urllib3.connection.HTTPConnection object at 0x0000020F06E87100>: Failed to establish a new connection: [WinError 10061] ëŒ€ìƒ ì»´í“¨í„°ì—ì„œ ì—°ê²°ì„ ê±°ë¶€í–ˆìœ¼ë¯€ë¡œ ì—°ê²°í•˜ì§€ ëª»í–ˆìŠµë‹ˆë‹¤')': /session/45708e53e776cc629dd2d0daaa39344d
2025-04-11 21:12:58,175 - utils - INFO - í”„ë¡œê·¸ë¨ ì´ˆê¸°í™” ì™„ë£Œ
2025-04-11 21:13:50,579 - utils - ERROR - í”„ë¡œê·¸ë¨ ì‹¤í–‰ ì¤‘ ì˜¤ë¥˜ ë°œìƒ: ë¸”ë¡œê·¸ í¬ìŠ¤íŒ… ì‹¤íŒ¨
Traceback (most recent call last):
  File "c:\Users\aaa\code\blog_stock\blog\src\main.py", line 156, in main
    raise Exception("ë¸”ë¡œê·¸ í¬ìŠ¤íŒ… ì‹¤íŒ¨")
Exception: ë¸”ë¡œê·¸ í¬ìŠ¤íŒ… ì‹¤íŒ¨
2025-04-11 21:15:26,640 - utils - INFO - í”„ë¡œê·¸ë¨ ì´ˆê¸°í™” ì™„ë£Œ
2025-04-11 21:16:20,140 - utils - ERROR - í”„ë¡œê·¸ë¨ ì‹¤í–‰ ì¤‘ ì˜¤ë¥˜ ë°œìƒ: ë¸”ë¡œê·¸ í¬ìŠ¤íŒ… ì‹¤íŒ¨
Traceback (most recent call last):
  File "c:\Users\aaa\code\blog_stock\blog\src\main.py", line 156, in main
    raise Exception("ë¸”ë¡œê·¸ í¬ìŠ¤íŒ… ì‹¤íŒ¨")
Exception: ë¸”ë¡œê·¸ í¬ìŠ¤íŒ… ì‹¤íŒ¨
2025-04-11 21:17:13,521 - utils - INFO - í”„ë¡œê·¸ë¨ ì´ˆê¸°í™” ì™„ë£Œ
2025-04-11 21:17:57,578 - utils - ERROR - í”„ë¡œê·¸ë¨ ì‹¤í–‰ ì¤‘ ì˜¤ë¥˜ ë°œìƒ: ë¸”ë¡œê·¸ í¬ìŠ¤íŒ… ì‹¤íŒ¨
Traceback (most recent call last):
  File "c:\Users\aaa\code\blog_stock\blog\src\main.py", line 156, in main
    raise Exception("ë¸”ë¡œê·¸ í¬ìŠ¤íŒ… ì‹¤íŒ¨")
Exception: ë¸”ë¡œê·¸ í¬ìŠ¤íŒ… ì‹¤íŒ¨
2025-04-11 21:18:01,617 - urllib3.connectionpool - WARNING - Retrying (Retry(total=2, connect=None, read=None, redirect=None, status=None)) after connection broken by 'NewConnectionError('<urllib3.connection.HTTPConnection object at 0x000002968E95DF90>: Failed to establish a new connection: [WinError 10061] ëŒ€ìƒ ì»´í“¨í„°ì—ì„œ ì—°ê²°ì„ ê±°ë¶€í–ˆìœ¼ë¯€ë¡œ ì—°ê²°í•˜ì§€ ëª»í–ˆìŠµë‹ˆë‹¤')': /session/e6be2ac35d38ce2b6edb655fb50081ee
2025-04-11 21:18:05,690 - urllib3.connectionpool - WARNING - Retrying (Retry(total=1, connect=None, read=None, redirect=None, status=None)) after connection broken by 'NewConnectionError('<urllib3.connection.HTTPConnection object at 0x000002968E95DE50>: Failed to establish a new connection: [WinError 10061] ëŒ€ìƒ ì»´í“¨í„°ì—ì„œ ì—°ê²°ì„ ê±°ë¶€í–ˆìœ¼ë¯€ë¡œ ì—°ê²°í•˜ì§€ ëª»í–ˆìŠµë‹ˆë‹¤')': /session/e6be2ac35d38ce2b6edb655fb50081ee
2025-04-11 21:18:09,727 - urllib3.connectionpool - WARNING - Retrying (Retry(total=0, connect=None, read=None, redirect=None, status=None)) after connection broken by 'NewConnectionError('<urllib3.connection.HTTPConnection object at 0x000002968E77F6F0>: Failed to establish a new connection: [WinError 10061] ëŒ€ìƒ ì»´í“¨í„°ì—ì„œ ì—°ê²°ì„ ê±°ë¶€í–ˆìœ¼ë¯€ë¡œ ì—°ê²°í•˜ì§€ ëª»í–ˆìŠµë‹ˆë‹¤')': /session/e6be2ac35d38ce2b6edb655fb50081ee
2025-04-11 21:19:28,959 - utils - INFO - í”„ë¡œê·¸ë¨ ì´ˆê¸°í™” ì™„ë£Œ
2025-04-11 21:20:21,830 - utils - ERROR - í”„ë¡œê·¸ë¨ ì‹¤í–‰ ì¤‘ ì˜¤ë¥˜ ë°œìƒ: ë¸”ë¡œê·¸ í¬ìŠ¤íŒ… ì‹¤íŒ¨
Traceback (most recent call last):
  File "c:\Users\aaa\code\blog_stock\blog\src\main.py", line 125, in main
    raise Exception("ë¸”ë¡œê·¸ í¬ìŠ¤íŒ… ì‹¤íŒ¨")
Exception: ë¸”ë¡œê·¸ í¬ìŠ¤íŒ… ì‹¤íŒ¨
2025-04-11 21:21:37,754 - utils - INFO - í”„ë¡œê·¸ë¨ ì´ˆê¸°í™” ì™„ë£Œ
2025-04-11 21:22:51,794 - utils - ERROR - í”„ë¡œê·¸ë¨ ì‹¤í–‰ ì¤‘ ì˜¤ë¥˜ ë°œìƒ: ë¸”ë¡œê·¸ í¬ìŠ¤íŒ… ì‹¤íŒ¨
Traceback (most recent call last):
  File "c:\Users\aaa\code\blog_stock\blog\src\main.py", line 125, in main
    raise Exception("ë¸”ë¡œê·¸ í¬ìŠ¤íŒ… ì‹¤íŒ¨")
Exception: ë¸”ë¡œê·¸ í¬ìŠ¤íŒ… ì‹¤íŒ¨
2025-04-11 21:25:47,914 - utils - INFO - í”„ë¡œê·¸ë¨ ì´ˆê¸°í™” ì™„ë£Œ
2025-04-11 21:25:55,202 - data_collector - ERROR - Error collecting news: NaTType does not support strftime
2025-04-11 21:26:07,925 - market_analyzer - WARNING - ì£¼ìš” ì‹œì¥ ë‰´ìŠ¤ ì„¹ì…˜ ìƒì„± ì‹¤íŒ¨: ë°ì´í„° ëˆ„ë½
2025-04-11 21:26:54,268 - utils - ERROR - í”„ë¡œê·¸ë¨ ì‹¤í–‰ ì¤‘ ì˜¤ë¥˜ ë°œìƒ: ë¸”ë¡œê·¸ í¬ìŠ¤íŒ… ì‹¤íŒ¨
Traceback (most recent call last):
  File "c:\Users\aaa\code\blog_stock\blog\src\main.py", line 130, in main
    raise Exception("ë¸”ë¡œê·¸ í¬ìŠ¤íŒ… ì‹¤íŒ¨")
Exception: ë¸”ë¡œê·¸ í¬ìŠ¤íŒ… ì‹¤íŒ¨
2025-04-11 21:27:53,905 - utils - INFO - í”„ë¡œê·¸ë¨ ì´ˆê¸°í™” ì™„ë£Œ
2025-04-11 21:28:09,912 - utils - INFO - í”„ë¡œê·¸ë¨ ì´ˆê¸°í™” ì™„ë£Œ
2025-04-11 21:28:20,678 - data_collector - ERROR - Error collecting news: NaTType does not support strftime
2025-04-11 21:28:33,291 - market_analyzer - WARNING - ì£¼ìš” ì‹œì¥ ë‰´ìŠ¤ ì„¹ì…˜ ìƒì„± ì‹¤íŒ¨: ë°ì´í„° ëˆ„ë½
2025-04-11 21:29:18,269 - utils - ERROR - í”„ë¡œê·¸ë¨ ì‹¤í–‰ ì¤‘ ì˜¤ë¥˜ ë°œìƒ: ë¸”ë¡œê·¸ í¬ìŠ¤íŒ… ì‹¤íŒ¨
Traceback (most recent call last):
  File "c:\Users\aaa\code\blog_stock\blog\src\main.py", line 130, in main
    raise Exception("ë¸”ë¡œê·¸ í¬ìŠ¤íŒ… ì‹¤íŒ¨")
Exception: ë¸”ë¡œê·¸ í¬ìŠ¤íŒ… ì‹¤íŒ¨
2025-04-11 21:31:08,776 - utils - INFO - í”„ë¡œê·¸ë¨ ì´ˆê¸°í™” ì™„ë£Œ
2025-04-11 21:32:09,358 - utils - ERROR - í”„ë¡œê·¸ë¨ ì‹¤í–‰ ì¤‘ ì˜¤ë¥˜ ë°œìƒ: ë¸”ë¡œê·¸ í¬ìŠ¤íŒ… ì‹¤íŒ¨
Traceback (most recent call last):
  File "c:\Users\aaa\code\blog_stock\blog\src\main.py", line 130, in main
    raise Exception("ë¸”ë¡œê·¸ í¬ìŠ¤íŒ… ì‹¤íŒ¨")
Exception: ë¸”ë¡œê·¸ í¬ìŠ¤íŒ… ì‹¤íŒ¨
2025-04-11 21:33:29,265 - utils - INFO - í”„ë¡œê·¸ë¨ ì´ˆê¸°í™” ì™„ë£Œ
2025-04-11 21:34:27,418 - utils - ERROR - í”„ë¡œê·¸ë¨ ì‹¤í–‰ ì¤‘ ì˜¤ë¥˜ ë°œìƒ: ë¸”ë¡œê·¸ í¬ìŠ¤íŒ… ì‹¤íŒ¨
Traceback (most recent call last):
  File "c:\Users\aaa\code\blog_stock\blog\src\main.py", line 130, in main
    raise Exception("ë¸”ë¡œê·¸ í¬ìŠ¤íŒ… ì‹¤íŒ¨")
Exception: ë¸”ë¡œê·¸ í¬ìŠ¤íŒ… ì‹¤íŒ¨
2025-04-11 21:35:24,386 - utils - INFO - í”„ë¡œê·¸ë¨ ì´ˆê¸°í™” ì™„ë£Œ
2025-04-11 21:36:26,955 - utils - ERROR - í”„ë¡œê·¸ë¨ ì‹¤í–‰ ì¤‘ ì˜¤ë¥˜ ë°œìƒ: ë¸”ë¡œê·¸ í¬ìŠ¤íŒ… ì‹¤íŒ¨
Traceback (most recent call last):
  File "c:\Users\aaa\code\blog_stock\blog\src\main.py", line 130, in main
    raise Exception("ë¸”ë¡œê·¸ í¬ìŠ¤íŒ… ì‹¤íŒ¨")
Exception: ë¸”ë¡œê·¸ í¬ìŠ¤íŒ… ì‹¤íŒ¨
2025-04-11 21:37:08,712 - utils - INFO - í”„ë¡œê·¸ë¨ ì´ˆê¸°í™” ì™„ë£Œ
2025-04-11 21:38:10,802 - utils - ERROR - í”„ë¡œê·¸ë¨ ì‹¤í–‰ ì¤‘ ì˜¤ë¥˜ ë°œìƒ: ë¸”ë¡œê·¸ í¬ìŠ¤íŒ… ì‹¤íŒ¨
Traceback (most recent call last):
  File "c:\Users\aaa\code\blog_stock\blog\src\main.py", line 130, in main
    raise Exception("ë¸”ë¡œê·¸ í¬ìŠ¤íŒ… ì‹¤íŒ¨")
Exception: ë¸”ë¡œê·¸ í¬ìŠ¤íŒ… ì‹¤íŒ¨
2025-04-11 21:39:51,056 - utils - INFO - í”„ë¡œê·¸ë¨ ì´ˆê¸°í™” ì™„ë£Œ
2025-04-11 21:40:57,496 - utils - ERROR - í”„ë¡œê·¸ë¨ ì‹¤í–‰ ì¤‘ ì˜¤ë¥˜ ë°œìƒ: ë¸”ë¡œê·¸ í¬ìŠ¤íŒ… ì‹¤íŒ¨
Traceback (most recent call last):
  File "c:\Users\aaa\code\blog_stock\blog\src\main.py", line 130, in main
    raise Exception("ë¸”ë¡œê·¸ í¬ìŠ¤íŒ… ì‹¤íŒ¨")
Exception: ë¸”ë¡œê·¸ í¬ìŠ¤íŒ… ì‹¤íŒ¨
2025-04-11 21:44:04,956 - utils - INFO - í”„ë¡œê·¸ë¨ ì´ˆê¸°í™” ì™„ë£Œ
2025-04-11 21:45:09,303 - utils - ERROR - í”„ë¡œê·¸ë¨ ì‹¤í–‰ ì¤‘ ì˜¤ë¥˜ ë°œìƒ: ë¸”ë¡œê·¸ í¬ìŠ¤íŒ… ì‹¤íŒ¨
Traceback (most recent call last):
  File "c:\Users\aaa\code\blog_stock\blog\src\main.py", line 130, in main
    raise Exception("ë¸”ë¡œê·¸ í¬ìŠ¤íŒ… ì‹¤íŒ¨")
Exception: ë¸”ë¡œê·¸ í¬ìŠ¤íŒ… ì‹¤íŒ¨
2025-04-11 22:18:41,713 - utils - INFO - í”„ë¡œê·¸ë¨ ì´ˆê¸°í™” ì™„ë£Œ
2025-04-11 22:19:43,831 - utils - ERROR - í”„ë¡œê·¸ë¨ ì‹¤í–‰ ì¤‘ ì˜¤ë¥˜ ë°œìƒ: ë¸”ë¡œê·¸ í¬ìŠ¤íŒ… ì‹¤íŒ¨
Traceback (most recent call last):
  File "c:\Users\aaa\code\blog_stock\blog\src\main.py", line 130, in main
    raise Exception("ë¸”ë¡œê·¸ í¬ìŠ¤íŒ… ì‹¤íŒ¨")
Exception: ë¸”ë¡œê·¸ í¬ìŠ¤íŒ… ì‹¤íŒ¨
2025-04-11 22:20:35,268 - utils - INFO - í”„ë¡œê·¸ë¨ ì´ˆê¸°í™” ì™„ë£Œ
2025-04-11 22:21:36,690 - utils - ERROR - í”„ë¡œê·¸ë¨ ì‹¤í–‰ ì¤‘ ì˜¤ë¥˜ ë°œìƒ: ë¸”ë¡œê·¸ í¬ìŠ¤íŒ… ì‹¤íŒ¨
Traceback (most recent call last):
  File "c:\Users\aaa\code\blog_stock\blog\src\main.py", line 130, in main
    raise Exception("ë¸”ë¡œê·¸ í¬ìŠ¤íŒ… ì‹¤íŒ¨")
Exception: ë¸”ë¡œê·¸ í¬ìŠ¤íŒ… ì‹¤íŒ¨
2025-04-11 22:22:58,207 - utils - INFO - í”„ë¡œê·¸ë¨ ì´ˆê¸°í™” ì™„ë£Œ
2025-04-11 22:24:01,976 - utils - ERROR - í”„ë¡œê·¸ë¨ ì‹¤í–‰ ì¤‘ ì˜¤ë¥˜ ë°œìƒ: ë¸”ë¡œê·¸ í¬ìŠ¤íŒ… ì‹¤íŒ¨
Traceback (most recent call last):
  File "c:\Users\aaa\code\blog_stock\blog\src\main.py", line 130, in main
    raise Exception("ë¸”ë¡œê·¸ í¬ìŠ¤íŒ… ì‹¤íŒ¨")
Exception: ë¸”ë¡œê·¸ í¬ìŠ¤íŒ… ì‹¤íŒ¨
2025-04-11 22:24:44,133 - utils - INFO - í”„ë¡œê·¸ë¨ ì´ˆê¸°í™” ì™„ë£Œ
2025-04-11 22:25:35,500 - utils - ERROR - í”„ë¡œê·¸ë¨ ì‹¤í–‰ ì¤‘ ì˜¤ë¥˜ ë°œìƒ: ë¸”ë¡œê·¸ í¬ìŠ¤íŒ… ì‹¤íŒ¨
Traceback (most recent call last):
  File "c:\Users\aaa\code\blog_stock\blog\src\main.py", line 130, in main
    raise Exception("ë¸”ë¡œê·¸ í¬ìŠ¤íŒ… ì‹¤íŒ¨")
Exception: ë¸”ë¡œê·¸ í¬ìŠ¤íŒ… ì‹¤íŒ¨
2025-04-11 22:25:39,551 - urllib3.connectionpool - WARNING - Retrying (Retry(total=2, connect=None, read=None, redirect=None, status=None)) after connection broken by 'NewConnectionError('<urllib3.connection.HTTPConnection object at 0x00000186232B6350>: Failed to establish a new connection: [WinError 10061] ëŒ€ìƒ ì»´í“¨í„°ì—ì„œ ì—°ê²°ì„ ê±°ë¶€í–ˆìœ¼ë¯€ë¡œ ì—°ê²°í•˜ì§€ ëª»í–ˆìŠµë‹ˆë‹¤')': /session/3bcc9853b29347d63777b0252dcf8036
2025-04-11 22:25:43,595 - urllib3.connectionpool - WARNING - Retrying (Retry(total=1, connect=None, read=None, redirect=None, status=None)) after connection broken by 'NewConnectionError('<urllib3.connection.HTTPConnection object at 0x00000186232B7390>: Failed to establish a new connection: [WinError 10061] ëŒ€ìƒ ì»´í“¨í„°ì—ì„œ ì—°ê²°ì„ ê±°ë¶€í–ˆìœ¼ë¯€ë¡œ ì—°ê²°í•˜ì§€ ëª»í–ˆìŠµë‹ˆë‹¤')': /session/3bcc9853b29347d63777b0252dcf8036
2025-04-11 22:25:47,641 - urllib3.connectionpool - WARNING - Retrying (Retry(total=0, connect=None, read=None, redirect=None, status=None)) after connection broken by 'NewConnectionError('<urllib3.connection.HTTPConnection object at 0x0000018623063E10>: Failed to establish a new connection: [WinError 10061] ëŒ€ìƒ ì»´í“¨í„°ì—ì„œ ì—°ê²°ì„ ê±°ë¶€í–ˆìœ¼ë¯€ë¡œ ì—°ê²°í•˜ì§€ ëª»í–ˆìŠµë‹ˆë‹¤')': /session/3bcc9853b29347d63777b0252dcf8036
2025-04-11 22:27:48,848 - utils - INFO - í”„ë¡œê·¸ë¨ ì´ˆê¸°í™” ì™„ë£Œ
2025-04-11 22:28:07,584 - utils - INFO - í”„ë¡œê·¸ë¨ ì´ˆê¸°í™” ì™„ë£Œ
2025-04-11 22:28:28,503 - market_analyzer - ERROR - Tag generation error: expected string or bytes-like object, got 'list'
2025-04-11 22:28:47,061 - utils - ERROR - í”„ë¡œê·¸ë¨ ì‹¤í–‰ ì¤‘ ì˜¤ë¥˜ ë°œìƒ: ë¸”ë¡œê·¸ í¬ìŠ¤íŒ… ì‹¤íŒ¨
Traceback (most recent call last):
  File "c:\Users\aaa\code\blog_stock\blog\src\main.py", line 132, in main
    raise Exception("ë¸”ë¡œê·¸ í¬ìŠ¤íŒ… ì‹¤íŒ¨")
Exception: ë¸”ë¡œê·¸ í¬ìŠ¤íŒ… ì‹¤íŒ¨
2025-04-11 22:29:30,583 - utils - INFO - í”„ë¡œê·¸ë¨ ì´ˆê¸°í™” ì™„ë£Œ
2025-04-11 22:29:49,752 - market_analyzer - ERROR - Tag generation error: expected string or bytes-like object, got 'list'
2025-04-11 22:30:42,219 - utils - ERROR - í”„ë¡œê·¸ë¨ ì‹¤í–‰ ì¤‘ ì˜¤ë¥˜ ë°œìƒ: ë¸”ë¡œê·¸ í¬ìŠ¤íŒ… ì‹¤íŒ¨
Traceback (most recent call last):
  File "c:\Users\aaa\code\blog_stock\blog\src\main.py", line 132, in main
    raise Exception("ë¸”ë¡œê·¸ í¬ìŠ¤íŒ… ì‹¤íŒ¨")
Exception: ë¸”ë¡œê·¸ í¬ìŠ¤íŒ… ì‹¤íŒ¨
2025-04-11 22:43:53,843 - utils - INFO - í”„ë¡œê·¸ë¨ ì´ˆê¸°í™” ì™„ë£Œ
2025-04-11 22:44:36,124 - utils - ERROR - í”„ë¡œê·¸ë¨ ì‹¤í–‰ ì¤‘ ì˜¤ë¥˜ ë°œìƒ: ë¸”ë¡œê·¸ í¬ìŠ¤íŒ… ì‹¤íŒ¨
Traceback (most recent call last):
  File "c:\Users\aaa\code\blog_stock\blog\src\main.py", line 131, in main
    raise Exception("ë¸”ë¡œê·¸ í¬ìŠ¤íŒ… ì‹¤íŒ¨")
Exception: ë¸”ë¡œê·¸ í¬ìŠ¤íŒ… ì‹¤íŒ¨
2025-04-11 22:46:11,376 - utils - INFO - í”„ë¡œê·¸ë¨ ì´ˆê¸°í™” ì™„ë£Œ
2025-04-11 22:47:36,692 - utils - ERROR - í”„ë¡œê·¸ë¨ ì‹¤í–‰ ì¤‘ ì˜¤ë¥˜ ë°œìƒ: ë¸”ë¡œê·¸ í¬ìŠ¤íŒ… ì‹¤íŒ¨
Traceback (most recent call last):
  File "c:\Users\aaa\code\blog_stock\blog\src\main.py", line 131, in main
    raise Exception("ë¸”ë¡œê·¸ í¬ìŠ¤íŒ… ì‹¤íŒ¨")
Exception: ë¸”ë¡œê·¸ í¬ìŠ¤íŒ… ì‹¤íŒ¨
2025-04-11 22:49:06,545 - utils - INFO - í”„ë¡œê·¸ë¨ ì´ˆê¸°í™” ì™„ë£Œ
2025-04-11 22:49:52,677 - utils - ERROR - í”„ë¡œê·¸ë¨ ì‹¤í–‰ ì¤‘ ì˜¤ë¥˜ ë°œìƒ: ë¸”ë¡œê·¸ í¬ìŠ¤íŒ… ì‹¤íŒ¨
Traceback (most recent call last):
  File "c:\Users\aaa\code\blog_stock\blog\src\main.py", line 131, in main
    raise Exception("ë¸”ë¡œê·¸ í¬ìŠ¤íŒ… ì‹¤íŒ¨")
Exception: ë¸”ë¡œê·¸ í¬ìŠ¤íŒ… ì‹¤íŒ¨
2025-04-11 22:52:19,439 - utils - INFO - í”„ë¡œê·¸ë¨ ì´ˆê¸°í™” ì™„ë£Œ
2025-04-11 22:53:03,060 - utils - ERROR - í”„ë¡œê·¸ë¨ ì‹¤í–‰ ì¤‘ ì˜¤ë¥˜ ë°œìƒ: ë¸”ë¡œê·¸ í¬ìŠ¤íŒ… ì‹¤íŒ¨
Traceback (most recent call last):
  File "c:\Users\aaa\code\blog_stock\blog\src\main.py", line 126, in main
    raise Exception("ë¸”ë¡œê·¸ í¬ìŠ¤íŒ… ì‹¤íŒ¨")
Exception: ë¸”ë¡œê·¸ í¬ìŠ¤íŒ… ì‹¤íŒ¨
2025-04-11 22:54:36,312 - utils - INFO - í”„ë¡œê·¸ë¨ ì´ˆê¸°í™” ì™„ë£Œ
2025-04-11 22:55:52,646 - utils - ERROR - í”„ë¡œê·¸ë¨ ì‹¤í–‰ ì¤‘ ì˜¤ë¥˜ ë°œìƒ: ë¸”ë¡œê·¸ í¬ìŠ¤íŒ… ì‹¤íŒ¨
Traceback (most recent call last):
  File "c:\Users\aaa\code\blog_stock\blog\src\main.py", line 126, in main
    raise Exception("ë¸”ë¡œê·¸ í¬ìŠ¤íŒ… ì‹¤íŒ¨")
Exception: ë¸”ë¡œê·¸ í¬ìŠ¤íŒ… ì‹¤íŒ¨
2025-04-11 22:58:13,163 - utils - INFO - í”„ë¡œê·¸ë¨ ì´ˆê¸°í™” ì™„ë£Œ
2025-04-11 23:05:41,370 - utils - ERROR - í”„ë¡œê·¸ë¨ ì‹¤í–‰ ì¤‘ ì˜¤ë¥˜ ë°œìƒ: ë¸”ë¡œê·¸ í¬ìŠ¤íŒ… ì‹¤íŒ¨
Traceback (most recent call last):
  File "c:\Users\aaa\code\blog_stock\blog\src\main.py", line 126, in main
    raise Exception("ë¸”ë¡œê·¸ í¬ìŠ¤íŒ… ì‹¤íŒ¨")
Exception: ë¸”ë¡œê·¸ í¬ìŠ¤íŒ… ì‹¤íŒ¨
2025-04-11 23:08:12,691 - utils - INFO - í”„ë¡œê·¸ë¨ ì´ˆê¸°í™” ì™„ë£Œ
2025-04-11 23:10:49,000 - utils - ERROR - í”„ë¡œê·¸ë¨ ì‹¤í–‰ ì¤‘ ì˜¤ë¥˜ ë°œìƒ: ë¸”ë¡œê·¸ í¬ìŠ¤íŒ… ì‹¤íŒ¨
Traceback (most recent call last):
  File "c:\Users\aaa\code\blog_stock\blog\src\main.py", line 126, in main
    raise Exception("ë¸”ë¡œê·¸ í¬ìŠ¤íŒ… ì‹¤íŒ¨")
Exception: ë¸”ë¡œê·¸ í¬ìŠ¤íŒ… ì‹¤íŒ¨
2025-04-11 23:10:57,474 - utils - INFO - í”„ë¡œê·¸ë¨ ì´ˆê¸°í™” ì™„ë£Œ
2025-04-11 23:21:33,701 - utils - INFO - í”„ë¡œê·¸ë¨ ì´ˆê¸°í™” ì™„ë£Œ
2025-04-11 23:29:47,316 - utils - ERROR - í”„ë¡œê·¸ë¨ ì‹¤í–‰ ì¤‘ ì˜¤ë¥˜ ë°œìƒ: ë¸”ë¡œê·¸ í¬ìŠ¤íŒ… ì‹¤íŒ¨
Traceback (most recent call last):
  File "c:\Users\aaa\code\blog_stock\blog\src\main.py", line 126, in main
    except Exception as e:
            ^^^^^^^^^^^^^^
Exception: ë¸”ë¡œê·¸ í¬ìŠ¤íŒ… ì‹¤íŒ¨
2025-04-11 23:31:04,543 - utils - INFO - ì‘ì—… ì‹œì‘: 2025-04-11 23:31:04
2025-04-11 23:39:25,083 - utils - INFO - í¬ìŠ¤íŒ… ì„±ê³µ: '[ì¢…ëª©ì¶”ì²œ] 2025-04-11 ì˜¤ëŠ˜ì˜ ì¶”ì²œì¢…ëª©'
2025-04-11 23:39:27,491 - utils - INFO - ì‘ì—… ì¢…ë£Œ. ì†Œìš” ì‹œê°„: 0:08:22.951511
2025-04-11 23:43:09,675 - utils - INFO - ì‘ì—… ì‹œì‘: 2025-04-11 23:43:09
2025-04-11 23:43:28,307 - market_analyzer - ERROR - ì¢…ëª© MSPR ì²˜ë¦¬ ì¤‘ ì˜¤ë¥˜: can only concatenate str (not "int") to str
2025-04-11 23:43:28,307 - market_analyzer - ERROR - ì¢…ëª© BON ì²˜ë¦¬ ì¤‘ ì˜¤ë¥˜: can only concatenate str (not "int") to str
2025-04-11 23:43:28,307 - market_analyzer - ERROR - ì¢…ëª© BGLC ì²˜ë¦¬ ì¤‘ ì˜¤ë¥˜: can only concatenate str (not "int") to str
2025-04-11 23:43:28,308 - market_analyzer - ERROR - ì¢…ëª© SMMT ì²˜ë¦¬ ì¤‘ ì˜¤ë¥˜: can only concatenate str (not "int") to str
2025-04-11 23:43:28,308 - market_analyzer - ERROR - ì¢…ëª© RXRX ì²˜ë¦¬ ì¤‘ ì˜¤ë¥˜: can only concatenate str (not "int") to str
2025-04-11 23:44:41,299 - utils - ERROR - í¬ìŠ¤íŒ… ì‹¤íŒ¨: '[ì¢…ëª©ì¶”ì²œ] 2025-04-11 ì˜¤ëŠ˜ì˜ ì¶”ì²œì¢…ëª©'
2025-04-11 23:44:43,555 - utils - INFO - ì‘ì—… ì¢…ë£Œ. ì†Œìš” ì‹œê°„: 0:01:33.884195
2025-04-11 23:45:03,903 - utils - INFO - ì‘ì—… ì‹œì‘: 2025-04-11 23:45:03
2025-04-11 23:54:21,028 - utils - INFO - í¬ìŠ¤íŒ… ì„±ê³µ: '[ì¢…ëª©ì¶”ì²œ] 2025-04-11 ì˜¤ëŠ˜ì˜ ì¶”ì²œì¢…ëª©'
2025-04-11 23:54:23,470 - utils - INFO - ì‘ì—… ì¢…ë£Œ. ì†Œìš” ì‹œê°„: 0:09:19.570726
2025-04-11 23:57:11,494 - utils - INFO - ìŠ¤ì¼€ì¤„ëŸ¬ ì‹œì‘ ë° ì´ˆê¸° ë¡œê±° ì„¤ì • ì™„ë£Œ
